../Core/25lcxx_driver/25LCxx_driver_basic.c:42:9:e_25LCxx_basic_initialize	24	static
../Core/25lcxx_driver/25LCxx_driver_basic.c:117:9:e_25LCxx_basic_write_byte	16	static
../Core/25lcxx_driver/25LCxx_driver_basic.c:142:9:e_25LCxx_basic_put_byte	16	static
../Core/25lcxx_driver/25LCxx_driver_basic.c:167:9:e_25LCxx_basic_read_byte	16	static
../Core/25lcxx_driver/25LCxx_driver_basic.c:188:9:e_25LCxx_basic_get_byte	16	static
../Core/25lcxx_driver/25LCxx_driver_basic.c:207:9:e_25LCxx_basic_update	48	dynamic
../Core/25lcxx_driver/25LCxx_driver_basic.c:243:9:e_25LCxx_basic_erase_page	16	static
../Core/25lcxx_driver/25LCxx_driver_basic.c:268:9:e_25LCxx_basic_erase_sector	32	static
../Core/25lcxx_driver/25LCxx_driver_basic.c:315:9:e_25LCxx_basic_chip_erase	24	static
../Core/25lcxx_driver/25LCxx_driver_basic.c:356:9:e_25LCxx_basic_set_deep_power_down_mode	8	static
../Core/25lcxx_driver/25LCxx_driver_basic.c:373:9:e_25LCxx_basic_get_manufacture_id	16	static
../Core/25lcxx_driver/25LCxx_driver_basic.c:389:10:e_25LCxx_basic_get_eeprom_legth	8	static
../Core/25lcxx_driver/25LCxx_driver_basic.c:409:9:e_25LCxx_basic_get_wip_status	16	static
../Core/25lcxx_driver/25LCxx_driver_basic.c:435:9:e_25LCxx_basic_get_wel_status	16	static
../Core/25lcxx_driver/25LCxx_driver_basic.c:452:9:e_25LCxx_basic_set_bp_status	16	static
../Core/25lcxx_driver/25LCxx_driver_basic.c:469:9:e_25LCxx_basic_get_bp_status	16	static
../Core/25lcxx_driver/25LCxx_driver_basic.c:489:9:e_25LCxx_basic_get_write_protect_enable	16	static
../Core/25lcxx_driver/25LCxx_driver_basic.c:508:9:e_25LCxx_basic_get_memory_properties	40	static
