../Core/25lcxx_driver/25LCxx_driver.c:58:9:a_e25lcxx_spi_write	24	static
../Core/25lcxx_driver/25LCxx_driver.c:79:9:a_e25lcxx_spi_read	24	static
../Core/25lcxx_driver/25LCxx_driver.c:97:9:E_25LCxx_init	16	static
../Core/25lcxx_driver/25LCxx_driver.c:179:9:E_25LCxx_deinit	16	static
../Core/25lcxx_driver/25LCxx_driver.c:207:9:E_25LCxx_set_variant	16	static
../Core/25lcxx_driver/25LCxx_driver.c:235:9:E_25LCxx_get_variant	16	static
../Core/25lcxx_driver/25LCxx_driver.c:263:9:E_25LCxx_set_page_size	16	static
../Core/25lcxx_driver/25LCxx_driver.c:292:9:E_25LCxx_get_page_size	16	static
../Core/25lcxx_driver/25LCxx_driver.c:320:9:E_25LCxx_get_wip_status	24	static
../Core/25lcxx_driver/25LCxx_driver.c:355:9:E_25LCxx_get_wel_status	24	static
../Core/25lcxx_driver/25LCxx_driver.c:389:9:E_25LCxx_set_bp_status	24	static
../Core/25lcxx_driver/25LCxx_driver.c:444:9:E_25LCxx_get_bp_status	24	static
../Core/25lcxx_driver/25LCxx_driver.c:478:9:E_25LCxx_set_write_protect_enable	24	static
../Core/25lcxx_driver/25LCxx_driver.c:535:9:E_25LCxx_get_write_protect_enable	24	static
../Core/25lcxx_driver/25LCxx_driver.c:575:9:E_25LCxx_write_byte	32	static
../Core/25lcxx_driver/25LCxx_driver.c:638:9:E_25LCXX_put_byte	80	dynamic
../Core/25lcxx_driver/25LCxx_driver.c:698:9:E_25LCxx_read_byte	32	static
../Core/25lcxx_driver/25LCxx_driver.c:748:9:E_25LCXX_get_byte	64	dynamic
../Core/25lcxx_driver/25LCxx_driver.c:800:9:E_25LCxx_erase_page	56	dynamic
../Core/25lcxx_driver/25LCxx_driver.c:867:9:E_25LCxx_erase_sector	24	static
../Core/25lcxx_driver/25LCxx_driver.c:920:9:E_25LCxx_erase_chip	24	static
../Core/25lcxx_driver/25LCxx_driver.c:961:9:E_25LCxx_set_deep_power_down_mode	24	static
../Core/25lcxx_driver/25LCxx_driver.c:994:9:E_25LCxx_get_manufacture_id	24	static
../Core/25lcxx_driver/25LCxx_driver.c:1028:9:E_25LCxx_check_bp_before_write	32	static
../Core/25lcxx_driver/25LCxx_driver.c:1103:9:E_25LCxxx_validate_address	24	static
../Core/25lcxx_driver/25LCxx_driver.c:1216:9:E_25LCXX_validate_page_boundary	40	static
../Core/25lcxx_driver/25LCxx_driver.c:1259:9:E_25LCxxx_validate_page	32	static
../Core/25lcxx_driver/25LCxx_driver.c:1376:9:E_25LCxx_get_legth	16	static
../Core/25lcxx_driver/25LCxx_driver.c:1436:9:E_25LCxx_set_reg	32	static
../Core/25lcxx_driver/25LCxx_driver.c:1465:9:E_25LCxx_get_reg	32	static
../Core/25lcxx_driver/25LCxx_driver.c:1490:9:E_25LCxx_info	16	static
