../Core/Src/main.c:125:5:main	32	static
../Core/Src/main.c:446:6:SystemClock_Config	96	static
../Core/Src/main.c:491:13:MX_SPI1_Init	8	static
../Core/Src/main.c:531:13:MX_USART2_UART_Init	8	static
../Core/Src/main.c:566:13:MX_GPIO_Init	40	static
../Core/Src/main.c:597:9:spi_write	16	static
../Core/Src/main.c:605:9:spi_read	16	static
../Core/Src/main.c:617:6:uart_transmit	16	static
../Core/Src/main.c:622:10:spi_write_gpio_cs	16	static
../Core/Src/main.c:634:6:Error_Handler	4	static,ignoring_inline_asm
