Archive member included to satisfy reference by file (symbol)

25lcxx_driver/lib25lcxx_driver.a(25LCxx_driver.c.obj)
                              CMakeFiles/25lcxx_eeprom.dir/main.c.obj (E_25LCxx_info)
25lcxx_driver/lib25lcxx_driver.a(25LCxx_driver_basic.c.obj)
                              CMakeFiles/25lcxx_eeprom.dir/main.c.obj (e_25LCxx_basic_initialize)
25lcxx_driver/lib25lcxx_driver.a(25LCxx_driver_interface.c.obj)
                              25lcxx_driver/lib25lcxx_driver.a(25LCxx_driver_basic.c.obj) (e_25LCxx_interface_spi_init)
c:/progra~1/raspbe~1/picosd~1.1/gcc-ar~1/bin/../lib/gcc/arm-none-eabi/10.3.1/thumb/v6-m/nofp\libgcc.a(_dvmd_tls.o)
                              CMakeFiles/25lcxx_eeprom.dir/C_/Program_Files/Raspberry_Pi/Pico_SDK_v1.5.1/pico-sdk/src/rp2_common/pico_divider/divider.S.obj (__aeabi_idiv0)
c:/progra~1/raspbe~1/picosd~1.1/gcc-ar~1/bin/../lib/gcc/arm-none-eabi/10.3.1/../../../../arm-none-eabi/lib/thumb/v6-m/nofp\libg.a(lib_a-calloc.o)
                              CMakeFiles/25lcxx_eeprom.dir/C_/Program_Files/Raspberry_Pi/Pico_SDK_v1.5.1/pico-sdk/src/rp2_common/pico_malloc/pico_malloc.c.obj (calloc)
c:/progra~1/raspbe~1/picosd~1.1/gcc-ar~1/bin/../lib/gcc/arm-none-eabi/10.3.1/../../../../arm-none-eabi/lib/thumb/v6-m/nofp\libg.a(lib_a-callocr.o)
                              c:/progra~1/raspbe~1/picosd~1.1/gcc-ar~1/bin/../lib/gcc/arm-none-eabi/10.3.1/../../../../arm-none-eabi/lib/thumb/v6-m/nofp\libg.a(lib_a-calloc.o) (_calloc_r)
c:/progra~1/raspbe~1/picosd~1.1/gcc-ar~1/bin/../lib/gcc/arm-none-eabi/10.3.1/../../../../arm-none-eabi/lib/thumb/v6-m/nofp\libg.a(lib_a-errno.o)
                              c:/progra~1/raspbe~1/picosd~1.1/gcc-ar~1/bin/../lib/gcc/arm-none-eabi/10.3.1/../../../../arm-none-eabi/lib/thumb/v6-m/nofp\libg.a(lib_a-callocr.o) (__errno)
c:/progra~1/raspbe~1/picosd~1.1/gcc-ar~1/bin/../lib/gcc/arm-none-eabi/10.3.1/../../../../arm-none-eabi/lib/thumb/v6-m/nofp\libg.a(lib_a-impure.o)
                              c:/progra~1/raspbe~1/picosd~1.1/gcc-ar~1/bin/../lib/gcc/arm-none-eabi/10.3.1/../../../../arm-none-eabi/lib/thumb/v6-m/nofp\libg.a(lib_a-calloc.o) (_impure_ptr)
c:/progra~1/raspbe~1/picosd~1.1/gcc-ar~1/bin/../lib/gcc/arm-none-eabi/10.3.1/../../../../arm-none-eabi/lib/thumb/v6-m/nofp\libg.a(lib_a-init.o)
                              c:/progra~1/raspbe~1/picosd~1.1/gcc-ar~1/bin/../lib/gcc/arm-none-eabi/10.3.1/../../../../arm-none-eabi/lib/thumb/v6-m/nofp/crt0.o (__libc_init_array)
c:/progra~1/raspbe~1/picosd~1.1/gcc-ar~1/bin/../lib/gcc/arm-none-eabi/10.3.1/../../../../arm-none-eabi/lib/thumb/v6-m/nofp\libg.a(lib_a-malloc.o)
                              CMakeFiles/25lcxx_eeprom.dir/C_/Program_Files/Raspberry_Pi/Pico_SDK_v1.5.1/pico-sdk/src/rp2_common/pico_malloc/pico_malloc.c.obj (malloc)
c:/progra~1/raspbe~1/picosd~1.1/gcc-ar~1/bin/../lib/gcc/arm-none-eabi/10.3.1/../../../../arm-none-eabi/lib/thumb/v6-m/nofp\libg.a(lib_a-mallocr.o)
                              c:/progra~1/raspbe~1/picosd~1.1/gcc-ar~1/bin/../lib/gcc/arm-none-eabi/10.3.1/../../../../arm-none-eabi/lib/thumb/v6-m/nofp\libg.a(lib_a-callocr.o) (_malloc_r)
c:/progra~1/raspbe~1/picosd~1.1/gcc-ar~1/bin/../lib/gcc/arm-none-eabi/10.3.1/../../../../arm-none-eabi/lib/thumb/v6-m/nofp\libg.a(lib_a-mlock.o)
                              c:/progra~1/raspbe~1/picosd~1.1/gcc-ar~1/bin/../lib/gcc/arm-none-eabi/10.3.1/../../../../arm-none-eabi/lib/thumb/v6-m/nofp\libg.a(lib_a-mallocr.o) (__malloc_lock)
c:/progra~1/raspbe~1/picosd~1.1/gcc-ar~1/bin/../lib/gcc/arm-none-eabi/10.3.1/../../../../arm-none-eabi/lib/thumb/v6-m/nofp\libg.a(lib_a-realloc.o)
                              CMakeFiles/25lcxx_eeprom.dir/C_/Program_Files/Raspberry_Pi/Pico_SDK_v1.5.1/pico-sdk/src/rp2_common/pico_malloc/pico_malloc.c.obj (realloc)
c:/progra~1/raspbe~1/picosd~1.1/gcc-ar~1/bin/../lib/gcc/arm-none-eabi/10.3.1/../../../../arm-none-eabi/lib/thumb/v6-m/nofp\libg.a(lib_a-reallocr.o)
                              c:/progra~1/raspbe~1/picosd~1.1/gcc-ar~1/bin/../lib/gcc/arm-none-eabi/10.3.1/../../../../arm-none-eabi/lib/thumb/v6-m/nofp\libg.a(lib_a-realloc.o) (_realloc_r)
c:/progra~1/raspbe~1/picosd~1.1/gcc-ar~1/bin/../lib/gcc/arm-none-eabi/10.3.1/../../../../arm-none-eabi/lib/thumb/v6-m/nofp\libg.a(lib_a-sbrkr.o)
                              c:/progra~1/raspbe~1/picosd~1.1/gcc-ar~1/bin/../lib/gcc/arm-none-eabi/10.3.1/../../../../arm-none-eabi/lib/thumb/v6-m/nofp\libg.a(lib_a-mallocr.o) (_sbrk_r)
c:/progra~1/raspbe~1/picosd~1.1/gcc-ar~1/bin/../lib/gcc/arm-none-eabi/10.3.1/../../../../arm-none-eabi/lib/thumb/v6-m/nofp\libg.a(lib_a-strlen-stub.o)
                              CMakeFiles/25lcxx_eeprom.dir/C_/Program_Files/Raspberry_Pi/Pico_SDK_v1.5.1/pico-sdk/src/rp2_common/pico_stdio/stdio.c.obj (strlen)
c:/progra~1/raspbe~1/picosd~1.1/gcc-ar~1/bin/../lib/gcc/arm-none-eabi/10.3.1/../../../../arm-none-eabi/lib/thumb/v6-m/nofp\libg.a(lib_a-strncpy.o)
                              25lcxx_driver/lib25lcxx_driver.a(25LCxx_driver.c.obj) (strncpy)
[...]
Memory Configuration

Name             Origin             Length             Attributes
FLASH            0x10000000         0x00200000         xr
RAM              0x20000000         0x00040000         xrw
SCRATCH_X        0x20040000         0x00001000         xrw
SCRATCH_Y        0x20041000         0x00001000         xrw
*default*        0x00000000         0xffffffff

Linker script and memory map

LOAD c:/progra~1/raspbe~1/picosd~1.1/gcc-ar~1/bin/../lib/gcc/arm-none-eabi/10.3.1/thumb/v6-m/nofp/crti.o
LOAD c:/progra~1/raspbe~1/picosd~1.1/gcc-ar~1/bin/../lib/gcc/arm-none-eabi/10.3.1/thumb/v6-m/nofp/crtbegin.o
LOAD c:/progra~1/raspbe~1/picosd~1.1/gcc-ar~1/bin/../lib/gcc/arm-none-eabi/10.3.1/../../../../arm-none-eabi/lib/thumb/v6-m/nofp/crt0.o

.flash_begin    0x10000000        0x0
                0x10000000                __flash_binary_start = .

.boot2          0x10000000      0x100
                0x10000000                __boot2_start__ = .
 *(.boot2)
 .boot2         0x10000000      0x100 C:\Users\cedricm\AppData\Local\Temp\ccoavpZm.o
                0x10000100                __boot2_end__ = .
                0x00000001                ASSERT (((__boot2_end__ - __boot2_start__) == 0x100), ERROR: Pico second stage bootloader must be 256 bytes in size)

.text           0x10000100     0x87b8
                0x10000100                __logical_binary_start = .
 *(.vectors)
 .vectors       0x10000100       0xd4 CMakeFiles/25lcxx_eeprom.dir/C_/Program_Files/Raspberry_Pi/Pico_SDK_v1.5.1/pico-sdk/src/rp2_common/pico_standard_link/crt0.S.obj
                0x10000100                __VECTOR_TABLE
                0x10000100                __vectors
                0x100001c0                isr_invalid
                0x100001c0                __default_isrs_start
                0x100001c2                isr_nmi
                0x100001c4                isr_hardfault
                0x100001c6                isr_svcall
                0x100001c8                isr_pendsv
                0x100001ca                isr_systick
                0x100001cc                isr_irq23
                0x100001cc                isr_irq18
                0x100001cc                isr_irq11
                0x100001cc                isr_irq28
                0x100001cc                isr_irq19
                0x100001cc                isr_irq0
                0x100001cc                isr_irq6
                0x100001cc                isr_irq5
                0x100001cc                isr_irq12
                0x100001cc                isr_irq22
                0x100001cc                isr_irq31
                0x100001cc                isr_irq17
                0x100001cc                isr_irq27
                0x100001cc                isr_irq30
                0x100001cc                isr_irq2
                0x100001cc                isr_irq10
                0x100001cc                isr_irq8
                0x100001cc                isr_irq24
                0x100001cc                isr_irq1
                0x100001cc                isr_irq7
                0x100001cc                isr_irq21
                0x100001cc                isr_irq20
                0x100001cc                isr_irq15
                0x100001cc                isr_irq25
                0x100001cc                isr_irq13
                0x100001cc                __unhandled_user_irq
                0x100001cc                isr_irq4
                0x100001cc                isr_irq16
                0x100001cc                isr_irq29
                0x100001cc                isr_irq26
                0x100001cc                __default_isrs_end
                0x100001cc                isr_irq3
                0x100001cc                isr_irq14
                0x100001cc                isr_irq9
                0x100001d2                unhandled_user_irq_num_in_r0
 *(.binary_info_header)
 .binary_info_header
                0x100001d4       0x14 CMakeFiles/25lcxx_eeprom.dir/C_/Program_Files/Raspberry_Pi/Pico_SDK_v1.5.1/pico-sdk/src/rp2_common/pico_standard_link/crt0.S.obj
                0x100001e8                __binary_info_header_end = .
 *(.reset)
 .reset         0x100001e8       0xa0 CMakeFiles/25lcxx_eeprom.dir/C_/Program_Files/Raspberry_Pi/Pico_SDK_v1.5.1/pico-sdk/src/rp2_common/pico_standard_link/crt0.S.obj
                0x100001e8                _entry_point
 .reset         0x10000288       0x30 CMakeFiles/25lcxx_eeprom.dir/C_/Program_Files/Raspberry_Pi/Pico_SDK_v1.5.1/pico-sdk/src/rp2_common/pico_standard_link/binary_info.c.obj
 *(.init)
 .init          0x100002b8        0x4 c:/progra~1/raspbe~1/picosd~1.1/gcc-ar~1/bin/../lib/gcc/arm-none-eabi/10.3.1/thumb/v6-m/nofp/crti.o
                0x100002b8                _init
 *(EXCLUDE_FILE(*libm.a: *libc.a:*lib_a-mem*.o *libgcc.a:) .text*)
 .text          0x100002bc       0x48 c:/progra~1/raspbe~1/picosd~1.1/gcc-ar~1/bin/../lib/gcc/arm-none-eabi/10.3.1/thumb/v6-m/nofp/crtbegin.o
 .text.main     0x10000304      0x27c CMakeFiles/25lcxx_eeprom.dir/main.c.obj
                0x10000304                main
 .text.spi_transmit
                0x10000580       0x30 CMakeFiles/25lcxx_eeprom.dir/main.c.obj
                0x10000580                spi_transmit
 .text.spi_receive
                0x100005b0       0x40 CMakeFiles/25lcxx_eeprom.dir/main.c.obj
                0x100005b0                spi_receive
 .text.spi_chip_select
                0x100005f0       0x28 CMakeFiles/25lcxx_eeprom.dir/main.c.obj
                0x100005f0                spi_chip_select
 .text.gpio_set_function
                0x10000618       0x30 CMakeFiles/25lcxx_eeprom.dir/C_/Program_Files/Raspberry_Pi/Pico_SDK_v1.5.1/pico-sdk/src/rp2_common/hardware_gpio/gpio.c.obj
                0x10000618                gpio_set_function
 .text.gpio_init
                0x10000648       0x16 CMakeFiles/25lcxx_eeprom.dir/C_/Program_Files/Raspberry_Pi/Pico_SDK_v1.5.1/pico-sdk/src/rp2_common/hardware_gpio/gpio.c.obj
                0x10000648                gpio_init
 *fill*         0x1000065e        0x2 
 .text.running_on_fpga
                0x10000660       0x14 CMakeFiles/25lcxx_eeprom.dir/C_/Program_Files/Raspberry_Pi/Pico_SDK_v1.5.1/pico-sdk/src/rp2_common/pico_platform/platform.c.obj
                0x10000660                running_on_fpga
 .text.hw_claim_lock
                0x10000674       0x18 CMakeFiles/25lcxx_eeprom.dir/C_/Program_Files/Raspberry_Pi/Pico_SDK_v1.5.1/pico-sdk/src/rp2_common/hardware_claim/claim.c.obj
                0x10000674                hw_claim_lock
 .text.hw_claim_unlock
                0x1000068c       0x14 CMakeFiles/25lcxx_eeprom.dir/C_/Program_Files/Raspberry_Pi/Pico_SDK_v1.5.1/pico-sdk/src/rp2_common/hardware_claim/claim.c.obj
                0x1000068c                hw_claim_unlock
 .text.hw_claim_or_assert
                0x100006a0       0x32 CMakeFiles/25lcxx_eeprom.dir/C_/Program_Files/Raspberry_Pi/Pico_SDK_v1.5.1/pico-sdk/src/rp2_common/hardware_claim/claim.c.obj
                0x100006a0                hw_claim_or_assert
 .text.hw_claim_unused_from_range
                0x100006d2       0x50 CMakeFiles/25lcxx_eeprom.dir/C_/Program_Files/Raspberry_Pi/Pico_SDK_v1.5.1/pico-sdk/src/rp2_common/hardware_claim/claim.c.obj
                0x100006d2                hw_claim_unused_from_range
 *fill*         0x10000722        0x2 
 .text.spin_locks_reset
                0x10000724       0x20 CMakeFiles/25lcxx_eeprom.dir/C_/Program_Files/Raspberry_Pi/Pico_SDK_v1.5.1/pico-sdk/src/rp2_common/hardware_sync/sync.c.obj
                0x10000724                spin_locks_reset
 .text.next_striped_spin_lock_num
                0x10000744       0x1c CMakeFiles/25lcxx_eeprom.dir/C_/Program_Files/Raspberry_Pi/Pico_SDK_v1.5.1/pico-sdk/src/rp2_common/hardware_sync/sync.c.obj
                0x10000744                next_striped_spin_lock_num
 .text.spin_lock_claim_unused
                0x10000760       0x20 CMakeFiles/25lcxx_eeprom.dir/C_/Program_Files/Raspberry_Pi/Pico_SDK_v1.5.1/pico-sdk/src/rp2_common/hardware_sync/sync.c.obj
                0x10000760                spin_lock_claim_unused
 .text.set_raw_irq_handler_and_unlock
                0x10000780       0x28 CMakeFiles/25lcxx_eeprom.dir/C_/Program_Files/Raspberry_Pi/Pico_SDK_v1.5.1/pico-sdk/src/rp2_common/hardware_irq/irq.c.obj
 .text.make_branch
                0x100007a8       0x48 CMakeFiles/25lcxx_eeprom.dir/C_/Program_Files/Raspberry_Pi/Pico_SDK_v1.5.1/pico-sdk/src/rp2_common/hardware_irq/irq.c.obj
 .text.insert_branch_and_link
                0x100007f0       0x40 CMakeFiles/25lcxx_eeprom.dir/C_/Program_Files/Raspberry_Pi/Pico_SDK_v1.5.1/pico-sdk/src/rp2_common/hardware_irq/irq.c.obj
 .text.irq_is_enabled
                0x10000830       0x18 CMakeFiles/25lcxx_eeprom.dir/C_/Program_Files/Raspberry_Pi/Pico_SDK_v1.5.1/pico-sdk/src/rp2_common/hardware_irq/irq.c.obj
                0x10000830                irq_is_enabled
 .text.irq_set_mask_enabled
                0x10000848       0x20 CMakeFiles/25lcxx_eeprom.dir/C_/Program_Files/Raspberry_Pi/Pico_SDK_v1.5.1/pico-sdk/src/rp2_common/hardware_irq/irq.c.obj
                0x10000848                irq_set_mask_enabled
 .text.irq_set_enabled
                0x10000868        0xe CMakeFiles/25lcxx_eeprom.dir/C_/Program_Files/Raspberry_Pi/Pico_SDK_v1.5.1/pico-sdk/src/rp2_common/hardware_irq/irq.c.obj
                0x10000868                irq_set_enabled
 *fill*         0x10000876        0x2 
 .text.irq_set_pending
                0x10000878       0x10 CMakeFiles/25lcxx_eeprom.dir/C_/Program_Files/Raspberry_Pi/Pico_SDK_v1.5.1/pico-sdk/src/rp2_common/hardware_irq/irq.c.obj
                0x10000878                irq_set_pending
 .text.irq_get_vtable_handler
                0x10000888       0x10 CMakeFiles/25lcxx_eeprom.dir/C_/Program_Files/Raspberry_Pi/Pico_SDK_v1.5.1/pico-sdk/src/rp2_common/hardware_irq/irq.c.obj
                0x10000888                irq_get_vtable_handler
 .text.irq_has_shared_handler
                0x10000898       0x24 CMakeFiles/25lcxx_eeprom.dir/C_/Program_Files/Raspberry_Pi/Pico_SDK_v1.5.1/pico-sdk/src/rp2_common/hardware_irq/irq.c.obj
                0x10000898                irq_has_shared_handler
 .text.irq_set_exclusive_handler
                0x100008bc       0x54 CMakeFiles/25lcxx_eeprom.dir/C_/Program_Files/Raspberry_Pi/Pico_SDK_v1.5.1/pico-sdk/src/rp2_common/hardware_irq/irq.c.obj
                0x100008bc                irq_set_exclusive_handler
 .text.irq_add_shared_handler
                0x10000910      0x234 CMakeFiles/25lcxx_eeprom.dir/C_/Program_Files/Raspberry_Pi/Pico_SDK_v1.5.1/pico-sdk/src/rp2_common/hardware_irq/irq.c.obj
                0x10000910                irq_add_shared_handler
 .text.irq_remove_handler
                0x10000b44      0x1ac CMakeFiles/25lcxx_eeprom.dir/C_/Program_Files/Raspberry_Pi/Pico_SDK_v1.5.1/pico-sdk/src/rp2_common/hardware_irq/irq.c.obj
                0x10000b44                irq_remove_handler
 .text.irq_add_tail_to_free_list
                0x10000cf0       0xf0 CMakeFiles/25lcxx_eeprom.dir/C_/Program_Files/Raspberry_Pi/Pico_SDK_v1.5.1/pico-sdk/src/rp2_common/hardware_irq/irq.c.obj
                0x10000cf0                irq_add_tail_to_free_list
 .text.irq_init_priorities
                0x10000de0       0x1c CMakeFiles/25lcxx_eeprom.dir/C_/Program_Files/Raspberry_Pi/Pico_SDK_v1.5.1/pico-sdk/src/rp2_common/hardware_irq/irq.c.obj
                0x10000de0                irq_init_priorities
 .text.user_irq_claim_unused
                0x10000dfc       0x28 CMakeFiles/25lcxx_eeprom.dir/C_/Program_Files/Raspberry_Pi/Pico_SDK_v1.5.1/pico-sdk/src/rp2_common/hardware_irq/irq.c.obj
                0x10000dfc                user_irq_claim_unused
 .text.lock_init
                0x10000e24       0x10 CMakeFiles/25lcxx_eeprom.dir/C_/Program_Files/Raspberry_Pi/Pico_SDK_v1.5.1/pico-sdk/src/common/pico_sync/lock_core.c.obj
                0x10000e24                lock_init
 .text.mutex_init
                0x10000e34       0x1a CMakeFiles/25lcxx_eeprom.dir/C_/Program_Files/Raspberry_Pi/Pico_SDK_v1.5.1/pico-sdk/src/common/pico_sync/mutex.c.obj
                0x10000e34                mutex_init
 .text.recursive_mutex_init
                0x10000e4e       0x1e CMakeFiles/25lcxx_eeprom.dir/C_/Program_Files/Raspberry_Pi/Pico_SDK_v1.5.1/pico-sdk/src/common/pico_sync/mutex.c.obj
                0x10000e4e                recursive_mutex_init
 .text.critical_section_init_with_lock_num
                0x10000e6c       0x14 CMakeFiles/25lcxx_eeprom.dir/C_/Program_Files/Raspberry_Pi/Pico_SDK_v1.5.1/pico-sdk/src/common/pico_sync/critical_section.c.obj
                0x10000e6c                critical_section_init_with_lock_num
 .text.critical_section_init
                0x10000e80       0x14 CMakeFiles/25lcxx_eeprom.dir/C_/Program_Files/Raspberry_Pi/Pico_SDK_v1.5.1/pico-sdk/src/common/pico_sync/critical_section.c.obj
                0x10000e80                critical_section_init
 .text.alarm_pool_post_alloc_init
                0x10000e94       0x40 CMakeFiles/25lcxx_eeprom.dir/C_/Program_Files/Raspberry_Pi/Pico_SDK_v1.5.1/pico-sdk/src/common/pico_time/time.c.obj
 .text.sleep_until_callback
                0x10000ed4       0x30 CMakeFiles/25lcxx_eeprom.dir/C_/Program_Files/Raspberry_Pi/Pico_SDK_v1.5.1/pico-sdk/src/common/pico_time/time.c.obj
 .text.timer_pool_entry_comparator
                0x10000f04       0x7c CMakeFiles/25lcxx_eeprom.dir/C_/Program_Files/Raspberry_Pi/Pico_SDK_v1.5.1/pico-sdk/src/common/pico_time/time.c.obj
                0x10000f04                timer_pool_entry_comparator
 .text.ph_add_child_node
                0x10000f80       0xa4 CMakeFiles/25lcxx_eeprom.dir/C_/Program_Files/Raspberry_Pi/Pico_SDK_v1.5.1/pico-sdk/src/common/pico_time/time.c.obj
 .text.ph_merge_nodes
                0x10001024       0x3e CMakeFiles/25lcxx_eeprom.dir/C_/Program_Files/Raspberry_Pi/Pico_SDK_v1.5.1/pico-sdk/src/common/pico_time/time.c.obj
 *fill*         0x10001062        0x2 
 .text.add_alarm_under_lock
                0x10001064      0x174 CMakeFiles/25lcxx_eeprom.dir/C_/Program_Files/Raspberry_Pi/Pico_SDK_v1.5.1/pico-sdk/src/common/pico_time/time.c.obj
 .text.alarm_pool_alarm_callback
                0x100011d8      0x33c CMakeFiles/25lcxx_eeprom.dir/C_/Program_Files/Raspberry_Pi/Pico_SDK_v1.5.1/pico-sdk/src/common/pico_time/time.c.obj
 .text.alarm_pool_init_default
                0x10001514       0x40 CMakeFiles/25lcxx_eeprom.dir/C_/Program_Files/Raspberry_Pi/Pico_SDK_v1.5.1/pico-sdk/src/common/pico_time/time.c.obj
                0x10001514                alarm_pool_init_default
 .text.alarm_pool_get_default
                0x10001554       0x2c CMakeFiles/25lcxx_eeprom.dir/C_/Program_Files/Raspberry_Pi/Pico_SDK_v1.5.1/pico-sdk/src/common/pico_time/time.c.obj
                0x10001554                alarm_pool_get_default
 .text.alarm_pool_add_alarm_at
                0x10001580      0x168 CMakeFiles/25lcxx_eeprom.dir/C_/Program_Files/Raspberry_Pi/Pico_SDK_v1.5.1/pico-sdk/src/common/pico_time/time.c.obj
                0x10001580                alarm_pool_add_alarm_at
 .text.alarm_pool_cancel_alarm
                0x100016e8       0xf8 CMakeFiles/25lcxx_eeprom.dir/C_/Program_Files/Raspberry_Pi/Pico_SDK_v1.5.1/pico-sdk/src/common/pico_time/time.c.obj
                0x100016e8                alarm_pool_cancel_alarm
 .text.alarm_pool_core_num
                0x100017e0        0x4 CMakeFiles/25lcxx_eeprom.dir/C_/Program_Files/Raspberry_Pi/Pico_SDK_v1.5.1/pico-sdk/src/common/pico_time/time.c.obj
                0x100017e0                alarm_pool_core_num
 .text.sleep_until
                0x100017e4       0xfc CMakeFiles/25lcxx_eeprom.dir/C_/Program_Files/Raspberry_Pi/Pico_SDK_v1.5.1/pico-sdk/src/common/pico_time/time.c.obj
                0x100017e4                sleep_until
 .text.sleep_us
                0x100018e0       0x58 CMakeFiles/25lcxx_eeprom.dir/C_/Program_Files/Raspberry_Pi/Pico_SDK_v1.5.1/pico-sdk/src/common/pico_time/time.c.obj
                0x100018e0                sleep_us
 .text.sleep_ms
                0x10001938       0x14 CMakeFiles/25lcxx_eeprom.dir/C_/Program_Files/Raspberry_Pi/Pico_SDK_v1.5.1/pico-sdk/src/common/pico_time/time.c.obj
                0x10001938                sleep_ms
 .text.best_effort_wfe_or_timeout
                0x1000194c       0xac CMakeFiles/25lcxx_eeprom.dir/C_/Program_Files/Raspberry_Pi/Pico_SDK_v1.5.1/pico-sdk/src/common/pico_time/time.c.obj
                0x1000194c                best_effort_wfe_or_timeout
 .text.hardware_alarm_irq_handler
                0x100019f8       0x90 CMakeFiles/25lcxx_eeprom.dir/C_/Program_Files/Raspberry_Pi/Pico_SDK_v1.5.1/pico-sdk/src/rp2_common/hardware_timer/timer.c.obj
 .text.hardware_alarm_claim
                0x10001a88       0x18 CMakeFiles/25lcxx_eeprom.dir/C_/Program_Files/Raspberry_Pi/Pico_SDK_v1.5.1/pico-sdk/src/rp2_common/hardware_timer/timer.c.obj
                0x10001a88                hardware_alarm_claim
 .text.time_us_64
                0x10001aa0       0x18 CMakeFiles/25lcxx_eeprom.dir/C_/Program_Files/Raspberry_Pi/Pico_SDK_v1.5.1/pico-sdk/src/rp2_common/hardware_timer/timer.c.obj
                0x10001aa0                time_us_64
 .text.busy_wait_until
                0x10001ab8       0x28 CMakeFiles/25lcxx_eeprom.dir/C_/Program_Files/Raspberry_Pi/Pico_SDK_v1.5.1/pico-sdk/src/rp2_common/hardware_timer/timer.c.obj
                0x10001ab8                busy_wait_until
 .text.hardware_alarm_set_callback
                0x10001ae0       0x90 CMakeFiles/25lcxx_eeprom.dir/C_/Program_Files/Raspberry_Pi/Pico_SDK_v1.5.1/pico-sdk/src/rp2_common/hardware_timer/timer.c.obj
                0x10001ae0                hardware_alarm_set_callback
 .text.hardware_alarm_set_target
                0x10001b70       0xe8 CMakeFiles/25lcxx_eeprom.dir/C_/Program_Files/Raspberry_Pi/Pico_SDK_v1.5.1/pico-sdk/src/rp2_common/hardware_timer/timer.c.obj
                0x10001b70                hardware_alarm_set_target
 .text.hardware_alarm_cancel
                0x10001c58       0x40 CMakeFiles/25lcxx_eeprom.dir/C_/Program_Files/Raspberry_Pi/Pico_SDK_v1.5.1/pico-sdk/src/rp2_common/hardware_timer/timer.c.obj
                0x10001c58                hardware_alarm_cancel
 .text.ph_add_child_node
                0x10001c98       0xa4 CMakeFiles/25lcxx_eeprom.dir/C_/Program_Files/Raspberry_Pi/Pico_SDK_v1.5.1/pico-sdk/src/common/pico_util/pheap.c.obj
 .text.ph_merge_nodes
                0x10001d3c       0x3e CMakeFiles/25lcxx_eeprom.dir/C_/Program_Files/Raspberry_Pi/Pico_SDK_v1.5.1/pico-sdk/src/common/pico_util/pheap.c.obj
 *fill*         0x10001d7a        0x2 
 .text.ph_clear
                0x10001d7c       0x70 CMakeFiles/25lcxx_eeprom.dir/C_/Program_Files/Raspberry_Pi/Pico_SDK_v1.5.1/pico-sdk/src/common/pico_util/pheap.c.obj
                0x10001d7c                ph_clear
 .text.ph_post_alloc_init
                0x10001dec        0xe CMakeFiles/25lcxx_eeprom.dir/C_/Program_Files/Raspberry_Pi/Pico_SDK_v1.5.1/pico-sdk/src/common/pico_util/pheap.c.obj
                0x10001dec                ph_post_alloc_init
 *fill*         0x10001dfa        0x2 
 .text.ph_merge_two_pass
                0x10001dfc       0xa8 CMakeFiles/25lcxx_eeprom.dir/C_/Program_Files/Raspberry_Pi/Pico_SDK_v1.5.1/pico-sdk/src/common/pico_util/pheap.c.obj
                0x10001dfc                ph_merge_two_pass
 .text.ph_remove_any_head
                0x10001ea4      0x128 CMakeFiles/25lcxx_eeprom.dir/C_/Program_Files/Raspberry_Pi/Pico_SDK_v1.5.1/pico-sdk/src/common/pico_util/pheap.c.obj
 .text.ph_remove_head
                0x10001fcc       0x14 CMakeFiles/25lcxx_eeprom.dir/C_/Program_Files/Raspberry_Pi/Pico_SDK_v1.5.1/pico-sdk/src/common/pico_util/pheap.c.obj
                0x10001fcc                ph_remove_head
 .text.ph_remove_and_free_node
                0x10001fe0       0xf8 CMakeFiles/25lcxx_eeprom.dir/C_/Program_Files/Raspberry_Pi/Pico_SDK_v1.5.1/pico-sdk/src/common/pico_util/pheap.c.obj
                0x10001fe0                ph_remove_and_free_node
 .text.clock_configure
                0x100020d8      0x108 CMakeFiles/25lcxx_eeprom.dir/C_/Program_Files/Raspberry_Pi/Pico_SDK_v1.5.1/pico-sdk/src/rp2_common/hardware_clocks/clocks.c.obj
                0x100020d8                clock_configure
 .text.clocks_init
                0x100021e0      0x100 CMakeFiles/25lcxx_eeprom.dir/C_/Program_Files/Raspberry_Pi/Pico_SDK_v1.5.1/pico-sdk/src/rp2_common/hardware_clocks/clocks.c.obj
                0x100021e0                clocks_init
 .text.clock_get_hz
                0x100022e0        0xc CMakeFiles/25lcxx_eeprom.dir/C_/Program_Files/Raspberry_Pi/Pico_SDK_v1.5.1/pico-sdk/src/rp2_common/hardware_clocks/clocks.c.obj
                0x100022e0                clock_get_hz
 .text.pll_init
                0x100022ec      0x120 CMakeFiles/25lcxx_eeprom.dir/C_/Program_Files/Raspberry_Pi/Pico_SDK_v1.5.1/pico-sdk/src/rp2_common/hardware_pll/pll.c.obj
                0x100022ec                pll_init
 .text.watchdog_start_tick
                0x1000240c       0x10 CMakeFiles/25lcxx_eeprom.dir/C_/Program_Files/Raspberry_Pi/Pico_SDK_v1.5.1/pico-sdk/src/rp2_common/hardware_watchdog/watchdog.c.obj
                0x1000240c                watchdog_start_tick
 .text.watchdog_update
                0x1000241c       0x14 CMakeFiles/25lcxx_eeprom.dir/C_/Program_Files/Raspberry_Pi/Pico_SDK_v1.5.1/pico-sdk/src/rp2_common/hardware_watchdog/watchdog.c.obj
                0x1000241c                watchdog_update
 .text._watchdog_enable
                0x10002430       0x78 CMakeFiles/25lcxx_eeprom.dir/C_/Program_Files/Raspberry_Pi/Pico_SDK_v1.5.1/pico-sdk/src/rp2_common/hardware_watchdog/watchdog.c.obj
                0x10002430                _watchdog_enable
 .text.watchdog_reboot
                0x100024a8       0x48 CMakeFiles/25lcxx_eeprom.dir/C_/Program_Files/Raspberry_Pi/Pico_SDK_v1.5.1/pico-sdk/src/rp2_common/hardware_watchdog/watchdog.c.obj
                0x100024a8                watchdog_reboot
 .text.xosc_init
                0x100024f0       0x28 CMakeFiles/25lcxx_eeprom.dir/C_/Program_Files/Raspberry_Pi/Pico_SDK_v1.5.1/pico-sdk/src/rp2_common/hardware_xosc/xosc.c.obj
                0x100024f0                xosc_init
 .text._exit    0x10002518        0x4 CMakeFiles/25lcxx_eeprom.dir/C_/Program_Files/Raspberry_Pi/Pico_SDK_v1.5.1/pico-sdk/src/rp2_common/pico_runtime/runtime.c.obj
                0x10002518                _exit
 .text.exit     0x1000251c        0x6 CMakeFiles/25lcxx_eeprom.dir/C_/Program_Files/Raspberry_Pi/Pico_SDK_v1.5.1/pico-sdk/src/rp2_common/pico_runtime/runtime.c.obj
                0x1000251c                exit
 *fill*         0x10002522        0x2 
 .text.__assert_func
                0x10002524       0x3c CMakeFiles/25lcxx_eeprom.dir/C_/Program_Files/Raspberry_Pi/Pico_SDK_v1.5.1/pico-sdk/src/rp2_common/pico_runtime/runtime.c.obj
                0x10002524                __assert_func
 .text.runtime_init
                0x10002560       0xf8 CMakeFiles/25lcxx_eeprom.dir/C_/Program_Files/Raspberry_Pi/Pico_SDK_v1.5.1/pico-sdk/src/rp2_common/pico_runtime/runtime.c.obj
                0x10002560                runtime_init
 .text.panic    0x10002658       0x30 CMakeFiles/25lcxx_eeprom.dir/C_/Program_Files/Raspberry_Pi/Pico_SDK_v1.5.1/pico-sdk/src/rp2_common/pico_runtime/runtime.c.obj
                0x10002658                panic
 .text._out_buffer
                0x10002688        0x8 CMakeFiles/25lcxx_eeprom.dir/C_/Program_Files/Raspberry_Pi/Pico_SDK_v1.5.1/pico-sdk/src/rp2_common/pico_printf/printf.c.obj
 .text._out_null
                0x10002690        0x2 CMakeFiles/25lcxx_eeprom.dir/C_/Program_Files/Raspberry_Pi/Pico_SDK_v1.5.1/pico-sdk/src/rp2_common/pico_printf/printf.c.obj
 .text._out_fct
                0x10002692        0xe CMakeFiles/25lcxx_eeprom.dir/C_/Program_Files/Raspberry_Pi/Pico_SDK_v1.5.1/pico-sdk/src/rp2_common/pico_printf/printf.c.obj
 .text._atoi    0x100026a0       0x24 CMakeFiles/25lcxx_eeprom.dir/C_/Program_Files/Raspberry_Pi/Pico_SDK_v1.5.1/pico-sdk/src/rp2_common/pico_printf/printf.c.obj
 .text._out_rev
                0x100026c4       0xae CMakeFiles/25lcxx_eeprom.dir/C_/Program_Files/Raspberry_Pi/Pico_SDK_v1.5.1/pico-sdk/src/rp2_common/pico_printf/printf.c.obj
 .text._ntoa_format
                0x10002772      0x112 CMakeFiles/25lcxx_eeprom.dir/C_/Program_Files/Raspberry_Pi/Pico_SDK_v1.5.1/pico-sdk/src/rp2_common/pico_printf/printf.c.obj
 .text._ntoa_long
                0x10002884       0xbc CMakeFiles/25lcxx_eeprom.dir/C_/Program_Files/Raspberry_Pi/Pico_SDK_v1.5.1/pico-sdk/src/rp2_common/pico_printf/printf.c.obj
 .text._ntoa_long_long
                0x10002940       0xe2 CMakeFiles/25lcxx_eeprom.dir/C_/Program_Files/Raspberry_Pi/Pico_SDK_v1.5.1/pico-sdk/src/rp2_common/pico_printf/printf.c.obj
 *fill*         0x10002a22        0x2 
 .text._etoa    0x10002a24      0x414 CMakeFiles/25lcxx_eeprom.dir/C_/Program_Files/Raspberry_Pi/Pico_SDK_v1.5.1/pico-sdk/src/rp2_common/pico_printf/printf.c.obj
 .text._ftoa    0x10002e38      0x354 CMakeFiles/25lcxx_eeprom.dir/C_/Program_Files/Raspberry_Pi/Pico_SDK_v1.5.1/pico-sdk/src/rp2_common/pico_printf/printf.c.obj
 .text._vsnprintf
                0x1000318c      0x624 CMakeFiles/25lcxx_eeprom.dir/C_/Program_Files/Raspberry_Pi/Pico_SDK_v1.5.1/pico-sdk/src/rp2_common/pico_printf/printf.c.obj
 .text.__wrap_vsnprintf
                0x100037b0       0x1c CMakeFiles/25lcxx_eeprom.dir/C_/Program_Files/Raspberry_Pi/Pico_SDK_v1.5.1/pico-sdk/src/rp2_common/pico_printf/printf.c.obj
                0x100037b0                __wrap_vsnprintf
 .text.vfctprintf
                0x100037cc       0x20 CMakeFiles/25lcxx_eeprom.dir/C_/Program_Files/Raspberry_Pi/Pico_SDK_v1.5.1/pico-sdk/src/rp2_common/pico_printf/printf.c.obj
                0x100037cc                vfctprintf
 .text          0x100037ec       0x10 CMakeFiles/25lcxx_eeprom.dir/C_/Program_Files/Raspberry_Pi/Pico_SDK_v1.5.1/pico-sdk/src/rp2_common/pico_bit_ops/bit_ops_aeabi.S.obj
 .text.rom_func_lookup
                0x100037fc       0x10 CMakeFiles/25lcxx_eeprom.dir/C_/Program_Files/Raspberry_Pi/Pico_SDK_v1.5.1/pico-sdk/src/rp2_common/pico_bootrom/bootrom.c.obj
                0x100037fc                rom_func_lookup
 .text.rom_data_lookup
                0x1000380c       0x10 CMakeFiles/25lcxx_eeprom.dir/C_/Program_Files/Raspberry_Pi/Pico_SDK_v1.5.1/pico-sdk/src/rp2_common/pico_bootrom/bootrom.c.obj
                0x1000380c                rom_data_lookup
 .text.rom_funcs_lookup
                0x1000381c       0x36 CMakeFiles/25lcxx_eeprom.dir/C_/Program_Files/Raspberry_Pi/Pico_SDK_v1.5.1/pico-sdk/src/rp2_common/pico_bootrom/bootrom.c.obj
                0x1000381c                rom_funcs_lookup
 *fill*         0x10003852        0x2 
 .text.__wrap___aeabi_idiv
                0x10003854       0x50 CMakeFiles/25lcxx_eeprom.dir/C_/Program_Files/Raspberry_Pi/Pico_SDK_v1.5.1/pico-sdk/src/rp2_common/pico_divider/divider.S.obj
                0x10003854                __wrap___aeabi_idivmod
                0x10003854                divmod_s32s32
                0x10003854                div_s32s32
                0x10003854                __wrap___aeabi_idiv
                0x1000385c                divmod_s32s32_unsafe
                0x10003888                divmod_s32s32_savestate
 .text.__wrap___aeabi_uidiv
                0x100038a4       0x4c CMakeFiles/25lcxx_eeprom.dir/C_/Program_Files/Raspberry_Pi/Pico_SDK_v1.5.1/pico-sdk/src/rp2_common/pico_divider/divider.S.obj
                0x100038a4                __wrap___aeabi_uidiv
                0x100038a4                __wrap___aeabi_uidivmod
                0x100038a4                div_u32u32
                0x100038a4                divmod_u32u32
                0x100038ac                divmod_u32u32_unsafe
                0x100038d4                divmod_u32u32_savestate
 .text.__wrap___aeabi_ldiv
                0x100038f0      0x424 CMakeFiles/25lcxx_eeprom.dir/C_/Program_Files/Raspberry_Pi/Pico_SDK_v1.5.1/pico-sdk/src/rp2_common/pico_divider/divider.S.obj
                0x100038f0                div_s64s64
                0x100038f0                divmod_s64s64
                0x100038f0                __wrap___aeabi_ldivmod
                0x10003920                divmod_u64u64
                0x10003920                div_u64u64
                0x10003920                __wrap___aeabi_uldivmod
                0x10003930                divmod_u64u64_savestate
                0x10003950                divmod_s64s64_unsafe
                0x100039d8                divmod_u64u64_unsafe
 .text.__wrap___aeabi_darithmetic
                0x10003d14       0x80 CMakeFiles/25lcxx_eeprom.dir/C_/Program_Files/Raspberry_Pi/Pico_SDK_v1.5.1/pico-sdk/src/rp2_common/pico_double/double_aeabi.S.obj
                0x10003d14                __wrap___aeabi_drsub
                0x10003d1a                __wrap___aeabi_dsub
                0x10003d2c                __wrap___aeabi_dadd
                0x10003d3e                __wrap___aeabi_ddiv
                0x10003d7a                __wrap___aeabi_dmul
 .text.__wrap___aeabi_cdcmple
                0x10003d94       0x6c CMakeFiles/25lcxx_eeprom.dir/C_/Program_Files/Raspberry_Pi/Pico_SDK_v1.5.1/pico-sdk/src/rp2_common/pico_double/double_aeabi.S.obj
                0x10003d94                __wrap___aeabi_cdrcmple
                0x10003da4                __wrap___aeabi_cdcmpeq
                0x10003da4                __wrap___aeabi_cdcmple
 .text.__wrap___aeabi_dcmplt
                0x10003e00        0xc CMakeFiles/25lcxx_eeprom.dir/C_/Program_Files/Raspberry_Pi/Pico_SDK_v1.5.1/pico-sdk/src/rp2_common/pico_double/double_aeabi.S.obj
                0x10003e00                __wrap___aeabi_dcmplt
 .text.__wrap___aeabi_dcmple
                0x10003e0c       0x10 CMakeFiles/25lcxx_eeprom.dir/C_/Program_Files/Raspberry_Pi/Pico_SDK_v1.5.1/pico-sdk/src/rp2_common/pico_double/double_aeabi.S.obj
                0x10003e0c                __wrap___aeabi_dcmple
 .text.__wrap___aeabi_dcmpge
                0x10003e1c       0x10 CMakeFiles/25lcxx_eeprom.dir/C_/Program_Files/Raspberry_Pi/Pico_SDK_v1.5.1/pico-sdk/src/rp2_common/pico_double/double_aeabi.S.obj
                0x10003e1c                __wrap___aeabi_dcmpge
 .text.__wrap___aeabi_dcmpgt
                0x10003e2c        0xa CMakeFiles/25lcxx_eeprom.dir/C_/Program_Files/Raspberry_Pi/Pico_SDK_v1.5.1/pico-sdk/src/rp2_common/pico_double/double_aeabi.S.obj
                0x10003e2c                __wrap___aeabi_dcmpgt
 .text.__wrap___aeabi_dcmpun
                0x10003e36       0x1c CMakeFiles/25lcxx_eeprom.dir/C_/Program_Files/Raspberry_Pi/Pico_SDK_v1.5.1/pico-sdk/src/rp2_common/pico_double/double_aeabi.S.obj
                0x10003e36                __wrap___aeabi_dcmpun
 *fill*         0x10003e52        0x2 
 .text.__wrap___aeabi_i2d
                0x10003e54       0x38 CMakeFiles/25lcxx_eeprom.dir/C_/Program_Files/Raspberry_Pi/Pico_SDK_v1.5.1/pico-sdk/src/rp2_common/pico_double/double_aeabi.S.obj
                0x10003e54                __wrap___aeabi_ui2d
                0x10003e5c                __wrap___aeabi_i2d
 .text.__wrap___aeabi_d2iz
                0x10003e8c       0x48 CMakeFiles/25lcxx_eeprom.dir/C_/Program_Files/Raspberry_Pi/Pico_SDK_v1.5.1/pico-sdk/src/rp2_common/pico_double/double_aeabi.S.obj
                0x10003e8c                double2int_z
                0x10003e8c                __wrap___aeabi_d2iz
 .text.__wrap___aeabi_d2uiz
                0x10003ed4       0x18 CMakeFiles/25lcxx_eeprom.dir/C_/Program_Files/Raspberry_Pi/Pico_SDK_v1.5.1/pico-sdk/src/rp2_common/pico_double/double_aeabi.S.obj
                0x10003ed4                __wrap___aeabi_d2uiz
                0x10003ed4                double2uint
 .text.__aeabi_double_init
                0x10003eec       0xc8 CMakeFiles/25lcxx_eeprom.dir/C_/Program_Files/Raspberry_Pi/Pico_SDK_v1.5.1/pico-sdk/src/rp2_common/pico_double/double_init_rom.c.obj
                0x10003eec                __aeabi_double_init
 .text.__wrap_ceil
                0x10003fb4       0x9c CMakeFiles/25lcxx_eeprom.dir/C_/Program_Files/Raspberry_Pi/Pico_SDK_v1.5.1/pico-sdk/src/rp2_common/pico_double/double_math.c.obj
                0x10003fb4                __wrap_ceil
 .text.double_table_shim_on_use_helper
                0x10004050       0x34 CMakeFiles/25lcxx_eeprom.dir/C_/Program_Files/Raspberry_Pi/Pico_SDK_v1.5.1/pico-sdk/src/rp2_common/pico_double/double_v1_rom_shim.S.obj
                0x10004050                double_table_shim_on_use_helper
 .text.__wrap___aeabi_dsub
                0x10004084       0x10 CMakeFiles/25lcxx_eeprom.dir/C_/Program_Files/Raspberry_Pi/Pico_SDK_v1.5.1/pico-sdk/src/rp2_common/pico_double/double_v1_rom_shim.S.obj
                0x10004084                drsub_shim
                0x1000408a                dsub_shim
 .text.dadd_shim
                0x10004094      0x15c CMakeFiles/25lcxx_eeprom.dir/C_/Program_Files/Raspberry_Pi/Pico_SDK_v1.5.1/pico-sdk/src/rp2_common/pico_double/double_v1_rom_shim.S.obj
                0x10004094                dadd_shim
 .text.dmul_shim
                0x100041f0      0x15c CMakeFiles/25lcxx_eeprom.dir/C_/Program_Files/Raspberry_Pi/Pico_SDK_v1.5.1/pico-sdk/src/rp2_common/pico_double/double_v1_rom_shim.S.obj
                0x100041f0                dmul_shim
 .text.ddiv_shim
                0x1000434c      0x1b0 CMakeFiles/25lcxx_eeprom.dir/C_/Program_Files/Raspberry_Pi/Pico_SDK_v1.5.1/pico-sdk/src/rp2_common/pico_double/double_v1_rom_shim.S.obj
                0x1000434c                ddiv_shim
 .text.double2uint_shim
                0x100044fc        0xe CMakeFiles/25lcxx_eeprom.dir/C_/Program_Files/Raspberry_Pi/Pico_SDK_v1.5.1/pico-sdk/src/rp2_common/pico_double/double_v1_rom_shim.S.obj
                0x100044fc                double2uint_shim
                0x100044fe                double2ufix_shim
 *fill*         0x1000450a        0x2 
 .text.double2uint64_shim
                0x1000450c       0x70 CMakeFiles/25lcxx_eeprom.dir/C_/Program_Files/Raspberry_Pi/Pico_SDK_v1.5.1/pico-sdk/src/rp2_common/pico_double/double_v1_rom_shim.S.obj
                0x1000450c                double2uint64_shim
                0x1000450e                double2ufix64_shim
                0x1000452e                d2fix_a
 .text.dunpacks
                0x1000457c       0x3c CMakeFiles/25lcxx_eeprom.dir/C_/Program_Files/Raspberry_Pi/Pico_SDK_v1.5.1/pico-sdk/src/rp2_common/pico_double/double_v1_rom_shim.S.obj
                0x1000457c                dunpacks
 .text.__aeabi_lmul
                0x100045b8       0x32 CMakeFiles/25lcxx_eeprom.dir/C_/Program_Files/Raspberry_Pi/Pico_SDK_v1.5.1/pico-sdk/src/rp2_common/pico_int64_ops/pico_int64_ops_aeabi.S.obj
                0x100045b8                __wrap___aeabi_lmul
 *fill*         0x100045ea        0x2 
 .text.__wrap___aeabi_farithmetic
                0x100045ec       0x58 CMakeFiles/25lcxx_eeprom.dir/C_/Program_Files/Raspberry_Pi/Pico_SDK_v1.5.1/pico-sdk/src/rp2_common/pico_float/float_aeabi.S.obj
                0x100045ec                __wrap___aeabi_frsub
                0x100045f2                __wrap___aeabi_fsub
                0x100045fc                __wrap___aeabi_fadd
                0x10004606                __wrap___aeabi_fdiv
                0x10004632                __wrap___aeabi_fmul
 .text.__wrap___aeabi_ui2f
                0x10004644        0xa CMakeFiles/25lcxx_eeprom.dir/C_/Program_Files/Raspberry_Pi/Pico_SDK_v1.5.1/pico-sdk/src/rp2_common/pico_float/float_aeabi.S.obj
                0x10004644                __wrap___aeabi_ui2f
 *fill*         0x1000464e        0x2 
 .text.__wrap___aeabi_i2f
                0x10004650       0x44 CMakeFiles/25lcxx_eeprom.dir/C_/Program_Files/Raspberry_Pi/Pico_SDK_v1.5.1/pico-sdk/src/rp2_common/pico_float/float_aeabi.S.obj
                0x10004650                __wrap___aeabi_i2f
 .text.__wrap___aeabi_f2uiz
                0x10004694       0x10 CMakeFiles/25lcxx_eeprom.dir/C_/Program_Files/Raspberry_Pi/Pico_SDK_v1.5.1/pico-sdk/src/rp2_common/pico_float/float_aeabi.S.obj
                0x10004694                __wrap___aeabi_f2uiz
 .text.__wrap___aeabi_f2d
                0x100046a4       0x14 CMakeFiles/25lcxx_eeprom.dir/C_/Program_Files/Raspberry_Pi/Pico_SDK_v1.5.1/pico-sdk/src/rp2_common/pico_float/float_aeabi.S.obj
                0x100046a4                __wrap___aeabi_f2d
 .text.__aeabi_float_init
                0x100046b8       0xfc CMakeFiles/25lcxx_eeprom.dir/C_/Program_Files/Raspberry_Pi/Pico_SDK_v1.5.1/pico-sdk/src/rp2_common/pico_float/float_init_rom.c.obj
                0x100046b8                __aeabi_float_init
 .text.float_table_shim_on_use_helper
                0x100047b4       0x34 CMakeFiles/25lcxx_eeprom.dir/C_/Program_Files/Raspberry_Pi/Pico_SDK_v1.5.1/pico-sdk/src/rp2_common/pico_float/float_v1_rom_shim.S.obj
                0x100047b4                float_table_shim_on_use_helper
 .text.float2double_shim
                0x100047e8       0x30 CMakeFiles/25lcxx_eeprom.dir/C_/Program_Files/Raspberry_Pi/Pico_SDK_v1.5.1/pico-sdk/src/rp2_common/pico_float/float_v1_rom_shim.S.obj
                0x100047e8                float2double_shim
 .text          0x10004818       0x10 CMakeFiles/25lcxx_eeprom.dir/C_/Program_Files/Raspberry_Pi/Pico_SDK_v1.5.1/pico-sdk/src/rp2_common/pico_mem_ops/mem_ops_aeabi.S.obj
                0x10004818                __aeabi_mem_init
 .text.memset   0x10004828        0xc CMakeFiles/25lcxx_eeprom.dir/C_/Program_Files/Raspberry_Pi/Pico_SDK_v1.5.1/pico-sdk/src/rp2_common/pico_mem_ops/mem_ops_aeabi.S.obj
                0x10004828                __wrap_memset
 .text.memcpy   0x10004834        0xc CMakeFiles/25lcxx_eeprom.dir/C_/Program_Files/Raspberry_Pi/Pico_SDK_v1.5.1/pico-sdk/src/rp2_common/pico_mem_ops/mem_ops_aeabi.S.obj
                0x10004834                __wrap_memcpy
                0x10004834                __wrap___aeabi_memcpy
 .text.stdio_out_chars_no_crlf
                0x10004840        0xe CMakeFiles/25lcxx_eeprom.dir/C_/Program_Files/Raspberry_Pi/Pico_SDK_v1.5.1/pico-sdk/src/rp2_common/pico_stdio/stdio.c.obj
 *fill*         0x1000484e        0x2 
 .text.stdio_out_chars_crlf
                0x10004850       0x80 CMakeFiles/25lcxx_eeprom.dir/C_/Program_Files/Raspberry_Pi/Pico_SDK_v1.5.1/pico-sdk/src/rp2_common/pico_stdio/stdio.c.obj
 .text.stdio_stack_buffer_flush
                0x100048d0       0x44 CMakeFiles/25lcxx_eeprom.dir/C_/Program_Files/Raspberry_Pi/Pico_SDK_v1.5.1/pico-sdk/src/rp2_common/pico_stdio/stdio.c.obj
 .text.stdio_buffered_printer
                0x10004914       0x20 CMakeFiles/25lcxx_eeprom.dir/C_/Program_Files/Raspberry_Pi/Pico_SDK_v1.5.1/pico-sdk/src/rp2_common/pico_stdio/stdio.c.obj
 .text.stdout_serialize_begin
                0x10004934       0x5c CMakeFiles/25lcxx_eeprom.dir/C_/Program_Files/Raspberry_Pi/Pico_SDK_v1.5.1/pico-sdk/src/rp2_common/pico_stdio/stdio.c.obj
                0x10004934                stdout_serialize_begin
 .text.stdout_serialize_end
                0x10004990       0x10 CMakeFiles/25lcxx_eeprom.dir/C_/Program_Files/Raspberry_Pi/Pico_SDK_v1.5.1/pico-sdk/src/rp2_common/pico_stdio/stdio.c.obj
                0x10004990                stdout_serialize_end
 .text.stdio_put_string
                0x100049a0       0x98 CMakeFiles/25lcxx_eeprom.dir/C_/Program_Files/Raspberry_Pi/Pico_SDK_v1.5.1/pico-sdk/src/rp2_common/pico_stdio/stdio.c.obj
 .text.stdio_set_driver_enabled
                0x10004a38       0x2c CMakeFiles/25lcxx_eeprom.dir/C_/Program_Files/Raspberry_Pi/Pico_SDK_v1.5.1/pico-sdk/src/rp2_common/pico_stdio/stdio.c.obj
                0x10004a38                stdio_set_driver_enabled
 .text.stdio_flush
                0x10004a64       0x20 CMakeFiles/25lcxx_eeprom.dir/C_/Program_Files/Raspberry_Pi/Pico_SDK_v1.5.1/pico-sdk/src/rp2_common/pico_stdio/stdio.c.obj
                0x10004a64                stdio_flush
 .text.__wrap_puts
                0x10004a84       0x1e CMakeFiles/25lcxx_eeprom.dir/C_/Program_Files/Raspberry_Pi/Pico_SDK_v1.5.1/pico-sdk/src/rp2_common/pico_stdio/stdio.c.obj
                0x10004a84                __wrap_puts
 *fill*         0x10004aa2        0x2 
 .text.__wrap_vprintf
                0x10004aa4       0x40 CMakeFiles/25lcxx_eeprom.dir/C_/Program_Files/Raspberry_Pi/Pico_SDK_v1.5.1/pico-sdk/src/rp2_common/pico_stdio/stdio.c.obj
                0x10004aa4                __wrap_vprintf
 .text.__wrap_printf
                0x10004ae4       0x18 CMakeFiles/25lcxx_eeprom.dir/C_/Program_Files/Raspberry_Pi/Pico_SDK_v1.5.1/pico-sdk/src/rp2_common/pico_stdio/stdio.c.obj
                0x10004ae4                __wrap_printf
 .text.stdio_init_all
                0x10004afc        0x8 CMakeFiles/25lcxx_eeprom.dir/C_/Program_Files/Raspberry_Pi/Pico_SDK_v1.5.1/pico-sdk/src/rp2_common/pico_stdio/stdio.c.obj
                0x10004afc                stdio_init_all
 .text.resetd_init
                0x10004b04        0x2 CMakeFiles/25lcxx_eeprom.dir/C_/Program_Files/Raspberry_Pi/Pico_SDK_v1.5.1/pico-sdk/src/rp2_common/pico_stdio_usb/reset_interface.c.obj
 *fill*         0x10004b06        0x2 
 .text.resetd_reset
                0x10004b08        0xc CMakeFiles/25lcxx_eeprom.dir/C_/Program_Files/Raspberry_Pi/Pico_SDK_v1.5.1/pico-sdk/src/rp2_common/pico_stdio_usb/reset_interface.c.obj
 .text.resetd_open
                0x10004b14       0x34 CMakeFiles/25lcxx_eeprom.dir/C_/Program_Files/Raspberry_Pi/Pico_SDK_v1.5.1/pico-sdk/src/rp2_common/pico_stdio_usb/reset_interface.c.obj
 .text.resetd_xfer_cb
                0x10004b48        0x4 CMakeFiles/25lcxx_eeprom.dir/C_/Program_Files/Raspberry_Pi/Pico_SDK_v1.5.1/pico-sdk/src/rp2_common/pico_stdio_usb/reset_interface.c.obj
 .text.reset_usb_boot
                0x10004b4c       0x18 CMakeFiles/25lcxx_eeprom.dir/C_/Program_Files/Raspberry_Pi/Pico_SDK_v1.5.1/pico-sdk/src/rp2_common/pico_stdio_usb/reset_interface.c.obj
 .text.resetd_control_xfer_cb
                0x10004b64       0x5c CMakeFiles/25lcxx_eeprom.dir/C_/Program_Files/Raspberry_Pi/Pico_SDK_v1.5.1/pico-sdk/src/rp2_common/pico_stdio_usb/reset_interface.c.obj
 .text.usbd_app_driver_get_cb
                0x10004bc0        0xc CMakeFiles/25lcxx_eeprom.dir/C_/Program_Files/Raspberry_Pi/Pico_SDK_v1.5.1/pico-sdk/src/rp2_common/pico_stdio_usb/reset_interface.c.obj
                0x10004bc0                usbd_app_driver_get_cb
 .text.tud_cdc_line_coding_cb
                0x10004bcc       0x28 CMakeFiles/25lcxx_eeprom.dir/C_/Program_Files/Raspberry_Pi/Pico_SDK_v1.5.1/pico-sdk/src/rp2_common/pico_stdio_usb/reset_interface.c.obj
                0x10004bcc                tud_cdc_line_coding_cb
 .text.stdio_usb_set_chars_available_callback
                0x10004bf4       0x14 CMakeFiles/25lcxx_eeprom.dir/C_/Program_Files/Raspberry_Pi/Pico_SDK_v1.5.1/pico-sdk/src/rp2_common/pico_stdio_usb/stdio_usb.c.obj
                0x10004bf4                stdio_usb_set_chars_available_callback
 .text.usb_irq  0x10004c08       0x10 CMakeFiles/25lcxx_eeprom.dir/C_/Program_Files/Raspberry_Pi/Pico_SDK_v1.5.1/pico-sdk/src/rp2_common/pico_stdio_usb/stdio_usb.c.obj
 .text.timer_task
                0x10004c18       0x5c CMakeFiles/25lcxx_eeprom.dir/C_/Program_Files/Raspberry_Pi/Pico_SDK_v1.5.1/pico-sdk/src/rp2_common/pico_stdio_usb/stdio_usb.c.obj
 .text.low_priority_worker_irq
                0x10004c74       0xdc CMakeFiles/25lcxx_eeprom.dir/C_/Program_Files/Raspberry_Pi/Pico_SDK_v1.5.1/pico-sdk/src/rp2_common/pico_stdio_usb/stdio_usb.c.obj
 .text.tud_cdc_rx_cb
                0x10004d50       0x20 CMakeFiles/25lcxx_eeprom.dir/C_/Program_Files/Raspberry_Pi/Pico_SDK_v1.5.1/pico-sdk/src/rp2_common/pico_stdio_usb/stdio_usb.c.obj
                0x10004d50                tud_cdc_rx_cb
 .text.stdio_usb_init
                0x10004d70      0x11c CMakeFiles/25lcxx_eeprom.dir/C_/Program_Files/Raspberry_Pi/Pico_SDK_v1.5.1/pico-sdk/src/rp2_common/pico_stdio_usb/stdio_usb.c.obj
                0x10004d70                stdio_usb_init
 .text.stdio_usb_connected
                0x10004e8c        0xa CMakeFiles/25lcxx_eeprom.dir/C_/Program_Files/Raspberry_Pi/Pico_SDK_v1.5.1/pico-sdk/src/rp2_common/pico_stdio_usb/stdio_usb.c.obj
                0x10004e8c                stdio_usb_connected
 *fill*         0x10004e96        0x2 
 .text.stdio_usb_in_chars
                0x10004e98       0xc4 CMakeFiles/25lcxx_eeprom.dir/C_/Program_Files/Raspberry_Pi/Pico_SDK_v1.5.1/pico-sdk/src/rp2_common/pico_stdio_usb/stdio_usb.c.obj
                0x10004e98                stdio_usb_in_chars
 .text.stdio_usb_out_chars
                0x10004f5c      0x114 CMakeFiles/25lcxx_eeprom.dir/C_/Program_Files/Raspberry_Pi/Pico_SDK_v1.5.1/pico-sdk/src/rp2_common/pico_stdio_usb/stdio_usb.c.obj
 .text.tud_descriptor_device_cb
                0x10005070        0x8 CMakeFiles/25lcxx_eeprom.dir/C_/Program_Files/Raspberry_Pi/Pico_SDK_v1.5.1/pico-sdk/src/rp2_common/pico_stdio_usb/stdio_usb_descriptors.c.obj
                0x10005070                tud_descriptor_device_cb
 .text.tud_descriptor_configuration_cb
                0x10005078        0x8 CMakeFiles/25lcxx_eeprom.dir/C_/Program_Files/Raspberry_Pi/Pico_SDK_v1.5.1/pico-sdk/src/rp2_common/pico_stdio_usb/stdio_usb_descriptors.c.obj
                0x10005078                tud_descriptor_configuration_cb
 .text.tud_descriptor_string_cb
                0x10005080       0x6c CMakeFiles/25lcxx_eeprom.dir/C_/Program_Files/Raspberry_Pi/Pico_SDK_v1.5.1/pico-sdk/src/rp2_common/pico_stdio_usb/stdio_usb_descriptors.c.obj
                0x10005080                tud_descriptor_string_cb
 .text._retrieve_unique_id_on_boot
                0x100050ec       0x10 CMakeFiles/25lcxx_eeprom.dir/C_/Program_Files/Raspberry_Pi/Pico_SDK_v1.5.1/pico-sdk/src/rp2_common/pico_unique_id/unique_id.c.obj
 .text.pico_get_unique_board_id_string
                0x100050fc       0x60 CMakeFiles/25lcxx_eeprom.dir/C_/Program_Files/Raspberry_Pi/Pico_SDK_v1.5.1/pico-sdk/src/rp2_common/pico_unique_id/unique_id.c.obj
                0x100050fc                pico_get_unique_board_id_string
 .text.flash_get_unique_id
                0x1000515c       0x46 CMakeFiles/25lcxx_eeprom.dir/C_/Program_Files/Raspberry_Pi/Pico_SDK_v1.5.1/pico-sdk/src/rp2_common/hardware_flash/flash.c.obj
                0x1000515c                flash_get_unique_id
 *fill*         0x100051a2        0x2 
 .text.hw_endpoint_get_by_addr
                0x100051a4       0x18 CMakeFiles/25lcxx_eeprom.dir/C_/Program_Files/Raspberry_Pi/Pico_SDK_v1.5.1/pico-sdk/lib/tinyusb/src/portable/raspberrypi/rp2040/dcd_rp2040.c.obj
 .text._hw_endpoint_alloc
                0x100051bc       0x70 CMakeFiles/25lcxx_eeprom.dir/C_/Program_Files/Raspberry_Pi/Pico_SDK_v1.5.1/pico-sdk/lib/tinyusb/src/portable/raspberrypi/rp2040/dcd_rp2040.c.obj
 .text.hw_endpoint_init
                0x1000522c       0x88 CMakeFiles/25lcxx_eeprom.dir/C_/Program_Files/Raspberry_Pi/Pico_SDK_v1.5.1/pico-sdk/lib/tinyusb/src/portable/raspberrypi/rp2040/dcd_rp2040.c.obj
 .text.hw_endpoint_xfer
                0x100052b4       0x14 CMakeFiles/25lcxx_eeprom.dir/C_/Program_Files/Raspberry_Pi/Pico_SDK_v1.5.1/pico-sdk/lib/tinyusb/src/portable/raspberrypi/rp2040/dcd_rp2040.c.obj
 .text.dcd_int_enable
                0x100052c8       0x2c CMakeFiles/25lcxx_eeprom.dir/C_/Program_Files/Raspberry_Pi/Pico_SDK_v1.5.1/pico-sdk/lib/tinyusb/src/portable/raspberrypi/rp2040/dcd_rp2040.c.obj
                0x100052c8                dcd_int_enable
 .text.dcd_set_address
                0x100052f4       0x2c CMakeFiles/25lcxx_eeprom.dir/C_/Program_Files/Raspberry_Pi/Pico_SDK_v1.5.1/pico-sdk/lib/tinyusb/src/portable/raspberrypi/rp2040/dcd_rp2040.c.obj
                0x100052f4                dcd_set_address
 .text.dcd_connect
                0x10005320       0x10 CMakeFiles/25lcxx_eeprom.dir/C_/Program_Files/Raspberry_Pi/Pico_SDK_v1.5.1/pico-sdk/lib/tinyusb/src/portable/raspberrypi/rp2040/dcd_rp2040.c.obj
                0x10005320                dcd_connect
 .text.dcd_init
                0x10005330       0x80 CMakeFiles/25lcxx_eeprom.dir/C_/Program_Files/Raspberry_Pi/Pico_SDK_v1.5.1/pico-sdk/lib/tinyusb/src/portable/raspberrypi/rp2040/dcd_rp2040.c.obj
                0x10005330                dcd_init
 .text.dcd_edpt0_status_complete
                0x100053b0       0x1c CMakeFiles/25lcxx_eeprom.dir/C_/Program_Files/Raspberry_Pi/Pico_SDK_v1.5.1/pico-sdk/lib/tinyusb/src/portable/raspberrypi/rp2040/dcd_rp2040.c.obj
                0x100053b0                dcd_edpt0_status_complete
 .text.dcd_edpt_open
                0x100053cc       0x40 CMakeFiles/25lcxx_eeprom.dir/C_/Program_Files/Raspberry_Pi/Pico_SDK_v1.5.1/pico-sdk/lib/tinyusb/src/portable/raspberrypi/rp2040/dcd_rp2040.c.obj
                0x100053cc                dcd_edpt_open
 .text.dcd_edpt_close_all
                0x1000540c        0x8 CMakeFiles/25lcxx_eeprom.dir/C_/Program_Files/Raspberry_Pi/Pico_SDK_v1.5.1/pico-sdk/lib/tinyusb/src/portable/raspberrypi/rp2040/dcd_rp2040.c.obj
                0x1000540c                dcd_edpt_close_all
 .text.dcd_edpt_xfer
                0x10005414       0x34 CMakeFiles/25lcxx_eeprom.dir/C_/Program_Files/Raspberry_Pi/Pico_SDK_v1.5.1/pico-sdk/lib/tinyusb/src/portable/raspberrypi/rp2040/dcd_rp2040.c.obj
                0x10005414                dcd_edpt_xfer
 .text.dcd_edpt_stall
                0x10005448       0x2c CMakeFiles/25lcxx_eeprom.dir/C_/Program_Files/Raspberry_Pi/Pico_SDK_v1.5.1/pico-sdk/lib/tinyusb/src/portable/raspberrypi/rp2040/dcd_rp2040.c.obj
                0x10005448                dcd_edpt_stall
 .text.dcd_edpt_clear_stall
                0x10005474       0x20 CMakeFiles/25lcxx_eeprom.dir/C_/Program_Files/Raspberry_Pi/Pico_SDK_v1.5.1/pico-sdk/lib/tinyusb/src/portable/raspberrypi/rp2040/dcd_rp2040.c.obj
                0x10005474                dcd_edpt_clear_stall
 .text.rp2040_usb_init
                0x10005494       0x4c CMakeFiles/25lcxx_eeprom.dir/C_/Program_Files/Raspberry_Pi/Pico_SDK_v1.5.1/pico-sdk/lib/tinyusb/src/portable/raspberrypi/rp2040/rp2040_usb.c.obj
                0x10005494                rp2040_usb_init
 .text.hw_endpoint_xfer_start
                0x100054e0       0x50 CMakeFiles/25lcxx_eeprom.dir/C_/Program_Files/Raspberry_Pi/Pico_SDK_v1.5.1/pico-sdk/lib/tinyusb/src/portable/raspberrypi/rp2040/rp2040_usb.c.obj
                0x100054e0                hw_endpoint_xfer_start
 .text.configuration_reset
                0x10005530       0x84 CMakeFiles/25lcxx_eeprom.dir/C_/Program_Files/Raspberry_Pi/Pico_SDK_v1.5.1/pico-sdk/lib/tinyusb/src/device/usbd.c.obj
 .text.usbd_reset
                0x100055b4        0xc CMakeFiles/25lcxx_eeprom.dir/C_/Program_Files/Raspberry_Pi/Pico_SDK_v1.5.1/pico-sdk/lib/tinyusb/src/device/usbd.c.obj
 .text.invoke_class_control
                0x100055c0       0x1a CMakeFiles/25lcxx_eeprom.dir/C_/Program_Files/Raspberry_Pi/Pico_SDK_v1.5.1/pico-sdk/lib/tinyusb/src/device/usbd.c.obj
 *fill*         0x100055da        0x2 
 .text.process_set_config
                0x100055dc      0x178 CMakeFiles/25lcxx_eeprom.dir/C_/Program_Files/Raspberry_Pi/Pico_SDK_v1.5.1/pico-sdk/lib/tinyusb/src/device/usbd.c.obj
 .text.process_get_descriptor
                0x10005754       0xdc CMakeFiles/25lcxx_eeprom.dir/C_/Program_Files/Raspberry_Pi/Pico_SDK_v1.5.1/pico-sdk/lib/tinyusb/src/device/usbd.c.obj
 .text.tud_mounted
                0x10005830       0x10 CMakeFiles/25lcxx_eeprom.dir/C_/Program_Files/Raspberry_Pi/Pico_SDK_v1.5.1/pico-sdk/lib/tinyusb/src/device/usbd.c.obj
                0x10005830                tud_mounted
 .text.tud_suspended
                0x10005840       0x10 CMakeFiles/25lcxx_eeprom.dir/C_/Program_Files/Raspberry_Pi/Pico_SDK_v1.5.1/pico-sdk/lib/tinyusb/src/device/usbd.c.obj
                0x10005840                tud_suspended
 .text.tud_inited
                0x10005850       0x14 CMakeFiles/25lcxx_eeprom.dir/C_/Program_Files/Raspberry_Pi/Pico_SDK_v1.5.1/pico-sdk/lib/tinyusb/src/device/usbd.c.obj
                0x10005850                tud_inited
 .text.tud_init
                0x10005864       0xcc CMakeFiles/25lcxx_eeprom.dir/C_/Program_Files/Raspberry_Pi/Pico_SDK_v1.5.1/pico-sdk/lib/tinyusb/src/device/usbd.c.obj
                0x10005864                tud_init
 .text.usbd_defer_func
                0x10005930       0x2a CMakeFiles/25lcxx_eeprom.dir/C_/Program_Files/Raspberry_Pi/Pico_SDK_v1.5.1/pico-sdk/lib/tinyusb/src/device/usbd.c.obj
                0x10005930                usbd_defer_func
 *fill*         0x1000595a        0x2 
 .text.usbd_edpt_open
                0x1000595c       0x34 CMakeFiles/25lcxx_eeprom.dir/C_/Program_Files/Raspberry_Pi/Pico_SDK_v1.5.1/pico-sdk/lib/tinyusb/src/device/usbd.c.obj
                0x1000595c                usbd_edpt_open
 .text.usbd_open_edpt_pair
                0x10005990       0x62 CMakeFiles/25lcxx_eeprom.dir/C_/Program_Files/Raspberry_Pi/Pico_SDK_v1.5.1/pico-sdk/lib/tinyusb/src/device/usbd.c.obj
                0x10005990                usbd_open_edpt_pair
 *fill*         0x100059f2        0x2 
 .text.usbd_edpt_claim
                0x100059f4       0x28 CMakeFiles/25lcxx_eeprom.dir/C_/Program_Files/Raspberry_Pi/Pico_SDK_v1.5.1/pico-sdk/lib/tinyusb/src/device/usbd.c.obj
                0x100059f4                usbd_edpt_claim
 .text.usbd_edpt_release
                0x10005a1c       0x28 CMakeFiles/25lcxx_eeprom.dir/C_/Program_Files/Raspberry_Pi/Pico_SDK_v1.5.1/pico-sdk/lib/tinyusb/src/device/usbd.c.obj
                0x10005a1c                usbd_edpt_release
 .text.usbd_edpt_xfer
                0x10005a44       0x78 CMakeFiles/25lcxx_eeprom.dir/C_/Program_Files/Raspberry_Pi/Pico_SDK_v1.5.1/pico-sdk/lib/tinyusb/src/device/usbd.c.obj
                0x10005a44                usbd_edpt_xfer
 .text.usbd_edpt_stall
                0x10005abc       0x48 CMakeFiles/25lcxx_eeprom.dir/C_/Program_Files/Raspberry_Pi/Pico_SDK_v1.5.1/pico-sdk/lib/tinyusb/src/device/usbd.c.obj
                0x10005abc                usbd_edpt_stall
 .text.usbd_edpt_clear_stall
                0x10005b04       0x48 CMakeFiles/25lcxx_eeprom.dir/C_/Program_Files/Raspberry_Pi/Pico_SDK_v1.5.1/pico-sdk/lib/tinyusb/src/device/usbd.c.obj
                0x10005b04                usbd_edpt_clear_stall
 .text.usbd_edpt_stalled
                0x10005b4c       0x1c CMakeFiles/25lcxx_eeprom.dir/C_/Program_Files/Raspberry_Pi/Pico_SDK_v1.5.1/pico-sdk/lib/tinyusb/src/device/usbd.c.obj
                0x10005b4c                usbd_edpt_stalled
 .text.process_control_request
                0x10005b68      0x37c CMakeFiles/25lcxx_eeprom.dir/C_/Program_Files/Raspberry_Pi/Pico_SDK_v1.5.1/pico-sdk/lib/tinyusb/src/device/usbd.c.obj
 .text.tud_task_ext
                0x10005ee4      0x1b8 CMakeFiles/25lcxx_eeprom.dir/C_/Program_Files/Raspberry_Pi/Pico_SDK_v1.5.1/pico-sdk/lib/tinyusb/src/device/usbd.c.obj
                0x10005ee4                tud_task_ext
 .text._data_stage_xact
                0x1000609c       0x58 CMakeFiles/25lcxx_eeprom.dir/C_/Program_Files/Raspberry_Pi/Pico_SDK_v1.5.1/pico-sdk/lib/tinyusb/src/device/usbd_control.c.obj
 .text.tud_control_status
                0x100060f4       0x38 CMakeFiles/25lcxx_eeprom.dir/C_/Program_Files/Raspberry_Pi/Pico_SDK_v1.5.1/pico-sdk/lib/tinyusb/src/device/usbd_control.c.obj
                0x100060f4                tud_control_status
 .text.tud_control_xfer
                0x1000612c       0x74 CMakeFiles/25lcxx_eeprom.dir/C_/Program_Files/Raspberry_Pi/Pico_SDK_v1.5.1/pico-sdk/lib/tinyusb/src/device/usbd_control.c.obj
                0x1000612c                tud_control_xfer
 .text.usbd_control_reset
                0x100061a0       0x14 CMakeFiles/25lcxx_eeprom.dir/C_/Program_Files/Raspberry_Pi/Pico_SDK_v1.5.1/pico-sdk/lib/tinyusb/src/device/usbd_control.c.obj
                0x100061a0                usbd_control_reset
 .text.usbd_control_set_complete_callback
                0x100061b4        0xc CMakeFiles/25lcxx_eeprom.dir/C_/Program_Files/Raspberry_Pi/Pico_SDK_v1.5.1/pico-sdk/lib/tinyusb/src/device/usbd_control.c.obj
                0x100061b4                usbd_control_set_complete_callback
 .text.usbd_control_set_request
                0x100061c0       0x1c CMakeFiles/25lcxx_eeprom.dir/C_/Program_Files/Raspberry_Pi/Pico_SDK_v1.5.1/pico-sdk/lib/tinyusb/src/device/usbd_control.c.obj
                0x100061c0                usbd_control_set_request
 .text.usbd_control_xfer_cb
                0x100061dc       0xcc CMakeFiles/25lcxx_eeprom.dir/C_/Program_Files/Raspberry_Pi/Pico_SDK_v1.5.1/pico-sdk/lib/tinyusb/src/device/usbd_control.c.obj
                0x100061dc                usbd_control_xfer_cb
 .text._prep_out_transaction
                0x100062a8       0x4a CMakeFiles/25lcxx_eeprom.dir/C_/Program_Files/Raspberry_Pi/Pico_SDK_v1.5.1/pico-sdk/lib/tinyusb/src/class/cdc/cdc_device.c.obj
 *fill*         0x100062f2        0x2 
 .text.tud_cdc_n_connected
                0x100062f4       0x44 CMakeFiles/25lcxx_eeprom.dir/C_/Program_Files/Raspberry_Pi/Pico_SDK_v1.5.1/pico-sdk/lib/tinyusb/src/class/cdc/cdc_device.c.obj
                0x100062f4                tud_cdc_n_connected
 .text.tud_cdc_n_available
                0x10006338       0x18 CMakeFiles/25lcxx_eeprom.dir/C_/Program_Files/Raspberry_Pi/Pico_SDK_v1.5.1/pico-sdk/lib/tinyusb/src/class/cdc/cdc_device.c.obj
                0x10006338                tud_cdc_n_available
 .text.tud_cdc_n_read
                0x10006350       0x28 CMakeFiles/25lcxx_eeprom.dir/C_/Program_Files/Raspberry_Pi/Pico_SDK_v1.5.1/pico-sdk/lib/tinyusb/src/class/cdc/cdc_device.c.obj
                0x10006350                tud_cdc_n_read
 .text.tud_cdc_n_write_flush
                0x10006378       0xb8 CMakeFiles/25lcxx_eeprom.dir/C_/Program_Files/Raspberry_Pi/Pico_SDK_v1.5.1/pico-sdk/lib/tinyusb/src/class/cdc/cdc_device.c.obj
                0x10006378                tud_cdc_n_write_flush
 .text.tud_cdc_n_write
                0x10006430       0x38 CMakeFiles/25lcxx_eeprom.dir/C_/Program_Files/Raspberry_Pi/Pico_SDK_v1.5.1/pico-sdk/lib/tinyusb/src/class/cdc/cdc_device.c.obj
                0x10006430                tud_cdc_n_write
 .text.tud_cdc_n_write_available
                0x10006468       0x1c CMakeFiles/25lcxx_eeprom.dir/C_/Program_Files/Raspberry_Pi/Pico_SDK_v1.5.1/pico-sdk/lib/tinyusb/src/class/cdc/cdc_device.c.obj
                0x10006468                tud_cdc_n_write_available
 .text.cdcd_init
                0x10006484       0xbc CMakeFiles/25lcxx_eeprom.dir/C_/Program_Files/Raspberry_Pi/Pico_SDK_v1.5.1/pico-sdk/lib/tinyusb/src/class/cdc/cdc_device.c.obj
                0x10006484                cdcd_init
 .text.cdcd_reset
                0x10006540       0x44 CMakeFiles/25lcxx_eeprom.dir/C_/Program_Files/Raspberry_Pi/Pico_SDK_v1.5.1/pico-sdk/lib/tinyusb/src/class/cdc/cdc_device.c.obj
                0x10006540                cdcd_reset
 .text.cdcd_open
                0x10006584       0xcc CMakeFiles/25lcxx_eeprom.dir/C_/Program_Files/Raspberry_Pi/Pico_SDK_v1.5.1/pico-sdk/lib/tinyusb/src/class/cdc/cdc_device.c.obj
                0x10006584                cdcd_open
 .text.cdcd_control_xfer_cb
                0x10006650      0x134 CMakeFiles/25lcxx_eeprom.dir/C_/Program_Files/Raspberry_Pi/Pico_SDK_v1.5.1/pico-sdk/lib/tinyusb/src/class/cdc/cdc_device.c.obj
                0x10006650                cdcd_control_xfer_cb
 .text.cdcd_xfer_cb
                0x10006784      0x130 CMakeFiles/25lcxx_eeprom.dir/C_/Program_Files/Raspberry_Pi/Pico_SDK_v1.5.1/pico-sdk/lib/tinyusb/src/class/cdc/cdc_device.c.obj
                0x10006784                cdcd_xfer_cb
 .text.tusb_init
                0x100068b4        0xa CMakeFiles/25lcxx_eeprom.dir/C_/Program_Files/Raspberry_Pi/Pico_SDK_v1.5.1/pico-sdk/lib/tinyusb/src/tusb.c.obj
                0x100068b4                tusb_init
 .text.tusb_inited
                0x100068be        0xe CMakeFiles/25lcxx_eeprom.dir/C_/Program_Files/Raspberry_Pi/Pico_SDK_v1.5.1/pico-sdk/lib/tinyusb/src/tusb.c.obj
                0x100068be                tusb_inited
 .text.tu_edpt_claim
                0x100068cc       0x50 CMakeFiles/25lcxx_eeprom.dir/C_/Program_Files/Raspberry_Pi/Pico_SDK_v1.5.1/pico-sdk/lib/tinyusb/src/tusb.c.obj
                0x100068cc                tu_edpt_claim
 .text.tu_edpt_release
                0x1000691c       0x3c CMakeFiles/25lcxx_eeprom.dir/C_/Program_Files/Raspberry_Pi/Pico_SDK_v1.5.1/pico-sdk/lib/tinyusb/src/tusb.c.obj
                0x1000691c                tu_edpt_release
 .text.tu_edpt_validate
                0x10006958       0x78 CMakeFiles/25lcxx_eeprom.dir/C_/Program_Files/Raspberry_Pi/Pico_SDK_v1.5.1/pico-sdk/lib/tinyusb/src/tusb.c.obj
                0x10006958                tu_edpt_validate
 .text.tu_edpt_bind_driver
                0x100069d0       0x26 CMakeFiles/25lcxx_eeprom.dir/C_/Program_Files/Raspberry_Pi/Pico_SDK_v1.5.1/pico-sdk/lib/tinyusb/src/tusb.c.obj
                0x100069d0                tu_edpt_bind_driver
 .text.advance_index
                0x100069f6       0x1a CMakeFiles/25lcxx_eeprom.dir/C_/Program_Files/Raspberry_Pi/Pico_SDK_v1.5.1/pico-sdk/lib/tinyusb/src/common/tusb_fifo.c.obj
 .text._tu_fifo_peek
                0x10006a10       0x56 CMakeFiles/25lcxx_eeprom.dir/C_/Program_Files/Raspberry_Pi/Pico_SDK_v1.5.1/pico-sdk/lib/tinyusb/src/common/tusb_fifo.c.obj
 .text._ff_pull_const_addr
                0x10006a66       0x4c CMakeFiles/25lcxx_eeprom.dir/C_/Program_Files/Raspberry_Pi/Pico_SDK_v1.5.1/pico-sdk/lib/tinyusb/src/common/tusb_fifo.c.obj
 .text._ff_pull_n
                0x10006ab2      0x110 CMakeFiles/25lcxx_eeprom.dir/C_/Program_Files/Raspberry_Pi/Pico_SDK_v1.5.1/pico-sdk/lib/tinyusb/src/common/tusb_fifo.c.obj
 .text._tu_fifo_peek_n
                0x10006bc2       0x6a CMakeFiles/25lcxx_eeprom.dir/C_/Program_Files/Raspberry_Pi/Pico_SDK_v1.5.1/pico-sdk/lib/tinyusb/src/common/tusb_fifo.c.obj
 .text._tu_fifo_read_n
                0x10006c2c       0x4e CMakeFiles/25lcxx_eeprom.dir/C_/Program_Files/Raspberry_Pi/Pico_SDK_v1.5.1/pico-sdk/lib/tinyusb/src/common/tusb_fifo.c.obj
 .text._ff_push_const_addr
                0x10006c7a       0x40 CMakeFiles/25lcxx_eeprom.dir/C_/Program_Files/Raspberry_Pi/Pico_SDK_v1.5.1/pico-sdk/lib/tinyusb/src/common/tusb_fifo.c.obj
 .text._ff_push_n
                0x10006cba      0x10c CMakeFiles/25lcxx_eeprom.dir/C_/Program_Files/Raspberry_Pi/Pico_SDK_v1.5.1/pico-sdk/lib/tinyusb/src/common/tusb_fifo.c.obj
 .text._tu_fifo_write_n
                0x10006dc6       0xf0 CMakeFiles/25lcxx_eeprom.dir/C_/Program_Files/Raspberry_Pi/Pico_SDK_v1.5.1/pico-sdk/lib/tinyusb/src/common/tusb_fifo.c.obj
 .text.tu_fifo_config
                0x10006eb6       0x7c CMakeFiles/25lcxx_eeprom.dir/C_/Program_Files/Raspberry_Pi/Pico_SDK_v1.5.1/pico-sdk/lib/tinyusb/src/common/tusb_fifo.c.obj
                0x10006eb6                tu_fifo_config
 .text.tu_fifo_count
                0x10006f32       0x2a CMakeFiles/25lcxx_eeprom.dir/C_/Program_Files/Raspberry_Pi/Pico_SDK_v1.5.1/pico-sdk/lib/tinyusb/src/common/tusb_fifo.c.obj
                0x10006f32                tu_fifo_count
 .text.tu_fifo_empty
                0x10006f5c       0x10 CMakeFiles/25lcxx_eeprom.dir/C_/Program_Files/Raspberry_Pi/Pico_SDK_v1.5.1/pico-sdk/lib/tinyusb/src/common/tusb_fifo.c.obj
                0x10006f5c                tu_fifo_empty
 .text.tu_fifo_full
                0x10006f6c       0x28 CMakeFiles/25lcxx_eeprom.dir/C_/Program_Files/Raspberry_Pi/Pico_SDK_v1.5.1/pico-sdk/lib/tinyusb/src/common/tusb_fifo.c.obj
                0x10006f6c                tu_fifo_full
 .text.tu_fifo_remaining
                0x10006f94       0x2c CMakeFiles/25lcxx_eeprom.dir/C_/Program_Files/Raspberry_Pi/Pico_SDK_v1.5.1/pico-sdk/lib/tinyusb/src/common/tusb_fifo.c.obj
                0x10006f94                tu_fifo_remaining
 .text.tu_fifo_read
                0x10006fc0       0x42 CMakeFiles/25lcxx_eeprom.dir/C_/Program_Files/Raspberry_Pi/Pico_SDK_v1.5.1/pico-sdk/lib/tinyusb/src/common/tusb_fifo.c.obj
                0x10006fc0                tu_fifo_read
 .text.tu_fifo_read_n
                0x10007002        0xa CMakeFiles/25lcxx_eeprom.dir/C_/Program_Files/Raspberry_Pi/Pico_SDK_v1.5.1/pico-sdk/lib/tinyusb/src/common/tusb_fifo.c.obj
                0x10007002                tu_fifo_read_n
 .text.tu_fifo_write
                0x1000700c       0x64 CMakeFiles/25lcxx_eeprom.dir/C_/Program_Files/Raspberry_Pi/Pico_SDK_v1.5.1/pico-sdk/lib/tinyusb/src/common/tusb_fifo.c.obj
                0x1000700c                tu_fifo_write
 .text.tu_fifo_write_n
                0x10007070        0xa CMakeFiles/25lcxx_eeprom.dir/C_/Program_Files/Raspberry_Pi/Pico_SDK_v1.5.1/pico-sdk/lib/tinyusb/src/common/tusb_fifo.c.obj
                0x10007070                tu_fifo_write_n
 .text.tu_fifo_clear
                0x1000707a       0x3e CMakeFiles/25lcxx_eeprom.dir/C_/Program_Files/Raspberry_Pi/Pico_SDK_v1.5.1/pico-sdk/lib/tinyusb/src/common/tusb_fifo.c.obj
                0x1000707a                tu_fifo_clear
 .text.tu_fifo_set_overwritable
                0x100070b8       0x46 CMakeFiles/25lcxx_eeprom.dir/C_/Program_Files/Raspberry_Pi/Pico_SDK_v1.5.1/pico-sdk/lib/tinyusb/src/common/tusb_fifo.c.obj
                0x100070b8                tu_fifo_set_overwritable
 .text.spi_set_baudrate
                0x100070fe       0xcc CMakeFiles/25lcxx_eeprom.dir/C_/Program_Files/Raspberry_Pi/Pico_SDK_v1.5.1/pico-sdk/src/rp2_common/hardware_spi/spi.c.obj
                0x100070fe                spi_set_baudrate
 *fill*         0x100071ca        0x2 
 .text.spi_init
                0x100071cc       0x74 CMakeFiles/25lcxx_eeprom.dir/C_/Program_Files/Raspberry_Pi/Pico_SDK_v1.5.1/pico-sdk/src/rp2_common/hardware_spi/spi.c.obj
                0x100071cc                spi_init
 .text          0x10007240      0xfe8 25lcxx_driver/lib25lcxx_driver.a(25LCxx_driver.c.obj)
                0x10007240                a_e25lcxx_spi_write
                0x1000726c                a_e25lcxx_spi_read
                0x10007284                a_e25lcxx_print_error_msg
                0x10007294                E_25LCxx_init
                0x10007344                E_25LCxx_deinit
                0x1000737c                E_25LCxx_set_variant
                0x10007398                E_25LCxx_get_variant
                0x100073b6                E_25LCxx_set_page_size
                0x100073d2                E_25LCxx_get_page_size
                0x100073f0                E_25LCxx_get_wip_status
                0x1000744c                E_25LCxx_get_wel_status
                0x100074ac                E_25LCxx_set_bp_status
                0x1000756c                E_25LCxx_get_bp_status
                0x100075cc                E_25LCxx_set_write_protect_enable
                0x1000768c                E_25LCxx_get_write_protect_enable
                0x100076e8                E_25LCxx_erase_chip
                0x1000775c                E_25LCxx_set_deep_power_down_mode
                0x100077a4                E_25LCxx_get_manufacture_id
                0x10007800                E_25LCxxx_validate_address
                0x100078f0                E_25LCxx_read_byte
                0x1000797c                E_25LCXX_get_byte
                0x10007a2c                E_25LCxx_erase_sector
                0x10007aec                E_25LCXX_validate_page_boundary
                0x10007ba4                E_25LCxxx_validate_page
                0x10007d00                E_25LCxx_get_legth
                0x10007d80                E_25LCxx_check_bp_before_write
                0x10007e64                E_25LCxx_write_byte
                0x10007f44                E_25LCXX_put_byte
                0x10008028                E_25LCxx_erase_page
                0x10008154                E_25LCxx_set_reg
                0x10008184                E_25LCxx_get_reg
                0x100081b4                E_25LCxx_info
 .text          0x10008228      0x448 25lcxx_driver/lib25lcxx_driver.a(25LCxx_driver_basic.c.obj)
                0x10008228                e_25LCxx_basic_initialize
                0x10008318                e_25LCxx_basic_read_byte
                0x10008334                e_25LCxx_basic_get_byte
                0x10008350                e_25LCxx_basic_set_deep_power_down_mode
                0x10008368                e_25LCxx_basic_get_manufacture_id
                0x10008380                e_25LCxx_basic_get_eeprom_legth
                0x100083ac                e_25LCxx_basic_get_wip_status
                0x100083ec                e_25LCxx_basic_write_byte
                0x10008414                e_25LCxx_basic_update
                0x10008490                e_25LCxx_basic_put_byte
                0x100084b8                e_25LCxx_basic_erase_page
                0x100084dc                e_25LCxx_basic_erase_sector
                0x1000854c                e_25LCxx_basic_chip_erase
                0x100085b4                e_25LCxx_basic_get_wel_status
                0x100085cc                e_25LCxx_basic_set_bp_status
                0x100085e4                e_25LCxx_basic_get_bp_status
                0x100085fc                e_25LCxx_basic_get_write_protect_enable
                0x10008614                e_25LCxx_basic_get_memory_properties
 .text          0x10008670       0x7c 25lcxx_driver/lib25lcxx_driver.a(25LCxx_driver_interface.c.obj)
                0x10008670                e_25LCxx_interface_spi_init
                0x10008674                e_25LCxx_interface_spi_deinit
                0x10008678                e_25LCxx_interface_spi_read
                0x10008684                e_25LCxx_interface_spi_write
                0x10008690                e_25LCxx_interface_gpio_write
                0x10008694                e_25LCxx_interface_chip_select
                0x1000869e                e_25LCxx_interface_delay_ms
                0x100086a6                e_25LCxx_interface_debug_print
 .text.strlen   0x100086ec       0x5c c:/progra~1/raspbe~1/picosd~1.1/gcc-ar~1/bin/../lib/gcc/arm-none-eabi/10.3.1/../../../../arm-none-eabi/lib/thumb/v6-m/nofp\libg.a(lib_a-strlen-stub.o)
                0x100086ec                strlen
 .text.strncpy  0x10008748       0x6c c:/progra~1/raspbe~1/picosd~1.1/gcc-ar~1/bin/../lib/gcc/arm-none-eabi/10.3.1/../../../../arm-none-eabi/lib/thumb/v6-m/nofp\libg.a(lib_a-strncpy.o)
                0x10008748                strncpy
 *(.fini)
 .fini          0x100087b4        0x4 c:/progra~1/raspbe~1/picosd~1.1/gcc-ar~1/bin/../lib/gcc/arm-none-eabi/10.3.1/thumb/v6-m/nofp/crti.o
                0x100087b4                _fini
 .fini.__stub   0x100087b8      0x100 linker stubs
 *crtbegin.o(.ctors)
 *crtbegin?.o(.ctors)
 *(EXCLUDE_FILE(*crtend.o *crtend?.o) .ctors)
 *(SORT_BY_NAME(.ctors.*))
 *(.ctors)
 *crtbegin.o(.dtors)
 *crtbegin?.o(.dtors)
 *(EXCLUDE_FILE(*crtend.o *crtend?.o) .dtors)
 *(SORT_BY_NAME(.dtors.*))
 *(.dtors)
 *(.eh_frame*)
 .eh_frame      0x100088b8        0x0 c:/progra~1/raspbe~1/picosd~1.1/gcc-ar~1/bin/../lib/gcc/arm-none-eabi/10.3.1/thumb/v6-m/nofp/crtbegin.o
                0x100088b8                . = ALIGN (0x4)

.glue_7         0x100088b8        0x0
 .glue_7        0x100088b8        0x0 linker stubs

.glue_7t        0x100088b8        0x0
 .glue_7t       0x100088b8        0x0 linker stubs

.vfp11_veneer   0x100088b8        0x0
 .vfp11_veneer  0x100088b8        0x0 linker stubs

.v4_bx          0x100088b8        0x0
 .v4_bx         0x100088b8        0x0 linker stubs

.iplt           0x100088b8        0x0
 .iplt          0x100088b8        0x0 c:/progra~1/raspbe~1/picosd~1.1/gcc-ar~1/bin/../lib/gcc/arm-none-eabi/10.3.1/thumb/v6-m/nofp/crtbegin.o

.rodata         0x100088b8     0x2128
 *(EXCLUDE_FILE(*libm.a: *libc.a:*lib_a-mem*.o *libgcc.a:) .rodata*)
 .rodata.main.str1.4
                0x100088b8      0x193 CMakeFiles/25lcxx_eeprom.dir/main.c.obj
 *fill*         0x10008a4b        0x1 
 .rodata.pDataWrite
                0x10008a4c        0xa CMakeFiles/25lcxx_eeprom.dir/main.c.obj
                0x10008a4c                pDataWrite
 *fill*         0x10008a56        0x2 
 .rodata.spin_lock_claim_unused.str1.4
                0x10008a58       0x1b CMakeFiles/25lcxx_eeprom.dir/C_/Program_Files/Raspberry_Pi/Pico_SDK_v1.5.1/pico-sdk/src/rp2_common/hardware_sync/sync.c.obj
 *fill*         0x10008a73        0x1 
 .rodata.make_branch.str1.4
                0x10008a74       0x89 CMakeFiles/25lcxx_eeprom.dir/C_/Program_Files/Raspberry_Pi/Pico_SDK_v1.5.1/pico-sdk/src/rp2_common/hardware_irq/irq.c.obj
 *fill*         0x10008afd        0x3 
 .rodata.insert_branch_and_link.str1.4
                0x10008b00       0x10 CMakeFiles/25lcxx_eeprom.dir/C_/Program_Files/Raspberry_Pi/Pico_SDK_v1.5.1/pico-sdk/src/rp2_common/hardware_irq/irq.c.obj
 .rodata.irq_set_exclusive_handler.str1.4
                0x10008b10       0x36 CMakeFiles/25lcxx_eeprom.dir/C_/Program_Files/Raspberry_Pi/Pico_SDK_v1.5.1/pico-sdk/src/rp2_common/hardware_irq/irq.c.obj
 *fill*         0x10008b46        0x2 
 .rodata.irq_add_shared_handler.str1.4
                0x10008b48       0xd9 CMakeFiles/25lcxx_eeprom.dir/C_/Program_Files/Raspberry_Pi/Pico_SDK_v1.5.1/pico-sdk/src/rp2_common/hardware_irq/irq.c.obj
 *fill*         0x10008c21        0x3 
 .rodata.irq_remove_handler.str1.4
                0x10008c24       0x3a CMakeFiles/25lcxx_eeprom.dir/C_/Program_Files/Raspberry_Pi/Pico_SDK_v1.5.1/pico-sdk/src/rp2_common/hardware_irq/irq.c.obj
 *fill*         0x10008c5e        0x2 
 .rodata.irq_add_tail_to_free_list.str1.4
                0x10008c60       0x3a CMakeFiles/25lcxx_eeprom.dir/C_/Program_Files/Raspberry_Pi/Pico_SDK_v1.5.1/pico-sdk/src/rp2_common/hardware_irq/irq.c.obj
 *fill*         0x10008c9a        0x2 
 .rodata.user_irq_claim_unused.str1.4
                0x10008c9c       0x1b CMakeFiles/25lcxx_eeprom.dir/C_/Program_Files/Raspberry_Pi/Pico_SDK_v1.5.1/pico-sdk/src/rp2_common/hardware_irq/irq.c.obj
 *fill*         0x10008cb7        0x1 
 .rodata.__func__.0
                0x10008cb8       0x1a CMakeFiles/25lcxx_eeprom.dir/C_/Program_Files/Raspberry_Pi/Pico_SDK_v1.5.1/pico-sdk/src/rp2_common/hardware_irq/irq.c.obj
 *fill*         0x10008cd2        0x2 
 .rodata.__func__.1
                0x10008cd4       0x17 CMakeFiles/25lcxx_eeprom.dir/C_/Program_Files/Raspberry_Pi/Pico_SDK_v1.5.1/pico-sdk/src/rp2_common/hardware_irq/irq.c.obj
 *fill*         0x10008ceb        0x1 
 .rodata.__func__.2
                0x10008cec       0x13 CMakeFiles/25lcxx_eeprom.dir/C_/Program_Files/Raspberry_Pi/Pico_SDK_v1.5.1/pico-sdk/src/rp2_common/hardware_irq/irq.c.obj
 *fill*         0x10008cff        0x1 
 .rodata.__func__.3
                0x10008d00        0xc CMakeFiles/25lcxx_eeprom.dir/C_/Program_Files/Raspberry_Pi/Pico_SDK_v1.5.1/pico-sdk/src/rp2_common/hardware_irq/irq.c.obj
 .rodata.__func__.4
                0x10008d0c        0xf CMakeFiles/25lcxx_eeprom.dir/C_/Program_Files/Raspberry_Pi/Pico_SDK_v1.5.1/pico-sdk/src/rp2_common/hardware_irq/irq.c.obj
 *fill*         0x10008d1b        0x1 
 .rodata.__func__.5
                0x10008d1c       0x17 CMakeFiles/25lcxx_eeprom.dir/C_/Program_Files/Raspberry_Pi/Pico_SDK_v1.5.1/pico-sdk/src/rp2_common/hardware_irq/irq.c.obj
 *fill*         0x10008d33        0x1 
 .rodata.__func__.6
                0x10008d34       0x1a CMakeFiles/25lcxx_eeprom.dir/C_/Program_Files/Raspberry_Pi/Pico_SDK_v1.5.1/pico-sdk/src/rp2_common/hardware_irq/irq.c.obj
 *fill*         0x10008d4e        0x2 
 .rodata.str1.4
                0x10008d50      0x125 CMakeFiles/25lcxx_eeprom.dir/C_/Program_Files/Raspberry_Pi/Pico_SDK_v1.5.1/pico-sdk/src/common/pico_sync/mutex.c.obj
 *fill*         0x10008e75        0x3 
 .rodata.__func__.1
                0x10008e78        0xb CMakeFiles/25lcxx_eeprom.dir/C_/Program_Files/Raspberry_Pi/Pico_SDK_v1.5.1/pico-sdk/src/common/pico_sync/mutex.c.obj
 *fill*         0x10008e83        0x1 
 .rodata.__func__.3
                0x10008e84       0x18 CMakeFiles/25lcxx_eeprom.dir/C_/Program_Files/Raspberry_Pi/Pico_SDK_v1.5.1/pico-sdk/src/common/pico_sync/mutex.c.obj
 .rodata.__func__.4
                0x10008e9c       0x15 CMakeFiles/25lcxx_eeprom.dir/C_/Program_Files/Raspberry_Pi/Pico_SDK_v1.5.1/pico-sdk/src/common/pico_sync/mutex.c.obj
 *fill*         0x10008eb1        0x3 
 .rodata.repeating_timer_callback.str1.4
                0x10008eb4       0x67 CMakeFiles/25lcxx_eeprom.dir/C_/Program_Files/Raspberry_Pi/Pico_SDK_v1.5.1/pico-sdk/src/common/pico_time/time.c.obj
 *fill*         0x10008f1b        0x1 
 .rodata.timer_pool_entry_comparator.str1.4
                0x10008f1c       0x22 CMakeFiles/25lcxx_eeprom.dir/C_/Program_Files/Raspberry_Pi/Pico_SDK_v1.5.1/pico-sdk/src/common/pico_time/time.c.obj
 *fill*         0x10008f3e        0x2 
 .rodata.ph_add_child_node.str1.4
                0x10008f40       0xb2 CMakeFiles/25lcxx_eeprom.dir/C_/Program_Files/Raspberry_Pi/Pico_SDK_v1.5.1/pico-sdk/src/common/pico_time/time.c.obj
 *fill*         0x10008ff2        0x2 
 .rodata.add_alarm_under_lock.str1.4
                0x10008ff4       0x28 CMakeFiles/25lcxx_eeprom.dir/C_/Program_Files/Raspberry_Pi/Pico_SDK_v1.5.1/pico-sdk/src/common/pico_time/time.c.obj
                                 0x2b (size before relaxing)
 .rodata.alarm_pool_alarm_callback.str1.4
                0x1000901c       0x98 CMakeFiles/25lcxx_eeprom.dir/C_/Program_Files/Raspberry_Pi/Pico_SDK_v1.5.1/pico-sdk/src/common/pico_time/time.c.obj
                                0x118 (size before relaxing)
 .rodata.alarm_pool_get_default.str1.4
                0x100090b4       0x21 CMakeFiles/25lcxx_eeprom.dir/C_/Program_Files/Raspberry_Pi/Pico_SDK_v1.5.1/pico-sdk/src/common/pico_time/time.c.obj
 *fill*         0x100090d5        0x3 
 .rodata.alarm_pool_cancel_alarm.str1.4
                0x100090d8       0x27 CMakeFiles/25lcxx_eeprom.dir/C_/Program_Files/Raspberry_Pi/Pico_SDK_v1.5.1/pico-sdk/src/common/pico_time/time.c.obj
 *fill*         0x100090ff        0x1 
 .rodata.sleep_until.str1.4
                0x10009100       0x4d CMakeFiles/25lcxx_eeprom.dir/C_/Program_Files/Raspberry_Pi/Pico_SDK_v1.5.1/pico-sdk/src/common/pico_time/time.c.obj
 *fill*         0x1000914d        0x3 
 .rodata.__func__.1
                0x10009150       0x18 CMakeFiles/25lcxx_eeprom.dir/C_/Program_Files/Raspberry_Pi/Pico_SDK_v1.5.1/pico-sdk/src/common/pico_time/time.c.obj
 .rodata.__func__.10
                0x10009168       0x15 CMakeFiles/25lcxx_eeprom.dir/C_/Program_Files/Raspberry_Pi/Pico_SDK_v1.5.1/pico-sdk/src/common/pico_time/time.c.obj
 *fill*         0x1000917d        0x3 
 .rodata.__func__.11
                0x10009180       0x1a CMakeFiles/25lcxx_eeprom.dir/C_/Program_Files/Raspberry_Pi/Pico_SDK_v1.5.1/pico-sdk/src/common/pico_time/time.c.obj
 *fill*         0x1000919a        0x2 
 .rodata.__func__.12
                0x1000919c        0xa CMakeFiles/25lcxx_eeprom.dir/C_/Program_Files/Raspberry_Pi/Pico_SDK_v1.5.1/pico-sdk/src/common/pico_time/time.c.obj
 *fill*         0x100091a6        0x2 
 .rodata.__func__.3
                0x100091a8       0x17 CMakeFiles/25lcxx_eeprom.dir/C_/Program_Files/Raspberry_Pi/Pico_SDK_v1.5.1/pico-sdk/src/common/pico_time/time.c.obj
 *fill*         0x100091bf        0x1 
 .rodata.__func__.4
                0x100091c0       0x12 CMakeFiles/25lcxx_eeprom.dir/C_/Program_Files/Raspberry_Pi/Pico_SDK_v1.5.1/pico-sdk/src/common/pico_time/time.c.obj
 *fill*         0x100091d2        0x2 
 .rodata.__func__.5
                0x100091d4        0xd CMakeFiles/25lcxx_eeprom.dir/C_/Program_Files/Raspberry_Pi/Pico_SDK_v1.5.1/pico-sdk/src/common/pico_time/time.c.obj
 *fill*         0x100091e1        0x3 
 .rodata.__func__.6
                0x100091e4       0x12 CMakeFiles/25lcxx_eeprom.dir/C_/Program_Files/Raspberry_Pi/Pico_SDK_v1.5.1/pico-sdk/src/common/pico_time/time.c.obj
 *fill*         0x100091f6        0x2 
 .rodata.__func__.7
                0x100091f8        0xf CMakeFiles/25lcxx_eeprom.dir/C_/Program_Files/Raspberry_Pi/Pico_SDK_v1.5.1/pico-sdk/src/common/pico_time/time.c.obj
 *fill*         0x10009207        0x1 
 .rodata.__func__.8
                0x10009208        0xc CMakeFiles/25lcxx_eeprom.dir/C_/Program_Files/Raspberry_Pi/Pico_SDK_v1.5.1/pico-sdk/src/common/pico_time/time.c.obj
 .rodata.__func__.9
                0x10009214       0x15 CMakeFiles/25lcxx_eeprom.dir/C_/Program_Files/Raspberry_Pi/Pico_SDK_v1.5.1/pico-sdk/src/common/pico_time/time.c.obj
 *fill*         0x10009229        0x3 
 .rodata.hardware_alarm_claim.str1.4
                0x1000922c       0x22 CMakeFiles/25lcxx_eeprom.dir/C_/Program_Files/Raspberry_Pi/Pico_SDK_v1.5.1/pico-sdk/src/rp2_common/hardware_timer/timer.c.obj
 *fill*         0x1000924e        0x2 
 .rodata.hardware_alarm_set_target.str1.4
                0x10009250       0x81 CMakeFiles/25lcxx_eeprom.dir/C_/Program_Files/Raspberry_Pi/Pico_SDK_v1.5.1/pico-sdk/src/rp2_common/hardware_timer/timer.c.obj
 *fill*         0x100092d1        0x3 
 .rodata.__func__.0
                0x100092d4       0x1a CMakeFiles/25lcxx_eeprom.dir/C_/Program_Files/Raspberry_Pi/Pico_SDK_v1.5.1/pico-sdk/src/rp2_common/hardware_timer/timer.c.obj
 .rodata.ph_add_child_node.str1.4
                0x100092ee       0xb2 CMakeFiles/25lcxx_eeprom.dir/C_/Program_Files/Raspberry_Pi/Pico_SDK_v1.5.1/pico-sdk/src/common/pico_util/pheap.c.obj
 *fill*         0x100092ee        0x2 
 .rodata.ph_remove_any_head.str1.4
                0x100092f0       0xa8 CMakeFiles/25lcxx_eeprom.dir/C_/Program_Files/Raspberry_Pi/Pico_SDK_v1.5.1/pico-sdk/src/common/pico_util/pheap.c.obj
                                 0xbc (size before relaxing)
 .rodata.ph_remove_and_free_node.str1.4
                0x10009398       0x1e CMakeFiles/25lcxx_eeprom.dir/C_/Program_Files/Raspberry_Pi/Pico_SDK_v1.5.1/pico-sdk/src/common/pico_util/pheap.c.obj
                                 0x26 (size before relaxing)
 *fill*         0x100093b6        0x2 
 .rodata.__func__.0
                0x100093b8       0x18 CMakeFiles/25lcxx_eeprom.dir/C_/Program_Files/Raspberry_Pi/Pico_SDK_v1.5.1/pico-sdk/src/common/pico_util/pheap.c.obj
 .rodata.__func__.1
                0x100093d0       0x13 CMakeFiles/25lcxx_eeprom.dir/C_/Program_Files/Raspberry_Pi/Pico_SDK_v1.5.1/pico-sdk/src/common/pico_util/pheap.c.obj
 *fill*         0x100093e3        0x1 
 .rodata.__func__.2
                0x100093e4       0x12 CMakeFiles/25lcxx_eeprom.dir/C_/Program_Files/Raspberry_Pi/Pico_SDK_v1.5.1/pico-sdk/src/common/pico_util/pheap.c.obj
 *fill*         0x100093f6        0x2 
 .rodata.__func__.3
                0x100093f8        0xc CMakeFiles/25lcxx_eeprom.dir/C_/Program_Files/Raspberry_Pi/Pico_SDK_v1.5.1/pico-sdk/src/common/pico_util/pheap.c.obj
 .rodata.clock_configure.str1.4
                0x10009404       0x73 CMakeFiles/25lcxx_eeprom.dir/C_/Program_Files/Raspberry_Pi/Pico_SDK_v1.5.1/pico-sdk/src/rp2_common/hardware_clocks/clocks.c.obj
 *fill*         0x10009477        0x1 
 .rodata.__func__.1
                0x10009478       0x10 CMakeFiles/25lcxx_eeprom.dir/C_/Program_Files/Raspberry_Pi/Pico_SDK_v1.5.1/pico-sdk/src/rp2_common/hardware_clocks/clocks.c.obj
 .rodata.pll_init.str1.4
                0x10009488      0x140 CMakeFiles/25lcxx_eeprom.dir/C_/Program_Files/Raspberry_Pi/Pico_SDK_v1.5.1/pico-sdk/src/rp2_common/hardware_pll/pll.c.obj
 .rodata.__func__.0
                0x100095c8        0x9 CMakeFiles/25lcxx_eeprom.dir/C_/Program_Files/Raspberry_Pi/Pico_SDK_v1.5.1/pico-sdk/src/rp2_common/hardware_pll/pll.c.obj
 *fill*         0x100095d1        0x3 
 .rodata.__assert_func.str1.4
                0x100095d4       0x3f CMakeFiles/25lcxx_eeprom.dir/C_/Program_Files/Raspberry_Pi/Pico_SDK_v1.5.1/pico-sdk/src/rp2_common/pico_runtime/runtime.c.obj
                                 0x43 (size before relaxing)
 *fill*         0x10009613        0x1 
 .rodata.runtime_init.str1.4
                0x10009614       0x7d CMakeFiles/25lcxx_eeprom.dir/C_/Program_Files/Raspberry_Pi/Pico_SDK_v1.5.1/pico-sdk/src/rp2_common/pico_runtime/runtime.c.obj
 *fill*         0x10009691        0x3 
 .rodata.panic.str1.4
                0x10009694       0x10 CMakeFiles/25lcxx_eeprom.dir/C_/Program_Files/Raspberry_Pi/Pico_SDK_v1.5.1/pico-sdk/src/rp2_common/pico_runtime/runtime.c.obj
                                 0x12 (size before relaxing)
 .rodata.__func__.2
                0x100096a4        0xd CMakeFiles/25lcxx_eeprom.dir/C_/Program_Files/Raspberry_Pi/Pico_SDK_v1.5.1/pico-sdk/src/rp2_common/pico_runtime/runtime.c.obj
 *fill*         0x100096b1        0x3 
 .rodata._ftoa.str1.4
                0x100096b4       0x15 CMakeFiles/25lcxx_eeprom.dir/C_/Program_Files/Raspberry_Pi/Pico_SDK_v1.5.1/pico-sdk/src/rp2_common/pico_printf/printf.c.obj
 *fill*         0x100096c9        0x3 
 .rodata._vsnprintf
                0x100096cc      0x1e0 CMakeFiles/25lcxx_eeprom.dir/C_/Program_Files/Raspberry_Pi/Pico_SDK_v1.5.1/pico-sdk/src/rp2_common/pico_printf/printf.c.obj
 *fill*         0x100098ac        0x4 
 .rodata.pow10.0
                0x100098b0       0x50 CMakeFiles/25lcxx_eeprom.dir/C_/Program_Files/Raspberry_Pi/Pico_SDK_v1.5.1/pico-sdk/src/rp2_common/pico_printf/printf.c.obj
 .rodata.__aeabi_double_init.str1.4
                0x10009900       0xb8 CMakeFiles/25lcxx_eeprom.dir/C_/Program_Files/Raspberry_Pi/Pico_SDK_v1.5.1/pico-sdk/src/rp2_common/pico_double/double_init_rom.c.obj
 .rodata.__func__.0
                0x100099b8       0x14 CMakeFiles/25lcxx_eeprom.dir/C_/Program_Files/Raspberry_Pi/Pico_SDK_v1.5.1/pico-sdk/src/rp2_common/pico_double/double_init_rom.c.obj
 .rodata.__aeabi_float_init.str1.4
                0x100099cc       0x96 CMakeFiles/25lcxx_eeprom.dir/C_/Program_Files/Raspberry_Pi/Pico_SDK_v1.5.1/pico-sdk/src/rp2_common/pico_float/float_init_rom.c.obj
                                 0x9a (size before relaxing)
 *fill*         0x10009a62        0x2 
 .rodata.__func__.0
                0x10009a64       0x13 CMakeFiles/25lcxx_eeprom.dir/C_/Program_Files/Raspberry_Pi/Pico_SDK_v1.5.1/pico-sdk/src/rp2_common/pico_float/float_init_rom.c.obj
 *fill*         0x10009a77        0x1 
 .rodata.str1.4
                0x10009a78       0x44 CMakeFiles/25lcxx_eeprom.dir/C_/Program_Files/Raspberry_Pi/Pico_SDK_v1.5.1/pico-sdk/src/rp2_common/pico_standard_link/binary_info.c.obj
 .rodata.__bi_44
                0x10009abc        0xc CMakeFiles/25lcxx_eeprom.dir/C_/Program_Files/Raspberry_Pi/Pico_SDK_v1.5.1/pico-sdk/src/rp2_common/pico_standard_link/binary_info.c.obj
 .rodata.__bi_75
                0x10009ac8        0xc CMakeFiles/25lcxx_eeprom.dir/C_/Program_Files/Raspberry_Pi/Pico_SDK_v1.5.1/pico-sdk/src/rp2_common/pico_standard_link/binary_info.c.obj
 .rodata.__bi_81
                0x10009ad4        0xc CMakeFiles/25lcxx_eeprom.dir/C_/Program_Files/Raspberry_Pi/Pico_SDK_v1.5.1/pico-sdk/src/rp2_common/pico_standard_link/binary_info.c.obj
 .rodata.stdout_serialize_begin.str1.4
                0x10009ae0       0x7d CMakeFiles/25lcxx_eeprom.dir/C_/Program_Files/Raspberry_Pi/Pico_SDK_v1.5.1/pico-sdk/src/rp2_common/pico_stdio/stdio.c.obj
 .rodata.__func__.3
                0x10009ae0       0x15 CMakeFiles/25lcxx_eeprom.dir/C_/Program_Files/Raspberry_Pi/Pico_SDK_v1.5.1/pico-sdk/src/rp2_common/pico_stdio/stdio.c.obj
 *fill*         0x10009af5        0x3 
 .rodata.crlf_str.2
                0x10009af8        0x2 CMakeFiles/25lcxx_eeprom.dir/C_/Program_Files/Raspberry_Pi/Pico_SDK_v1.5.1/pico-sdk/src/rp2_common/pico_stdio/stdio.c.obj
 *fill*         0x10009afa        0x2 
 .rodata._resetd_driver
                0x10009afc       0x18 CMakeFiles/25lcxx_eeprom.dir/C_/Program_Files/Raspberry_Pi/Pico_SDK_v1.5.1/pico-sdk/src/rp2_common/pico_stdio_usb/reset_interface.c.obj
 .rodata.low_priority_worker_irq.str1.4
                0x10009b14       0x7d CMakeFiles/25lcxx_eeprom.dir/C_/Program_Files/Raspberry_Pi/Pico_SDK_v1.5.1/pico-sdk/src/rp2_common/pico_stdio_usb/stdio_usb.c.obj
 .rodata.stdio_usb_init.str1.4
                0x10009b14       0x61 CMakeFiles/25lcxx_eeprom.dir/C_/Program_Files/Raspberry_Pi/Pico_SDK_v1.5.1/pico-sdk/src/rp2_common/pico_stdio_usb/stdio_usb.c.obj
                                 0x69 (size before relaxing)
 *fill*         0x10009b75        0x3 
 .rodata.str1.4
                0x10009b78       0x13 CMakeFiles/25lcxx_eeprom.dir/C_/Program_Files/Raspberry_Pi/Pico_SDK_v1.5.1/pico-sdk/src/rp2_common/pico_stdio_usb/stdio_usb.c.obj
 *fill*         0x10009b8b        0x1 
 .rodata.__bi_182.0
                0x10009b8c        0xc CMakeFiles/25lcxx_eeprom.dir/C_/Program_Files/Raspberry_Pi/Pico_SDK_v1.5.1/pico-sdk/src/rp2_common/pico_stdio_usb/stdio_usb.c.obj
 .rodata.__func__.1
                0x10009b98        0xf CMakeFiles/25lcxx_eeprom.dir/C_/Program_Files/Raspberry_Pi/Pico_SDK_v1.5.1/pico-sdk/src/rp2_common/pico_stdio_usb/stdio_usb.c.obj
 *fill*         0x10009ba7        0x1 
 .rodata.__func__.3
                0x10009ba8       0x15 CMakeFiles/25lcxx_eeprom.dir/C_/Program_Files/Raspberry_Pi/Pico_SDK_v1.5.1/pico-sdk/src/rp2_common/pico_stdio_usb/stdio_usb.c.obj
 *fill*         0x10009bbd        0x3 
 .rodata.str1.4
                0x10009bc0       0x2a CMakeFiles/25lcxx_eeprom.dir/C_/Program_Files/Raspberry_Pi/Pico_SDK_v1.5.1/pico-sdk/src/rp2_common/pico_stdio_usb/stdio_usb_descriptors.c.obj
 *fill*         0x10009bea        0x2 
 .rodata.usbd_desc_cfg
                0x10009bec       0x54 CMakeFiles/25lcxx_eeprom.dir/C_/Program_Files/Raspberry_Pi/Pico_SDK_v1.5.1/pico-sdk/src/rp2_common/pico_stdio_usb/stdio_usb_descriptors.c.obj
 .rodata.usbd_desc_device
                0x10009c40       0x12 CMakeFiles/25lcxx_eeprom.dir/C_/Program_Files/Raspberry_Pi/Pico_SDK_v1.5.1/pico-sdk/src/rp2_common/pico_stdio_usb/stdio_usb_descriptors.c.obj
 *fill*         0x10009c52        0x2 
 .rodata.usbd_desc_str
                0x10009c54       0x18 CMakeFiles/25lcxx_eeprom.dir/C_/Program_Files/Raspberry_Pi/Pico_SDK_v1.5.1/pico-sdk/src/rp2_common/pico_stdio_usb/stdio_usb_descriptors.c.obj
 .rodata.pico_get_unique_board_id_string.str1.4
                0x10009c6c       0x69 CMakeFiles/25lcxx_eeprom.dir/C_/Program_Files/Raspberry_Pi/Pico_SDK_v1.5.1/pico-sdk/src/rp2_common/pico_unique_id/unique_id.c.obj
 *fill*         0x10009cd5        0x3 
 .rodata.__func__.0
                0x10009cd8       0x20 CMakeFiles/25lcxx_eeprom.dir/C_/Program_Files/Raspberry_Pi/Pico_SDK_v1.5.1/pico-sdk/src/rp2_common/pico_unique_id/unique_id.c.obj
 .rodata.str1.4
                0x10009cf8      0x176 CMakeFiles/25lcxx_eeprom.dir/C_/Program_Files/Raspberry_Pi/Pico_SDK_v1.5.1/pico-sdk/src/rp2_common/hardware_flash/flash.c.obj
 *fill*         0x10009e6e        0x2 
 .rodata.__func__.0
                0x10009e70        0xd CMakeFiles/25lcxx_eeprom.dir/C_/Program_Files/Raspberry_Pi/Pico_SDK_v1.5.1/pico-sdk/src/rp2_common/hardware_flash/flash.c.obj
 *fill*         0x10009e7d        0x3 
 .rodata._hw_endpoint_alloc.str1.4
                0x10009e80       0xd1 CMakeFiles/25lcxx_eeprom.dir/C_/Program_Files/Raspberry_Pi/Pico_SDK_v1.5.1/pico-sdk/lib/tinyusb/src/portable/raspberrypi/rp2040/dcd_rp2040.c.obj
 *fill*         0x10009f51        0x3 
 .rodata.str1.4
                0x10009f54       0x14 CMakeFiles/25lcxx_eeprom.dir/C_/Program_Files/Raspberry_Pi/Pico_SDK_v1.5.1/pico-sdk/lib/tinyusb/src/portable/raspberrypi/rp2040/dcd_rp2040.c.obj
 .rodata.dcd_int_enable.str1.4
                0x10009f68        0xc CMakeFiles/25lcxx_eeprom.dir/C_/Program_Files/Raspberry_Pi/Pico_SDK_v1.5.1/pico-sdk/lib/tinyusb/src/portable/raspberrypi/rp2040/dcd_rp2040.c.obj
 .rodata.__func__.0
                0x10009f74        0xe CMakeFiles/25lcxx_eeprom.dir/C_/Program_Files/Raspberry_Pi/Pico_SDK_v1.5.1/pico-sdk/lib/tinyusb/src/portable/raspberrypi/rp2040/dcd_rp2040.c.obj
 *fill*         0x10009f82        0x2 
 .rodata.__func__.1
                0x10009f84        0xe CMakeFiles/25lcxx_eeprom.dir/C_/Program_Files/Raspberry_Pi/Pico_SDK_v1.5.1/pico-sdk/lib/tinyusb/src/portable/raspberrypi/rp2040/dcd_rp2040.c.obj
 *fill*         0x10009f92        0x2 
 .rodata.__func__.3
                0x10009f94       0x10 CMakeFiles/25lcxx_eeprom.dir/C_/Program_Files/Raspberry_Pi/Pico_SDK_v1.5.1/pico-sdk/lib/tinyusb/src/portable/raspberrypi/rp2040/dcd_rp2040.c.obj
 .rodata.__func__.5
                0x10009fa4        0xf CMakeFiles/25lcxx_eeprom.dir/C_/Program_Files/Raspberry_Pi/Pico_SDK_v1.5.1/pico-sdk/lib/tinyusb/src/portable/raspberrypi/rp2040/dcd_rp2040.c.obj
 *fill*         0x10009fb3        0x1 
 .rodata.__func__.6
                0x10009fb4       0x13 CMakeFiles/25lcxx_eeprom.dir/C_/Program_Files/Raspberry_Pi/Pico_SDK_v1.5.1/pico-sdk/lib/tinyusb/src/portable/raspberrypi/rp2040/dcd_rp2040.c.obj
 *fill*         0x10009fc7        0x1 
 .rodata.__func__.7
                0x10009fc8        0x9 CMakeFiles/25lcxx_eeprom.dir/C_/Program_Files/Raspberry_Pi/Pico_SDK_v1.5.1/pico-sdk/lib/tinyusb/src/portable/raspberrypi/rp2040/dcd_rp2040.c.obj
 *fill*         0x10009fd1        0x3 
 .rodata.str1.4
                0x10009fd4      0x103 CMakeFiles/25lcxx_eeprom.dir/C_/Program_Files/Raspberry_Pi/Pico_SDK_v1.5.1/pico-sdk/lib/tinyusb/src/portable/raspberrypi/rp2040/rp2040_usb.c.obj
 *fill*         0x1000a0d7        0x1 
 .rodata.__func__.0
                0x1000a0d8        0xf CMakeFiles/25lcxx_eeprom.dir/C_/Program_Files/Raspberry_Pi/Pico_SDK_v1.5.1/pico-sdk/lib/tinyusb/src/portable/raspberrypi/rp2040/rp2040_usb.c.obj
 *fill*         0x1000a0e7        0x1 
 .rodata.process_get_descriptor
                0x1000a0e8       0x40 CMakeFiles/25lcxx_eeprom.dir/C_/Program_Files/Raspberry_Pi/Pico_SDK_v1.5.1/pico-sdk/lib/tinyusb/src/device/usbd.c.obj
 .rodata.process_control_request
                0x1000a128       0x28 CMakeFiles/25lcxx_eeprom.dir/C_/Program_Files/Raspberry_Pi/Pico_SDK_v1.5.1/pico-sdk/lib/tinyusb/src/device/usbd.c.obj
 .rodata.tud_task_ext
                0x1000a150       0x24 CMakeFiles/25lcxx_eeprom.dir/C_/Program_Files/Raspberry_Pi/Pico_SDK_v1.5.1/pico-sdk/lib/tinyusb/src/device/usbd.c.obj
 .rodata._usbd_driver
                0x1000a174       0x18 CMakeFiles/25lcxx_eeprom.dir/C_/Program_Files/Raspberry_Pi/Pico_SDK_v1.5.1/pico-sdk/lib/tinyusb/src/device/usbd.c.obj
 .rodata.str1.4
                0x1000a18c      0x76d 25lcxx_driver/lib25lcxx_driver.a(25LCxx_driver.c.obj)
 *fill*         0x1000a8f9        0x3 
 .rodata        0x1000a8fc       0x60 25lcxx_driver/lib25lcxx_driver.a(25LCxx_driver.c.obj)
 .rodata.str1.4
                0x1000a95c       0x82 25lcxx_driver/lib25lcxx_driver.a(25LCxx_driver_basic.c.obj)
                0x1000a9e0                . = ALIGN (0x4)
 *fill*         0x1000a9de        0x2 
 *(SORT_BY_ALIGNMENT(SORT_BY_NAME(.flashdata*)))
                0x1000a9e0                . = ALIGN (0x4)

.ARM.extab
 *(.ARM.extab* .gnu.linkonce.armextab.*)
                0x1000a9e0                __exidx_start = .

.ARM.exidx
 *(.ARM.exidx* .gnu.linkonce.armexidx.*)