Archive member included to satisfy reference by file (symbol)

c:/program files (x86)/atmel/studio/7.0/toolchain/arm/arm-gnu-toolchain/bin/../lib/gcc/arm-none-eabi/6.3.1/../../../../arm-none-eabi/lib/thumb/v6-m\libm.a(lib_a-s_ceil.o)
                              25lcxx_drivers/25LCxx_driver.o (ceil)
c:/program files (x86)/atmel/studio/7.0/toolchain/arm/arm-gnu-toolchain/bin/../lib/gcc/arm-none-eabi/6.3.1/thumb/v6-m\libgcc.a(_udivsi3.o)
                              hpl/core/hpl_core_m0plus_base.o (__aeabi_uidiv)
c:/program files (x86)/atmel/studio/7.0/toolchain/arm/arm-gnu-toolchain/bin/../lib/gcc/arm-none-eabi/6.3.1/thumb/v6-m\libgcc.a(_divsi3.o)
                              25lcxx_drivers/25LCxx_driver.o (__aeabi_idiv)
c:/program files (x86)/atmel/studio/7.0/toolchain/arm/arm-gnu-toolchain/bin/../lib/gcc/arm-none-eabi/6.3.1/thumb/v6-m\libgcc.a(_dvmd_tls.o)
                              c:/program files (x86)/atmel/studio/7.0/toolchain/arm/arm-gnu-toolchain/bin/../lib/gcc/arm-none-eabi/6.3.1/thumb/v6-m\libgcc.a(_udivsi3.o) (__aeabi_idiv0)
c:/program files (x86)/atmel/studio/7.0/toolchain/arm/arm-gnu-toolchain/bin/../lib/gcc/arm-none-eabi/6.3.1/thumb/v6-m\libgcc.a(_arm_cmpdf2.o)
                              c:/program files (x86)/atmel/studio/7.0/toolchain/arm/arm-gnu-toolchain/bin/../lib/gcc/arm-none-eabi/6.3.1/../../../../arm-none-eabi/lib/thumb/v6-m\libm.a(lib_a-s_ceil.o) (__aeabi_dcmpgt)
c:/program files (x86)/atmel/studio/7.0/toolchain/arm/arm-gnu-toolchain/bin/../lib/gcc/arm-none-eabi/6.3.1/thumb/v6-m\libgcc.a(_aeabi_uldivmod.o)
                              hpl/sercom/hpl_sercom.o (__aeabi_uldivmod)
c:/program files (x86)/atmel/studio/7.0/toolchain/arm/arm-gnu-toolchain/bin/../lib/gcc/arm-none-eabi/6.3.1/thumb/v6-m\libgcc.a(_muldi3.o)
                              hpl/sercom/hpl_sercom.o (__aeabi_lmul)
c:/program files (x86)/atmel/studio/7.0/toolchain/arm/arm-gnu-toolchain/bin/../lib/gcc/arm-none-eabi/6.3.1/thumb/v6-m\libgcc.a(_fixunssfsi.o)
                              main.o (__aeabi_f2uiz)
c:/program files (x86)/atmel/studio/7.0/toolchain/arm/arm-gnu-toolchain/bin/../lib/gcc/arm-none-eabi/6.3.1/thumb/v6-m\libgcc.a(_fixunsdfsi.o)
                              25lcxx_drivers/25LCxx_driver.o (__aeabi_d2uiz)
c:/program files (x86)/atmel/studio/7.0/toolchain/arm/arm-gnu-toolchain/bin/../lib/gcc/arm-none-eabi/6.3.1/thumb/v6-m\libgcc.a(_udivmoddi4.o)
                              c:/program files (x86)/atmel/studio/7.0/toolchain/arm/arm-gnu-toolchain/bin/../lib/gcc/arm-none-eabi/6.3.1/thumb/v6-m\libgcc.a(_aeabi_uldivmod.o) (__udivmoddi4)
c:/program files (x86)/atmel/studio/7.0/toolchain/arm/arm-gnu-toolchain/bin/../lib/gcc/arm-none-eabi/6.3.1/thumb/v6-m\libgcc.a(divsf3.o)
                              25lcxx_drivers/25LCxx_driver.o (__aeabi_fdiv)
c:/program files (x86)/atmel/studio/7.0/toolchain/arm/arm-gnu-toolchain/bin/../lib/gcc/arm-none-eabi/6.3.1/thumb/v6-m\libgcc.a(subsf3.o)
                              main.o (__aeabi_fsub)
c:/program files (x86)/atmel/studio/7.0/toolchain/arm/arm-gnu-toolchain/bin/../lib/gcc/arm-none-eabi/6.3.1/thumb/v6-m\libgcc.a(fixsfsi.o)
                              c:/program files (x86)/atmel/studio/7.0/toolchain/arm/arm-gnu-toolchain/bin/../lib/gcc/arm-none-eabi/6.3.1/thumb/v6-m\libgcc.a(_fixunssfsi.o) (__aeabi_f2iz)
c:/program files (x86)/atmel/studio/7.0/toolchain/arm/arm-gnu-toolchain/bin/../lib/gcc/arm-none-eabi/6.3.1/thumb/v6-m\libgcc.a(floatsisf.o)
                              25lcxx_drivers/25LCxx_driver.o (__aeabi_i2f)
c:/program files (x86)/atmel/studio/7.0/toolchain/arm/arm-gnu-toolchain/bin/../lib/gcc/arm-none-eabi/6.3.1/thumb/v6-m\libgcc.a(floatunsisf.o)
                              25lcxx_drivers/25LCxx_driver.o (__aeabi_ui2f)
c:/program files (x86)/atmel/studio/7.0/toolchain/arm/arm-gnu-toolchain/bin/../lib/gcc/arm-none-eabi/6.3.1/thumb/v6-m\libgcc.a(adddf3.o)
                              c:/program files (x86)/atmel/studio/7.0/toolchain/arm/arm-gnu-toolchain/bin/../lib/gcc/arm-none-eabi/6.3.1/../../../../arm-none-eabi/lib/thumb/v6-m\libm.a(lib_a-s_ceil.o) (__aeabi_dadd)
c:/program files (x86)/atmel/studio/7.0/toolchain/arm/arm-gnu-toolchain/bin/../lib/gcc/arm-none-eabi/6.3.1/thumb/v6-m\libgcc.a(divdf3.o)
                              hpl/sercom/hpl_sercom.o (__aeabi_ddiv)
c:/program files (x86)/atmel/studio/7.0/toolchain/arm/arm-gnu-toolchain/bin/../lib/gcc/arm-none-eabi/6.3.1/thumb/v6-m\libgcc.a(eqdf2.o)
                              c:/program files (x86)/atmel/studio/7.0/toolchain/arm/arm-gnu-toolchain/bin/../lib/gcc/arm-none-eabi/6.3.1/thumb/v6-m\libgcc.a(_arm_cmpdf2.o) (__eqdf2)
c:/program files (x86)/atmel/studio/7.0/toolchain/arm/arm-gnu-toolchain/bin/../lib/gcc/arm-none-eabi/6.3.1/thumb/v6-m\libgcc.a(gedf2.o)
                              c:/program files (x86)/atmel/studio/7.0/toolchain/arm/arm-gnu-toolchain/bin/../lib/gcc/arm-none-eabi/6.3.1/thumb/v6-m\libgcc.a(_arm_cmpdf2.o) (__gedf2)
[...]
Memory Configuration

Name             Origin             Length             Attributes
rom              0x00000000         0x00040000         xr
ram              0x20000000         0x00008000         xrw
*default*        0x00000000         0xffffffff

Linker script and memory map

LOAD c:/program files (x86)/atmel/studio/7.0/toolchain/arm/arm-gnu-toolchain/bin/../lib/gcc/arm-none-eabi/6.3.1/thumb/v6-m/crti.o
LOAD c:/program files (x86)/atmel/studio/7.0/toolchain/arm/arm-gnu-toolchain/bin/../lib/gcc/arm-none-eabi/6.3.1/thumb/v6-m/crtbegin.o
LOAD c:/program files (x86)/atmel/studio/7.0/toolchain/arm/arm-gnu-toolchain/bin/../lib/gcc/arm-none-eabi/6.3.1/../../../../arm-none-eabi/lib/thumb/v6-m/crt0.o
LOAD 25lcxx_drivers/25LCxx_driver.o
LOAD 25lcxx_drivers/25LCxx_driver_basic.o
LOAD 25lcxx_drivers/25LCxx_driver_interface.o
LOAD atmel_start.o
LOAD Device_Startup/startup_samd21.o
LOAD Device_Startup/system_samd21.o
LOAD driver_init.o
LOAD examples/driver_examples.o
LOAD hal/src/hal_atomic.o
LOAD hal/src/hal_delay.o
LOAD hal/src/hal_gpio.o
LOAD hal/src/hal_init.o
LOAD hal/src/hal_io.o
LOAD hal/src/hal_sleep.o
LOAD hal/src/hal_spi_m_sync.o
LOAD hal/src/hal_usart_async.o
LOAD hal/utils/src/utils_assert.o
LOAD hal/utils/src/utils_event.o
LOAD hal/utils/src/utils_list.o
LOAD hal/utils/src/utils_ringbuffer.o
LOAD hal/utils/src/utils_syscalls.o
LOAD hpl/core/hpl_core_m0plus_base.o
LOAD hpl/core/hpl_init.o
LOAD hpl/dmac/hpl_dmac.o
LOAD hpl/gclk/hpl_gclk.o
LOAD hpl/pm/hpl_pm.o
LOAD hpl/sercom/hpl_sercom.o
LOAD hpl/sysctrl/hpl_sysctrl.o
LOAD main.o
START GROUP
LOAD c:/program files (x86)/atmel/studio/7.0/toolchain/arm/arm-gnu-toolchain/bin/../lib/gcc/arm-none-eabi/6.3.1/../../../../arm-none-eabi/lib/thumb/v6-m\libm.a
END GROUP
START GROUP
LOAD c:/program files (x86)/atmel/studio/7.0/toolchain/arm/arm-gnu-toolchain/bin/../lib/gcc/arm-none-eabi/6.3.1/thumb/v6-m\libgcc.a
LOAD c:/program files (x86)/atmel/studio/7.0/toolchain/arm/arm-gnu-toolchain/bin/../lib/gcc/arm-none-eabi/6.3.1/../../../../arm-none-eabi/lib/thumb/v6-m\libc.a
END GROUP
LOAD c:/program files (x86)/atmel/studio/7.0/toolchain/arm/arm-gnu-toolchain/bin/../lib/gcc/arm-none-eabi/6.3.1/thumb/v6-m/crtend.o
LOAD c:/program files (x86)/atmel/studio/7.0/toolchain/arm/arm-gnu-toolchain/bin/../lib/gcc/arm-none-eabi/6.3.1/thumb/v6-m/crtn.o
                0x00002000                STACK_SIZE = DEFINED (STACK_SIZE)?STACK_SIZE:DEFINED (__stack_size__)?__stack_size__:0x2000

.text           0x00000000     0xa2a8
                0x00000000                . = ALIGN (0x4)
                0x00000000                _sfixed = .
 *(.vectors .vectors.*)
 .vectors       0x00000000       0xb4 Device_Startup/startup_samd21.o
                0x00000000                exception_table
 *(.text .text.* .gnu.linkonce.t.*)
 .text          0x000000b4       0x60 c:/program files (x86)/atmel/studio/7.0/toolchain/arm/arm-gnu-toolchain/bin/../lib/gcc/arm-none-eabi/6.3.1/thumb/v6-m/crtbegin.o
 .text.a_e25lcxx_spi_write
                0x00000114       0x2c 25lcxx_drivers/25LCxx_driver.o
                0x00000114                a_e25lcxx_spi_write
 .text.a_e25lcxx_spi_read
                0x00000140       0x18 25lcxx_drivers/25LCxx_driver.o
                0x00000140                a_e25lcxx_spi_read
 .text.E_25LCxx_init
                0x00000158       0xb0 25lcxx_drivers/25LCxx_driver.o
                0x00000158                E_25LCxx_init
 .text.E_25LCxx_set_variant
                0x00000208       0x1c 25lcxx_drivers/25LCxx_driver.o
                0x00000208                E_25LCxx_set_variant
 .text.E_25LCxx_set_page_size
                0x00000224       0x1c 25lcxx_drivers/25LCxx_driver.o
                0x00000224                E_25LCxx_set_page_size
 .text.E_25LCxx_get_wip_status
                0x00000240       0x60 25lcxx_drivers/25LCxx_driver.o
                0x00000240                E_25LCxx_get_wip_status
 .text.E_25LCxx_set_bp_status
                0x000002a0       0xbc 25lcxx_drivers/25LCxx_driver.o
                0x000002a0                E_25LCxx_set_bp_status
 .text.E_25LCxx_get_bp_status
                0x0000035c       0x60 25lcxx_drivers/25LCxx_driver.o
                0x0000035c                E_25LCxx_get_bp_status
 .text.E_25LCxx_set_write_protect_enable
                0x000003bc       0xbc 25lcxx_drivers/25LCxx_driver.o
                0x000003bc                E_25LCxx_set_write_protect_enable
 .text.E_25LCxxx_validate_address
                0x00000478       0xe4 25lcxx_drivers/25LCxx_driver.o
                0x00000478                E_25LCxxx_validate_address
 .text.E_25LCxx_read_byte
                0x0000055c       0x98 25lcxx_drivers/25LCxx_driver.o
                0x0000055c                E_25LCxx_read_byte
 .text.E_25LCXX_get_byte
                0x000005f4       0xb4 25lcxx_drivers/25LCxx_driver.o
                0x000005f4                E_25LCXX_get_byte
 .text.E_25LCxx_erase_sector
                0x000006a8       0xbc 25lcxx_drivers/25LCxx_driver.o
                0x000006a8                E_25LCxx_erase_sector
 .text.E_25LCXX_validate_page_boundary
                0x00000764       0xcc 25lcxx_drivers/25LCxx_driver.o
                0x00000764                E_25LCXX_validate_page_boundary
 .text.E_25LCxxx_validate_page
                0x00000830      0x150 25lcxx_drivers/25LCxx_driver.o
                0x00000830                E_25LCxxx_validate_page
 .text.E_25LCxx_get_legth
                0x00000980       0x80 25lcxx_drivers/25LCxx_driver.o
                0x00000980                E_25LCxx_get_legth
 .text.E_25LCxx_check_bp_before_write
                0x00000a00       0xf0 25lcxx_drivers/25LCxx_driver.o
                0x00000a00                E_25LCxx_check_bp_before_write
 .text.E_25LCxx_write_byte
                0x00000af0       0xe8 25lcxx_drivers/25LCxx_driver.o
                0x00000af0                E_25LCxx_write_byte
 .text.E_25LCXX_put_byte
                0x00000bd8       0xfc 25lcxx_drivers/25LCxx_driver.o
                0x00000bd8                E_25LCXX_put_byte
 .text.E_25LCxx_erase_page
                0x00000cd4      0x124 25lcxx_drivers/25LCxx_driver.o
                0x00000cd4                E_25LCxx_erase_page
 .text.E_25LCxx_info
                0x00000df8       0x78 25lcxx_drivers/25LCxx_driver.o
                0x00000df8                E_25LCxx_info
 .text.e_25LCxx_basic_initialize
                0x00000e70      0x100 25lcxx_drivers/25LCxx_driver_basic.o
                0x00000e70                e_25LCxx_basic_initialize
 .text.e_25LCxx_basic_read_byte
                0x00000f70       0x20 25lcxx_drivers/25LCxx_driver_basic.o
                0x00000f70                e_25LCxx_basic_read_byte
 .text.e_25LCxx_basic_get_byte
                0x00000f90       0x20 25lcxx_drivers/25LCxx_driver_basic.o
                0x00000f90                e_25LCxx_basic_get_byte
 .text.e_25LCxx_basic_get_eeprom_legth
                0x00000fb0       0x30 25lcxx_drivers/25LCxx_driver_basic.o
                0x00000fb0                e_25LCxx_basic_get_eeprom_legth
 .text.e_25LCxx_basic_get_wip_status
                0x00000fe0       0x44 25lcxx_drivers/25LCxx_driver_basic.o
                0x00000fe0                e_25LCxx_basic_get_wip_status
 .text.e_25LCxx_basic_write_byte
                0x00001024       0x30 25lcxx_drivers/25LCxx_driver_basic.o
                0x00001024                e_25LCxx_basic_write_byte
 .text.e_25LCxx_basic_put_byte
                0x00001054       0x30 25lcxx_drivers/25LCxx_driver_basic.o
                0x00001054                e_25LCxx_basic_put_byte
 .text.e_25LCxx_basic_erase_page
                0x00001084       0x2c 25lcxx_drivers/25LCxx_driver_basic.o
                0x00001084                e_25LCxx_basic_erase_page
 .text.e_25LCxx_basic_erase_sector
                0x000010b0       0x84 25lcxx_drivers/25LCxx_driver_basic.o
                0x000010b0                e_25LCxx_basic_erase_sector
 .text.e_25LCxx_basic_get_bp_status
                0x00001134       0x1c 25lcxx_drivers/25LCxx_driver_basic.o
                0x00001134                e_25LCxx_basic_get_bp_status
 .text.e_25LCxx_basic_get_memory_properties
                0x00001150       0x68 25lcxx_drivers/25LCxx_driver_basic.o
                0x00001150                e_25LCxx_basic_get_memory_properties
 .text.e_25LCxx_interface_spi_init
                0x000011b8        0x4 25lcxx_drivers/25LCxx_driver_interface.o
                0x000011b8                e_25LCxx_interface_spi_init
 .text.e_25LCxx_interface_spi_deinit
                0x000011bc        0x4 25lcxx_drivers/25LCxx_driver_interface.o
                0x000011bc                e_25LCxx_interface_spi_deinit
 .text.e_25LCxx_interface_spi_read
                0x000011c0       0x10 25lcxx_drivers/25LCxx_driver_interface.o
                0x000011c0                e_25LCxx_interface_spi_read
 .text.e_25LCxx_interface_spi_write
                0x000011d0       0x10 25lcxx_drivers/25LCxx_driver_interface.o
                0x000011d0                e_25LCxx_interface_spi_write
 .text.e_25LCxx_interface_gpio_write
                0x000011e0        0x4 25lcxx_drivers/25LCxx_driver_interface.o
                0x000011e0                e_25LCxx_interface_gpio_write
 .text.e_25LCxx_interface_chip_select
                0x000011e4       0x10 25lcxx_drivers/25LCxx_driver_interface.o
                0x000011e4                e_25LCxx_interface_chip_select
 .text.e_25LCxx_interface_delay_ms
                0x000011f4        0xc 25lcxx_drivers/25LCxx_driver_interface.o
                0x000011f4                e_25LCxx_interface_delay_ms
 .text.e_25LCxx_interface_debug_print
                0x00001200       0x60 25lcxx_drivers/25LCxx_driver_interface.o
                0x00001200                e_25LCxx_interface_debug_print
 .text.atmel_start_init
                0x00001260        0xc atmel_start.o
                0x00001260                atmel_start_init
 .text.Dummy_Handler
                0x0000126c        0x2 Device_Startup/startup_samd21.o
                0x0000126c                SVCall_Handler
                0x0000126c                DMAC_Handler
                0x0000126c                HardFault_Handler
                0x0000126c                AC_Handler
                0x0000126c                SysTick_Handler
                0x0000126c                PendSV_Handler
                0x0000126c                SERCOM1_Handler
                0x0000126c                ADC_Handler
                0x0000126c                NonMaskableInt_Handler
                0x0000126c                TCC1_Handler
                0x0000126c                SERCOM2_Handler
                0x0000126c                TCC0_Handler
                0x0000126c                RTC_Handler
                0x0000126c                EIC_Handler
                0x0000126c                WDT_Handler
                0x0000126c                TC4_Handler
                0x0000126c                USB_Handler
                0x0000126c                TC3_Handler
                0x0000126c                Dummy_Handler
                0x0000126c                PM_Handler
                0x0000126c                TCC2_Handler
                0x0000126c                EVSYS_Handler
                0x0000126c                SERCOM3_Handler
                0x0000126c                SERCOM4_Handler
                0x0000126c                I2S_Handler
                0x0000126c                NVMCTRL_Handler
                0x0000126c                SERCOM0_Handler
                0x0000126c                DAC_Handler
                0x0000126c                PTC_Handler
                0x0000126c                TC5_Handler
                0x0000126c                SYSCTRL_Handler
 *fill*         0x0000126e        0x2 
 .text.Reset_Handler
                0x00001270       0xc4 Device_Startup/startup_samd21.o
                0x00001270                Reset_Handler
 .text.SPI_0_PORT_init
                0x00001334       0xa8 driver_init.o
                0x00001334                SPI_0_PORT_init
 .text.SPI_0_CLOCK_init
                0x000013dc       0x20 driver_init.o
                0x000013dc                SPI_0_CLOCK_init
 .text.SPI_0_init
                0x000013fc       0x28 driver_init.o
                0x000013fc                SPI_0_init
 .text.USART_0_CLOCK_init
                0x00001424       0x20 driver_init.o
                0x00001424                USART_0_CLOCK_init
 .text.USART_0_PORT_init
                0x00001444       0x44 driver_init.o
                0x00001444                USART_0_PORT_init
 .text.USART_0_init
                0x00001488       0x38 driver_init.o
                0x00001488                USART_0_init
 .text.system_init
                0x000014c0       0x64 driver_init.o
                0x000014c0                system_init
 .text.atomic_enter_critical
                0x00001524        0xe hal/src/hal_atomic.o
                0x00001524                atomic_enter_critical
 .text.atomic_leave_critical
                0x00001532        0xc hal/src/hal_atomic.o
                0x00001532                atomic_leave_critical
 *fill*         0x0000153e        0x2 
 .text.delay_ms
                0x00001540       0x20 hal/src/hal_delay.o
                0x00001540                delay_ms
 .text.io_write
                0x00001560       0x38 hal/src/hal_io.o
                0x00001560                io_write
 .text.io_read  0x00001598       0x38 hal/src/hal_io.o
                0x00001598                io_read
 .text.spi_m_sync_init
                0x000015d0       0x58 hal/src/hal_spi_m_sync.o
                0x000015d0                spi_m_sync_init
 .text.spi_m_sync_enable
                0x00001628       0x28 hal/src/hal_spi_m_sync.o
                0x00001628                spi_m_sync_enable
 .text.spi_m_sync_transfer
                0x00001650       0x48 hal/src/hal_spi_m_sync.o
                0x00001650                spi_m_sync_transfer
 .text._spi_m_sync_io_write
                0x00001698       0x3c hal/src/hal_spi_m_sync.o
 .text._spi_m_sync_io_read
                0x000016d4       0x3c hal/src/hal_spi_m_sync.o
 .text.spi_m_sync_get_io_descriptor
                0x00001710       0x30 hal/src/hal_spi_m_sync.o
                0x00001710                spi_m_sync_get_io_descriptor
 .text.usart_transmission_complete
                0x00001740       0x12 hal/src/hal_usart_async.o
 .text.usart_error
                0x00001752       0x12 hal/src/hal_usart_async.o
 .text.usart_fill_rx_buffer
                0x00001764       0x1c hal/src/hal_usart_async.o
 .text.usart_async_write
                0x00001780       0x68 hal/src/hal_usart_async.o
 .text.usart_process_byte_sent
                0x000017e8       0x44 hal/src/hal_usart_async.o
 .text.usart_async_read
                0x0000182c       0x80 hal/src/hal_usart_async.o
 .text.usart_async_init
                0x000018ac       0x9c hal/src/hal_usart_async.o
                0x000018ac                usart_async_init
 .text.usart_async_enable
                0x00001948       0x2c hal/src/hal_usart_async.o
                0x00001948                usart_async_enable
 .text.usart_async_get_io_descriptor
                0x00001974       0x30 hal/src/hal_usart_async.o
                0x00001974                usart_async_get_io_descriptor
 .text.assert   0x000019a4        0x8 hal/utils/src/utils_assert.o
                0x000019a4                assert
 .text.ringbuffer_init
                0x000019ac       0x4c hal/utils/src/utils_ringbuffer.o
                0x000019ac                ringbuffer_init
 .text.ringbuffer_get
                0x000019f8       0x4c hal/utils/src/utils_ringbuffer.o
                0x000019f8                ringbuffer_get
 .text.ringbuffer_put
                0x00001a44       0x40 hal/utils/src/utils_ringbuffer.o
                0x00001a44                ringbuffer_put
 .text.ringbuffer_num
                0x00001a84       0x24 hal/utils/src/utils_ringbuffer.o
                0x00001a84                ringbuffer_num
 .text._sbrk    0x00001aa8       0x24 hal/utils/src/utils_syscalls.o
                0x00001aa8                _sbrk
 .text._get_cycles_for_ms
                0x00001acc       0x20 hpl/core/hpl_core_m0plus_base.o
                0x00001acc                _get_cycles_for_ms
 .text._delay_cycles
                0x00001aec        0x6 hpl/core/hpl_core_m0plus_base.o
                0x00001aec                _delay_cycles
 *fill*         0x00001af2        0x2 
 .text._init_chip
                0x00001af4       0x30 hpl/core/hpl_init.o
                0x00001af4                _init_chip
 .text._gclk_init_generators_by_fref
                0x00001b24       0x20 hpl/gclk/hpl_gclk.o
                0x00001b24                _gclk_init_generators_by_fref
 .text._pm_init
                0x00001b44       0x20 hpl/pm/hpl_pm.o
                0x00001b44                _pm_init
 .text._sercom_get_hardware_index
                0x00001b64       0x10 hpl/sercom/hpl_sercom.o
 .text._sercom_usart_interrupt_handler
                0x00001b74       0x64 hpl/sercom/hpl_sercom.o
 .text._sercom_init_irq_param
                0x00001bd8       0x18 hpl/sercom/hpl_sercom.o
 .text._sercom_get_irq_num
                0x00001bf0       0x10 hpl/sercom/hpl_sercom.o
 .text._spi_sync_enable
                0x00001c00       0x1e hpl/sercom/hpl_sercom.o
 *fill*         0x00001c1e        0x2 
 .text._get_sercom_index
                0x00001c20       0x44 hpl/sercom/hpl_sercom.o
 .text._usart_init
                0x00001c64       0xf0 hpl/sercom/hpl_sercom.o
 .text._usart_async_init
                0x00001d54       0x8c hpl/sercom/hpl_sercom.o
                0x00001d54                _usart_async_init
 .text._usart_async_enable
                0x00001de0       0x12 hpl/sercom/hpl_sercom.o
                0x00001de0                _usart_async_enable
 .text._usart_async_write_byte
                0x00001df2        0x8 hpl/sercom/hpl_sercom.o
                0x00001df2                _usart_async_write_byte
 .text._usart_async_enable_byte_sent_irq
                0x00001dfa        0x8 hpl/sercom/hpl_sercom.o
                0x00001dfa                _usart_async_enable_byte_sent_irq
 .text._usart_async_enable_tx_done_irq
                0x00001e02        0x8 hpl/sercom/hpl_sercom.o
                0x00001e02                _usart_async_enable_tx_done_irq
 *fill*         0x00001e0a        0x2 
 .text.SERCOM5_Handler
                0x00001e0c       0x14 hpl/sercom/hpl_sercom.o
                0x00001e0c                SERCOM5_Handler
 .text._spi_m_sync_init
                0x00001e20      0x1fc hpl/sercom/hpl_sercom.o
                0x00001e20                _spi_m_sync_init
 .text._spi_m_sync_enable
                0x0000201c       0x38 hpl/sercom/hpl_sercom.o
                0x0000201c                _spi_m_sync_enable
 .text._spi_m_sync_trans
                0x00002054      0x114 hpl/sercom/hpl_sercom.o
                0x00002054                _spi_m_sync_trans
 .text._sysctrl_init_sources
                0x00002168       0x44 hpl/sysctrl/hpl_sysctrl.o
                0x00002168                _sysctrl_init_sources
 .text._sysctrl_init_referenced_generators
                0x000021ac       0x10 hpl/sysctrl/hpl_sysctrl.o
                0x000021ac                _sysctrl_init_referenced_generators
 .text.main     0x000021bc      0x22c main.o
                0x000021bc                main
 .text.print    0x000023e8       0x38 main.o
                0x000023e8                print
 .text.spi_transmit
                0x00002420       0x50 main.o
                0x00002420                spi_transmit
 .text.spi_receive
                0x00002470       0x5c main.o
                0x00002470                spi_receive
 .text.spi_chip_select
                0x000024cc       0x18 main.o
                0x000024cc                spi_chip_select
 .text.ceil     0x000024e4      0x12c c:/program files (x86)/atmel/studio/7.0/toolchain/arm/arm-gnu-toolchain/bin/../lib/gcc/arm-none-eabi/6.3.1/../../../../arm-none-eabi/lib/thumb/v6-m\libm.a(lib_a-s_ceil.o)
                0x000024e4                ceil
 .text          0x00002610      0x114 c:/program files (x86)/atmel/studio/7.0/toolchain/arm/arm-gnu-toolchain/bin/../lib/gcc/arm-none-eabi/6.3.1/thumb/v6-m\libgcc.a(_udivsi3.o)
                0x00002610                __aeabi_uidiv
                0x00002610                __udivsi3
                0x0000271c                __aeabi_uidivmod
 .text          0x00002724      0x1d4 c:/program files (x86)/atmel/studio/7.0/toolchain/arm/arm-gnu-toolchain/bin/../lib/gcc/arm-none-eabi/6.3.1/thumb/v6-m\libgcc.a(_divsi3.o)
                0x00002724                __divsi3
                0x00002724                __aeabi_idiv
                0x000028f0                __aeabi_idivmod
 .text          0x000028f8        0x4 c:/program files (x86)/atmel/studio/7.0/toolchain/arm/arm-gnu-toolchain/bin/../lib/gcc/arm-none-eabi/6.3.1/thumb/v6-m\libgcc.a(_dvmd_tls.o)
                0x000028f8                __aeabi_idiv0
                0x000028f8                __aeabi_ldiv0
 .text          0x000028fc       0x7c c:/program files (x86)/atmel/studio/7.0/toolchain/arm/arm-gnu-toolchain/bin/../lib/gcc/arm-none-eabi/6.3.1/thumb/v6-m\libgcc.a(_arm_cmpdf2.o)
                0x000028fc                __aeabi_cdrcmple
                0x0000290c                __aeabi_cdcmple
                0x0000290c                __aeabi_cdcmpeq
                0x0000291c                __aeabi_dcmpeq
                0x00002928                __aeabi_dcmplt
                0x0000293c                __aeabi_dcmple
                0x00002950                __aeabi_dcmpgt
                0x00002964                __aeabi_dcmpge
 .text          0x00002978       0x40 c:/program files (x86)/atmel/studio/7.0/toolchain/arm/arm-gnu-toolchain/bin/../lib/gcc/arm-none-eabi/6.3.1/thumb/v6-m\libgcc.a(_aeabi_uldivmod.o)
                0x00002978                __aeabi_uldivmod
 .text          0x000029b8       0x30 c:/program files (x86)/atmel/studio/7.0/toolchain/arm/arm-gnu-toolchain/bin/../lib/gcc/arm-none-eabi/6.3.1/thumb/v6-m\libgcc.a(_fixunssfsi.o)
                0x000029b8                __fixunssfsi
                0x000029b8                __aeabi_f2uiz
 .text          0x000029e8       0x3c c:/program files (x86)/atmel/studio/7.0/toolchain/arm/arm-gnu-toolchain/bin/../lib/gcc/arm-none-eabi/6.3.1/thumb/v6-m\libgcc.a(_fixunsdfsi.o)
                0x000029e8                __aeabi_d2uiz
                0x000029e8                __fixunsdfsi
 .text          0x00002a24      0x180 c:/program files (x86)/atmel/studio/7.0/toolchain/arm/arm-gnu-toolchain/bin/../lib/gcc/arm-none-eabi/6.3.1/thumb/v6-m\libgcc.a(_udivmoddi4.o)
                0x00002a24                __udivmoddi4
 .text          0x00002ba4      0x290 c:/program files (x86)/atmel/studio/7.0/toolchain/arm/arm-gnu-toolchain/bin/../lib/gcc/arm-none-eabi/6.3.1/thumb/v6-m\libgcc.a(divsf3.o)
                0x00002ba4                __aeabi_fdiv
 .text          0x00002e34      0x338 c:/program files (x86)/atmel/studio/7.0/toolchain/arm/arm-gnu-toolchain/bin/../lib/gcc/arm-none-eabi/6.3.1/thumb/v6-m\libgcc.a(subsf3.o)
                0x00002e34                __aeabi_fsub
 .text          0x0000316c       0x40 c:/program files (x86)/atmel/studio/7.0/toolchain/arm/arm-gnu-toolchain/bin/../lib/gcc/arm-none-eabi/6.3.1/thumb/v6-m\libgcc.a(fixsfsi.o)
                0x0000316c                __aeabi_f2iz
 .text          0x000031ac       0xa0 c:/program files (x86)/atmel/studio/7.0/toolchain/arm/arm-gnu-toolchain/bin/../lib/gcc/arm-none-eabi/6.3.1/thumb/v6-m\libgcc.a(floatsisf.o)
                0x000031ac                __aeabi_i2f
 .text          0x0000324c       0x8c c:/program files (x86)/atmel/studio/7.0/toolchain/arm/arm-gnu-toolchain/bin/../lib/gcc/arm-none-eabi/6.3.1/thumb/v6-m\libgcc.a(floatunsisf.o)
                0x0000324c                __aeabi_ui2f
 .text          0x000032d8      0x620 c:/program files (x86)/atmel/studio/7.0/toolchain/arm/arm-gnu-toolchain/bin/../lib/gcc/arm-none-eabi/6.3.1/thumb/v6-m\libgcc.a(adddf3.o)
                0x000032d8                __aeabi_dadd
 .text          0x000038f8      0x668 c:/program files (x86)/atmel/studio/7.0/toolchain/arm/arm-gnu-toolchain/bin/../lib/gcc/arm-none-eabi/6.3.1/thumb/v6-m\libgcc.a(divdf3.o)
                0x000038f8                __aeabi_ddiv
 .text          0x00003f60       0x74 c:/program files (x86)/atmel/studio/7.0/toolchain/arm/arm-gnu-toolchain/bin/../lib/gcc/arm-none-eabi/6.3.1/thumb/v6-m\libgcc.a(eqdf2.o)
                0x00003f60                __nedf2
                0x00003f60                __eqdf2
 .text          0x00003fd4       0xc8 c:/program files (x86)/atmel/studio/7.0/toolchain/arm/arm-gnu-toolchain/bin/../lib/gcc/arm-none-eabi/6.3.1/thumb/v6-m\libgcc.a(gedf2.o)
                0x00003fd4                __gedf2
                0x00003fd4                __gtdf2
 .text          0x0000409c       0xc4 c:/program files (x86)/atmel/studio/7.0/toolchain/arm/arm-gnu-toolchain/bin/../lib/gcc/arm-none-eabi/6.3.1/thumb/v6-m\libgcc.a(ledf2.o)
                0x0000409c                __ledf2
                0x0000409c                __ltdf2
 .text          0x00004160      0x500 c:/program files (x86)/atmel/studio/7.0/toolchain/arm/arm-gnu-toolchain/bin/../lib/gcc/arm-none-eabi/6.3.1/thumb/v6-m\libgcc.a(muldf3.o)
                0x00004160                __aeabi_dmul
 .text          0x00004660      0x62c c:/program files (x86)/atmel/studio/7.0/toolchain/arm/arm-gnu-toolchain/bin/../lib/gcc/arm-none-eabi/6.3.1/thumb/v6-m\libgcc.a(subdf3.o)
                0x00004660                __aeabi_dsub
 .text          0x00004c8c       0x68 c:/program files (x86)/atmel/studio/7.0/toolchain/arm/arm-gnu-toolchain/bin/../lib/gcc/arm-none-eabi/6.3.1/thumb/v6-m\libgcc.a(fixdfsi.o)
                0x00004c8c                __aeabi_d2iz
 .text          0x00004cf4       0x84 c:/program files (x86)/atmel/studio/7.0/toolchain/arm/arm-gnu-toolchain/bin/../lib/gcc/arm-none-eabi/6.3.1/thumb/v6-m\libgcc.a(floatsidf.o)
                0x00004cf4                __aeabi_i2d
 .text          0x00004d78       0x70 c:/program files (x86)/atmel/studio/7.0/toolchain/arm/arm-gnu-toolchain/bin/../lib/gcc/arm-none-eabi/6.3.1/thumb/v6-m\libgcc.a(floatunsidf.o)
                0x00004d78                __aeabi_ui2d
 .text          0x00004de8       0xa4 c:/program files (x86)/atmel/studio/7.0/toolchain/arm/arm-gnu-toolchain/bin/../lib/gcc/arm-none-eabi/6.3.1/thumb/v6-m\libgcc.a(extendsfdf2.o)
                0x00004de8                __aeabi_f2d
 .text          0x00004e8c       0x74 c:/program files (x86)/atmel/studio/7.0/toolchain/arm/arm-gnu-toolchain/bin/../lib/gcc/arm-none-eabi/6.3.1/thumb/v6-m\libgcc.a(_arm_cmpsf2.o)
                0x00004e8c                __aeabi_cfrcmple
                0x00004e94                __aeabi_cfcmpeq
                0x00004e94                __aeabi_cfcmple
                0x00004ea4                __aeabi_fcmpeq
                0x00004eb0                __aeabi_fcmplt
                0x00004ec4                __aeabi_fcmple
                0x00004ed8                __aeabi_fcmpgt
                0x00004eec                __aeabi_fcmpge
 .text          0x00004f00       0x3c c:/program files (x86)/atmel/studio/7.0/toolchain/arm/arm-gnu-toolchain/bin/../lib/gcc/arm-none-eabi/6.3.1/thumb/v6-m\libgcc.a(_clzsi2.o)
                0x00004f00                __clzsi2
 .text          0x00004f3c       0x18 c:/program files (x86)/atmel/studio/7.0/toolchain/arm/arm-gnu-toolchain/bin/../lib/gcc/arm-none-eabi/6.3.1/thumb/v6-m\libgcc.a(_clzdi2.o)
                0x00004f3c                __clzdi2
 .text          0x00004f54       0x4c c:/program files (x86)/atmel/studio/7.0/toolchain/arm/arm-gnu-toolchain/bin/../lib/gcc/arm-none-eabi/6.3.1/thumb/v6-m\libgcc.a(eqsf2.o)
                0x00004f54                __eqsf2
                0x00004f54                __nesf2
 .text          0x00004fa0       0x80 c:/program files (x86)/atmel/studio/7.0/toolchain/arm/arm-gnu-toolchain/bin/../lib/gcc/arm-none-eabi/6.3.1/thumb/v6-m\libgcc.a(gesf2.o)
                0x00004fa0                __gesf2
                0x00004fa0                __gtsf2
 .text          0x00005020       0x84 c:/program files (x86)/atmel/studio/7.0/toolchain/arm/arm-gnu-toolchain/bin/../lib/gcc/arm-none-eabi/6.3.1/thumb/v6-m\libgcc.a(lesf2.o)
                0x00005020                __ltsf2
                0x00005020                __lesf2
 .text.__libc_init_array
                0x000050a4       0x48 c:/program files (x86)/atmel/studio/7.0/toolchain/arm/arm-gnu-toolchain/bin/../lib/gcc/arm-none-eabi/6.3.1/../../../../arm-none-eabi/lib/thumb/v6-m\libc.a(lib_a-init.o)
                0x000050a4                __libc_init_array
 .text.memcpy   0x000050ec       0x84 c:/program files (x86)/atmel/studio/7.0/toolchain/arm/arm-gnu-toolchain/bin/../lib/gcc/arm-none-eabi/6.3.1/../../../../arm-none-eabi/lib/thumb/v6-m\libc.a(lib_a-memcpy-stub.o)
                0x000050ec                memcpy
 .text.memset   0x00005170       0x94 c:/program files (x86)/atmel/studio/7.0/toolchain/arm/arm-gnu-toolchain/bin/../lib/gcc/arm-none-eabi/6.3.1/../../../../arm-none-eabi/lib/thumb/v6-m\libc.a(lib_a-memset.o)
                0x00005170                memset
 .text.strlen   0x00005204       0x64 c:/program files (x86)/atmel/studio/7.0/toolchain/arm/arm-gnu-toolchain/bin/../lib/gcc/arm-none-eabi/6.3.1/../../../../arm-none-eabi/lib/thumb/v6-m\libc.a(lib_a-strlen-stub.o)
                0x00005204                strlen
 .text.strncpy  0x00005268       0x78 c:/program files (x86)/atmel/studio/7.0/toolchain/arm/arm-gnu-toolchain/bin/../lib/gcc/arm-none-eabi/6.3.1/../../../../arm-none-eabi/lib/thumb/v6-m\libc.a(lib_a-strncpy.o)
                0x00005268                strncpy
 .text._vsnprintf_r
                0x000052e0       0x74 c:/program files (x86)/atmel/studio/7.0/toolchain/arm/arm-gnu-toolchain/bin/../lib/gcc/arm-none-eabi/6.3.1/../../../../arm-none-eabi/lib/thumb/v6-m\libc.a(lib_a-vsnprintf.o)
                0x000052e0                _vsnprintf_r
 .text.vsnprintf
                0x00005354       0x20 c:/program files (x86)/atmel/studio/7.0/toolchain/arm/arm-gnu-toolchain/bin/../lib/gcc/arm-none-eabi/6.3.1/../../../../arm-none-eabi/lib/thumb/v6-m\libc.a(lib_a-vsnprintf.o)
                0x00005354                vsnprintf
 .text.startup.register_fini
                0x00005374       0x18 c:/program files (x86)/atmel/studio/7.0/toolchain/arm/arm-gnu-toolchain/bin/../lib/gcc/arm-none-eabi/6.3.1/../../../../arm-none-eabi/lib/thumb/v6-m\libc.a(lib_a-__call_atexit.o)
 .text.atexit   0x0000538c       0x10 c:/program files (x86)/atmel/studio/7.0/toolchain/arm/arm-gnu-toolchain/bin/../lib/gcc/arm-none-eabi/6.3.1/../../../../arm-none-eabi/lib/thumb/v6-m\libc.a(lib_a-atexit.o)
                0x0000538c                atexit
 .text.quorem   0x0000539c      0x154 c:/program files (x86)/atmel/studio/7.0/toolchain/arm/arm-gnu-toolchain/bin/../lib/gcc/arm-none-eabi/6.3.1/../../../../arm-none-eabi/lib/thumb/v6-m\libc.a(lib_a-dtoa.o)
 .text._dtoa_r  0x000054f0      0xf88 c:/program files (x86)/atmel/studio/7.0/toolchain/arm/arm-gnu-toolchain/bin/../lib/gcc/arm-none-eabi/6.3.1/../../../../arm-none-eabi/lib/thumb/v6-m\libc.a(lib_a-dtoa.o)
                0x000054f0                _dtoa_r
 .text.__libc_fini_array
                0x00006478       0x34 c:/program files (x86)/atmel/studio/7.0/toolchain/arm/arm-gnu-toolchain/bin/../lib/gcc/arm-none-eabi/6.3.1/../../../../arm-none-eabi/lib/thumb/v6-m\libc.a(lib_a-fini.o)
                0x00006478                __libc_fini_array
 .text._malloc_trim_r
                0x000064ac       0xa0 c:/program files (x86)/atmel/studio/7.0/toolchain/arm/arm-gnu-toolchain/bin/../lib/gcc/arm-none-eabi/6.3.1/../../../../arm-none-eabi/lib/thumb/v6-m\libc.a(lib_a-freer.o)
                0x000064ac                _malloc_trim_r
 .text._free_r  0x0000654c      0x1bc c:/program files (x86)/atmel/studio/7.0/toolchain/arm/arm-gnu-toolchain/bin/../lib/gcc/arm-none-eabi/6.3.1/../../../../arm-none-eabi/lib/thumb/v6-m\libc.a(lib_a-freer.o)
                0x0000654c                _free_r
 .text._localeconv_r
                0x00006708       0x1c c:/program files (x86)/atmel/studio/7.0/toolchain/arm/arm-gnu-toolchain/bin/../lib/gcc/arm-none-eabi/6.3.1/../../../../arm-none-eabi/lib/thumb/v6-m\libc.a(lib_a-localeconv.o)
                0x00006708                _localeconv_r
 .text.__retarget_lock_acquire_recursive
                0x00006724        0x4 c:/program files (x86)/atmel/studio/7.0/toolchain/arm/arm-gnu-toolchain/bin/../lib/gcc/arm-none-eabi/6.3.1/../../../../arm-none-eabi/lib/thumb/v6-m\libc.a(lib_a-lock.o)
                0x00006724                __retarget_lock_acquire_recursive
 .text.__retarget_lock_release_recursive
                0x00006728        0x4 c:/program files (x86)/atmel/studio/7.0/toolchain/arm/arm-gnu-toolchain/bin/../lib/gcc/arm-none-eabi/6.3.1/../../../../arm-none-eabi/lib/thumb/v6-m\libc.a(lib_a-lock.o)
                0x00006728                __retarget_lock_release_recursive
 .text._malloc_r
                0x0000672c      0x568 c:/program files (x86)/atmel/studio/7.0/toolchain/arm/arm-gnu-toolchain/bin/../lib/gcc/arm-none-eabi/6.3.1/../../../../arm-none-eabi/lib/thumb/v6-m\libc.a(lib_a-mallocr.o)
                0x0000672c                _malloc_r
 .text.memchr   0x00006c94       0x80 c:/program files (x86)/atmel/studio/7.0/toolchain/arm/arm-gnu-toolchain/bin/../lib/gcc/arm-none-eabi/6.3.1/../../../../arm-none-eabi/lib/thumb/v6-m\libc.a(lib_a-memchr-stub.o)
                0x00006c94                memchr
 .text.__malloc_lock
                0x00006d14       0x10 c:/program files (x86)/atmel/studio/7.0/toolchain/arm/arm-gnu-toolchain/bin/../lib/gcc/arm-none-eabi/6.3.1/../../../../arm-none-eabi/lib/thumb/v6-m\libc.a(lib_a-mlock.o)
                0x00006d14                __malloc_lock
 .text.__malloc_unlock
                0x00006d24       0x10 c:/program files (x86)/atmel/studio/7.0/toolchain/arm/arm-gnu-toolchain/bin/../lib/gcc/arm-none-eabi/6.3.1/../../../../arm-none-eabi/lib/thumb/v6-m\libc.a(lib_a-mlock.o)
                0x00006d24                __malloc_unlock
 .text._Balloc  0x00006d34       0x50 c:/program files (x86)/atmel/studio/7.0/toolchain/arm/arm-gnu-toolchain/bin/../lib/gcc/arm-none-eabi/6.3.1/../../../../arm-none-eabi/lib/thumb/v6-m\libc.a(lib_a-mprec.o)
                0x00006d34                _Balloc
 .text._Bfree   0x00006d84       0x14 c:/program files (x86)/atmel/studio/7.0/toolchain/arm/arm-gnu-toolchain/bin/../lib/gcc/arm-none-eabi/6.3.1/../../../../arm-none-eabi/lib/thumb/v6-m\libc.a(lib_a-mprec.o)
                0x00006d84                _Bfree
 .text.__multadd
                0x00006d98       0x8c c:/program files (x86)/atmel/studio/7.0/toolchain/arm/arm-gnu-toolchain/bin/../lib/gcc/arm-none-eabi/6.3.1/../../../../arm-none-eabi/lib/thumb/v6-m\libc.a(lib_a-mprec.o)
                0x00006d98                __multadd
 .text.__hi0bits
                0x00006e24       0x34 c:/program files (x86)/atmel/studio/7.0/toolchain/arm/arm-gnu-toolchain/bin/../lib/gcc/arm-none-eabi/6.3.1/../../../../arm-none-eabi/lib/thumb/v6-m\libc.a(lib_a-mprec.o)
                0x00006e24                __hi0bits
 .text.__lo0bits
                0x00006e58       0x5c c:/program files (x86)/atmel/studio/7.0/toolchain/arm/arm-gnu-toolchain/bin/../lib/gcc/arm-none-eabi/6.3.1/../../../../arm-none-eabi/lib/thumb/v6-m\libc.a(lib_a-mprec.o)
                0x00006e58                __lo0bits
 .text.__i2b    0x00006eb4       0x14 c:/program files (x86)/atmel/studio/7.0/toolchain/arm/arm-gnu-toolchain/bin/../lib/gcc/arm-none-eabi/6.3.1/../../../../arm-none-eabi/lib/thumb/v6-m\libc.a(lib_a-mprec.o)
                0x00006eb4                __i2b
 .text.__multiply
                0x00006ec8      0x154 c:/program files (x86)/atmel/studio/7.0/toolchain/arm/arm-gnu-toolchain/bin/../lib/gcc/arm-none-eabi/6.3.1/../../../../arm-none-eabi/lib/thumb/v6-m\libc.a(lib_a-mprec.o)
                0x00006ec8                __multiply
 .text.__pow5mult
                0x0000701c       0xc0 c:/program files (x86)/atmel/studio/7.0/toolchain/arm/arm-gnu-toolchain/bin/../lib/gcc/arm-none-eabi/6.3.1/../../../../arm-none-eabi/lib/thumb/v6-m\libc.a(lib_a-mprec.o)
                0x0000701c                __pow5mult
 .text.__lshift
                0x000070dc       0xc0 c:/program files (x86)/atmel/studio/7.0/toolchain/arm/arm-gnu-toolchain/bin/../lib/gcc/arm-none-eabi/6.3.1/../../../../arm-none-eabi/lib/thumb/v6-m\libc.a(lib_a-mprec.o)
                0x000070dc                __lshift
 .text.__mcmp   0x0000719c       0x34 c:/program files (x86)/atmel/studio/7.0/toolchain/arm/arm-gnu-toolchain/bin/../lib/gcc/arm-none-eabi/6.3.1/../../../../arm-none-eabi/lib/thumb/v6-m\libc.a(lib_a-mprec.o)
                0x0000719c                __mcmp
 .text.__mdiff  0x000071d0      0x138 c:/program files (x86)/atmel/studio/7.0/toolchain/arm/arm-gnu-toolchain/bin/../lib/gcc/arm-none-eabi/6.3.1/../../../../arm-none-eabi/lib/thumb/v6-m\libc.a(lib_a-mprec.o)
                0x000071d0                __mdiff
 .text.__d2b    0x00007308       0xbc c:/program files (x86)/atmel/studio/7.0/toolchain/arm/arm-gnu-toolchain/bin/../lib/gcc/arm-none-eabi/6.3.1/../../../../arm-none-eabi/lib/thumb/v6-m\libc.a(lib_a-mprec.o)
                0x00007308                __d2b
 .text._sbrk_r  0x000073c4       0x24 c:/program files (x86)/atmel/studio/7.0/toolchain/arm/arm-gnu-toolchain/bin/../lib/gcc/arm-none-eabi/6.3.1/../../../../arm-none-eabi/lib/thumb/v6-m\libc.a(lib_a-sbrkr.o)
                0x000073c4                _sbrk_r
 .text._svfprintf_r
                0x000073e8     0x1608 c:/program files (x86)/atmel/studio/7.0/toolchain/arm/arm-gnu-toolchain/bin/../lib/gcc/arm-none-eabi/6.3.1/../../../../arm-none-eabi/lib/thumb/v6-m\libc.a(lib_a-svfprintf.o)
                0x000073e8                _svfprintf_r
 .text.__register_exitproc
                0x000089f0       0xf4 c:/program files (x86)/atmel/studio/7.0/toolchain/arm/arm-gnu-toolchain/bin/../lib/gcc/arm-none-eabi/6.3.1/../../../../arm-none-eabi/lib/thumb/v6-m\libc.a(lib_a-__atexit.o)
                0x000089f0                __register_exitproc
 .text._calloc_r
                0x00008ae4       0x58 c:/program files (x86)/atmel/studio/7.0/toolchain/arm/arm-gnu-toolchain/bin/../lib/gcc/arm-none-eabi/6.3.1/../../../../arm-none-eabi/lib/thumb/v6-m\libc.a(lib_a-callocr.o)
                0x00008ae4                _calloc_r
 .text.__ascii_mbtowc
                0x00008b3c       0x2c c:/program files (x86)/atmel/studio/7.0/toolchain/arm/arm-gnu-toolchain/bin/../lib/gcc/arm-none-eabi/6.3.1/../../../../arm-none-eabi/lib/thumb/v6-m\libc.a(lib_a-mbtowc_r.o)
                0x00008b3c                __ascii_mbtowc
 .text.memmove  0x00008b68       0xa0 c:/program files (x86)/atmel/studio/7.0/toolchain/arm/arm-gnu-toolchain/bin/../lib/gcc/arm-none-eabi/6.3.1/../../../../arm-none-eabi/lib/thumb/v6-m\libc.a(lib_a-memmove.o)
                0x00008b68                memmove
 .text._realloc_r
                0x00008c08      0x37c c:/program files (x86)/atmel/studio/7.0/toolchain/arm/arm-gnu-toolchain/bin/../lib/gcc/arm-none-eabi/6.3.1/../../../../arm-none-eabi/lib/thumb/v6-m\libc.a(lib_a-reallocr.o)
                0x00008c08                _realloc_r
 .text.__ssprint_r
                0x00008f84      0x120 c:/program files (x86)/atmel/studio/7.0/toolchain/arm/arm-gnu-toolchain/bin/../lib/gcc/arm-none-eabi/6.3.1/../../../../arm-none-eabi/lib/thumb/v6-m\libc.a(lib_a-svfiprintf.o)
                0x00008f84                __ssprint_r
 .text.__ascii_wctomb
                0x000090a4       0x1c c:/program files (x86)/atmel/studio/7.0/toolchain/arm/arm-gnu-toolchain/bin/../lib/gcc/arm-none-eabi/6.3.1/../../../../arm-none-eabi/lib/thumb/v6-m\libc.a(lib_a-wctomb_r.o)
                0x000090a4                __ascii_wctomb
 .text          0x000090c0       0x40 c:/program files (x86)/atmel/studio/7.0/toolchain/arm/arm-gnu-toolchain/bin/../lib/gcc/arm-none-eabi/6.3.1/thumb/v6-m\libgcc.a(unorddf2.o)
                0x000090c0                __aeabi_dcmpun
 *(.glue_7t)
 .glue_7t       0x00009100        0x0 linker stubs
 *(.glue_7)
 .glue_7        0x00009100        0x0 linker stubs
 *(.rodata .rodata* .gnu.linkonce.r.*)
 .rodata        0x00009100       0x60 25lcxx_drivers/25LCxx_driver.o
 .rodata.str1.4
                0x00009160      0x8e9 25lcxx_drivers/25LCxx_driver.o
 *fill*         0x00009a49        0x3 
 .rodata.str1.4
                0x00009a4c       0xe2 25lcxx_drivers/25LCxx_driver_basic.o
 *fill*         0x00009b2e        0x2 
 .rodata.str1.4
                0x00009b30       0x14 hal/src/hal_io.o
 .rodata.str1.4
                0x00009b44       0x1c hal/src/hal_spi_m_sync.o
 .rodata.str1.4
                0x00009b60       0x1d hal/src/hal_usart_async.o
 *fill*         0x00009b7d        0x3 
 .rodata.str1.4
                0x00009b80       0x24 hal/utils/src/utils_ringbuffer.o
 .rodata        0x00009ba4       0x4d hpl/sercom/hpl_sercom.o
 *fill*         0x00009bf1        0x3 
 .rodata.str1.4
                0x00009bf4       0x1b hpl/sercom/hpl_sercom.o
 *fill*         0x00009c0f        0x1 
 .rodata        0x00009c10        0xa main.o
                0x00009c10                pDataWrite
 *fill*         0x00009c1a        0x2 
 .rodata.str1.4
                0x00009c1c      0x175 main.o
 *fill*         0x00009d91        0x3 
 .rodata        0x00009d94       0x80 c:/program files (x86)/atmel/studio/7.0/toolchain/arm/arm-gnu-toolchain/bin/../lib/gcc/arm-none-eabi/6.3.1/thumb/v6-m\libgcc.a(divsf3.o)
 .rodata        0x00009e14       0x40 c:/program files (x86)/atmel/studio/7.0/toolchain/arm/arm-gnu-toolchain/bin/../lib/gcc/arm-none-eabi/6.3.1/thumb/v6-m\libgcc.a(divdf3.o)
 .rodata        0x00009e54       0x40 c:/program files (x86)/atmel/studio/7.0/toolchain/arm/arm-gnu-toolchain/bin/../lib/gcc/arm-none-eabi/6.3.1/thumb/v6-m\libgcc.a(muldf3.o)
 .rodata._global_impure_ptr
                0x00009e94        0x4 c:/program files (x86)/atmel/studio/7.0/toolchain/arm/arm-gnu-toolchain/bin/../lib/gcc/arm-none-eabi/6.3.1/../../../../arm-none-eabi/lib/thumb/v6-m\libc.a(lib_a-impure.o)
                0x00009e94                _global_impure_ptr
 .rodata._dtoa_r.str1.4
                0x00009e98       0x12 c:/program files (x86)/atmel/studio/7.0/toolchain/arm/arm-gnu-toolchain/bin/../lib/gcc/arm-none-eabi/6.3.1/../../../../arm-none-eabi/lib/thumb/v6-m\libc.a(lib_a-dtoa.o)
 *fill*         0x00009eaa        0x6 
 .rodata.__mprec_bigtens
                0x00009eb0       0x28 c:/program files (x86)/atmel/studio/7.0/toolchain/arm/arm-gnu-toolchain/bin/../lib/gcc/arm-none-eabi/6.3.1/../../../../arm-none-eabi/lib/thumb/v6-m\libc.a(lib_a-mprec.o)
                0x00009eb0                __mprec_bigtens
 .rodata.__mprec_tens
                0x00009ed8       0xc8 c:/program files (x86)/atmel/studio/7.0/toolchain/arm/arm-gnu-toolchain/bin/../lib/gcc/arm-none-eabi/6.3.1/../../../../arm-none-eabi/lib/thumb/v6-m\libc.a(lib_a-mprec.o)
                0x00009ed8                __mprec_tens
 .rodata.p05.6055
                0x00009fa0        0xc c:/program files (x86)/atmel/studio/7.0/toolchain/arm/arm-gnu-toolchain/bin/../lib/gcc/arm-none-eabi/6.3.1/../../../../arm-none-eabi/lib/thumb/v6-m\libc.a(lib_a-mprec.o)
 .rodata._svfprintf_r
                0x00009fac      0x164 c:/program files (x86)/atmel/studio/7.0/toolchain/arm/arm-gnu-toolchain/bin/../lib/gcc/arm-none-eabi/6.3.1/../../../../arm-none-eabi/lib/thumb/v6-m\libc.a(lib_a-svfprintf.o)
 .rodata._svfprintf_r.str1.4
                0x0000a110       0x3f c:/program files (x86)/atmel/studio/7.0/toolchain/arm/arm-gnu-toolchain/bin/../lib/gcc/arm-none-eabi/6.3.1/../../../../arm-none-eabi/lib/thumb/v6-m\libc.a(lib_a-svfprintf.o)
                                 0x42 (size before relaxing)
 *fill*         0x0000a14f        0x1 
 .rodata.blanks.7223
                0x0000a150       0x10 c:/program files (x86)/atmel/studio/7.0/toolchain/arm/arm-gnu-toolchain/bin/../lib/gcc/arm-none-eabi/6.3.1/../../../../arm-none-eabi/lib/thumb/v6-m\libc.a(lib_a-svfprintf.o)
 .rodata.zeroes.7224
                0x0000a160       0x10 c:/program files (x86)/atmel/studio/7.0/toolchain/arm/arm-gnu-toolchain/bin/../lib/gcc/arm-none-eabi/6.3.1/../../../../arm-none-eabi/lib/thumb/v6-m\libc.a(lib_a-svfprintf.o)
 .rodata._setlocale_r.str1.4
                0x0000a170        0xa c:/program files (x86)/atmel/studio/7.0/toolchain/arm/arm-gnu-toolchain/bin/../lib/gcc/arm-none-eabi/6.3.1/../../../../arm-none-eabi/lib/thumb/v6-m\libc.a(lib_a-locale.o)
                                  0xd (size before relaxing)
 *fill*         0x0000a17a        0x2 
 .rodata.str1.4
                0x0000a17c        0x4 c:/program files (x86)/atmel/studio/7.0/toolchain/arm/arm-gnu-toolchain/bin/../lib/gcc/arm-none-eabi/6.3.1/../../../../arm-none-eabi/lib/thumb/v6-m\libc.a(lib_a-locale.o)
                                  0x2 (size before relaxing)
 .rodata._ctype_
                0x0000a180      0x101 c:/program files (x86)/atmel/studio/7.0/toolchain/arm/arm-gnu-toolchain/bin/../lib/gcc/arm-none-eabi/6.3.1/../../../../arm-none-eabi/lib/thumb/v6-m\libc.a(lib_a-ctype_.o)
                0x0000a180                _ctype_
 *(.ARM.extab* .gnu.linkonce.armextab.*)
                0x0000a284                . = ALIGN (0x4)
 *fill*         0x0000a281        0x3 
 *(.init)
 .init          0x0000a284        0x4 c:/program files (x86)/atmel/studio/7.0/toolchain/arm/arm-gnu-toolchain/bin/../lib/gcc/arm-none-eabi/6.3.1/thumb/v6-m/crti.o
                0x0000a284                _init
 .init          0x0000a288        0x8 c:/program files (x86)/atmel/studio/7.0/toolchain/arm/arm-gnu-toolchain/bin/../lib/gcc/arm-none-eabi/6.3.1/thumb/v6-m/crtn.o
                0x0000a290                . = ALIGN (0x4)
                0x0000a290                __preinit_array_start = .
 *(.preinit_array)
                0x0000a290                __preinit_array_end = .
                0x0000a290                . = ALIGN (0x4)
                0x0000a290                __init_array_start = .
 *(SORT(.init_array.*))
 .init_array.00000
                0x0000a290        0x4 c:/program files (x86)/atmel/studio/7.0/toolchain/arm/arm-gnu-toolchain/bin/../lib/gcc/arm-none-eabi/6.3.1/../../../../arm-none-eabi/lib/thumb/v6-m\libc.a(lib_a-__call_atexit.o)
 *(.init_array)
 .init_array    0x0000a294        0x4 c:/program files (x86)/atmel/studio/7.0/toolchain/arm/arm-gnu-toolchain/bin/../lib/gcc/arm-none-eabi/6.3.1/thumb/v6-m/crtbegin.o
                0x0000a298                __init_array_end = .
                0x0000a298                . = ALIGN (0x4)
 *crtbegin.o(.ctors)
 *(EXCLUDE_FILE(*crtend.o) .ctors)
 *(SORT(.ctors.*))
 *crtend.o(.ctors)
                0x0000a298                . = ALIGN (0x4)
 *(.fini)
 .fini          0x0000a298        0x4 c:/program files (x86)/atmel/studio/7.0/toolchain/arm/arm-gnu-toolchain/bin/../lib/gcc/arm-none-eabi/6.3.1/thumb/v6-m/crti.o
                0x0000a298                _fini
 .fini          0x0000a29c        0x8 c:/program files (x86)/atmel/studio/7.0/toolchain/arm/arm-gnu-toolchain/bin/../lib/gcc/arm-none-eabi/6.3.1/thumb/v6-m/crtn.o
                0x0000a2a4                . = ALIGN (0x4)
                0x0000a2a4                __fini_array_start = .
 *(.fini_array)
 .fini_array    0x0000a2a4        0x4 c:/program files (x86)/atmel/studio/7.0/toolchain/arm/arm-gnu-toolchain/bin/../lib/gcc/arm-none-eabi/6.3.1/thumb/v6-m/crtbegin.o
 *(SORT(.fini_array.*))
                0x0000a2a8                __fini_array_end = .
 *crtbegin.o(.dtors)
 *(EXCLUDE_FILE(*crtend.o) .dtors)
 *(SORT(.dtors.*))
 *crtend.o(.dtors)
                0x0000a2a8                . = ALIGN (0x4)
                0x0000a2a8                _efixed = .
                [!provide]                PROVIDE (__exidx_start, .)

.vfp11_veneer   0x0000a2a8        0x0
 .vfp11_veneer  0x0000a2a8        0x0 linker stubs

.v4_bx          0x0000a2a8        0x0
 .v4_bx         0x0000a2a8        0x0 linker stubs

.iplt           0x0000a2a8        0x0
 .iplt          0x0000a2a8        0x0 c:/program files (x86)/atmel/studio/7.0/toolchain/arm/arm-gnu-toolchain/bin/../lib/gcc/arm-none-eabi/6.3.1/thumb/v6-m/crtbegin.o

.ARM.exidx      0x0000a2a8        0x8
 *(.ARM.exidx* .gnu.linkonce.armexidx.*)
 .ARM.exidx     0x0000a2a8        0x8 c:/program files (x86)/atmel/studio/7.0/toolchain/arm/arm-gnu-toolchain/bin/../lib/gcc/arm-none-eabi/6.3.1/thumb/v6-m\libgcc.a(_udivmoddi4.o)
                [!provide]                PROVIDE (__exidx_end, .)

.eh_frame       0x0000a2b0        0x0
 .eh_frame      0x0000a2b0        0x0 c:/program files (x86)/atmel/studio/7.0/toolchain/arm/arm-gnu-toolchain/bin/../lib/gcc/arm-none-eabi/6.3.1/thumb/v6-m/crtbegin.o

.rel.dyn        0x0000a2b0        0x0
 .rel.iplt      0x0000a2b0        0x0 c:/program files (x86)/atmel/studio/7.0/toolchain/arm/arm-gnu-toolchain/bin/../lib/gcc/arm-none-eabi/6.3.1/thumb/v6-m/crtbegin.o

.jcr            0x0000a2b0        0x0
 .jcr           0x0000a2b0        0x0 c:/program files (x86)/atmel/studio/7.0/toolchain/arm/arm-gnu-toolchain/bin/../lib/gcc/arm-none-eabi/6.3.1/thumb/v6-m/crtbegin.o

.igot.plt       0x0000a2b0        0x0
 .igot.plt      0x0000a2b0        0x0 c:/program files (x86)/atmel/studio/7.0/toolchain/arm/arm-gnu-toolchain/bin/../lib/gcc/arm-none-eabi/6.3.1/thumb/v6-m/crtbegin.o
                0x0000a2b0                . = ALIGN (0x4)
                0x0000a2b0                _etext = .

.relocate       0x20000000      0x9b8 load address 0x0000a2b0
                0x20000000                . = ALIGN (0x4)
                0x20000000                _srelocate = .
 *(.ramfunc .ramfunc.*)
 *(.data .data.*)
 .data          0x20000000        0x8 main.o
                0x20000000                dateTime
                0x20000004                floatData
 .data._impure_ptr
                0x20000008        0x4 c:/program files (x86)/atmel/studio/7.0/toolchain/arm/arm-gnu-toolchain/bin/../lib/gcc/arm-none-eabi/6.3.1/../../../../arm-none-eabi/lib/thumb/v6-m\libc.a(lib_a-impure.o)
                0x20000008                _impure_ptr
 *fill*         0x2000000c        0x4 
 .data.impure_data
                0x20000010      0x428 c:/program files (x86)/atmel/studio/7.0/toolchain/arm/arm-gnu-toolchain/bin/../lib/gcc/arm-none-eabi/6.3.1/../../../../arm-none-eabi/lib/thumb/v6-m\libc.a(lib_a-impure.o)
 .data.__atexit_recursive_mutex
                0x20000438        0x4 c:/program files (x86)/atmel/studio/7.0/toolchain/arm/arm-gnu-toolchain/bin/../lib/gcc/arm-none-eabi/6.3.1/../../../../arm-none-eabi/lib/thumb/v6-m\libc.a(lib_a-__call_atexit.o)
                0x20000438                __atexit_recursive_mutex
 .data.__malloc_av_
                0x2000043c      0x408 c:/program files (x86)/atmel/studio/7.0/toolchain/arm/arm-gnu-toolchain/bin/../lib/gcc/arm-none-eabi/6.3.1/../../../../arm-none-eabi/lib/thumb/v6-m\libc.a(lib_a-mallocr.o)
                0x2000043c                __malloc_av_
 .data.__malloc_sbrk_base
                0x20000844        0x4 c:/program files (x86)/atmel/studio/7.0/toolchain/arm/arm-gnu-toolchain/bin/../lib/gcc/arm-none-eabi/6.3.1/../../../../arm-none-eabi/lib/thumb/v6-m\libc.a(lib_a-mallocr.o)
                0x20000844                __malloc_sbrk_base
 .data.__malloc_trim_threshold
                0x20000848        0x4 c:/program files (x86)/atmel/studio/7.0/toolchain/arm/arm-gnu-toolchain/bin/../lib/gcc/arm-none-eabi/6.3.1/../../../../arm-none-eabi/lib/thumb/v6-m\libc.a(lib_a-mallocr.o)
                0x20000848                __malloc_trim_threshold
 .data.__global_locale
                0x2000084c      0x16c c:/program files (x86)/atmel/studio/7.0/toolchain/arm/arm-gnu-toolchain/bin/../lib/gcc/arm-none-eabi/6.3.1/../../../../arm-none-eabi/lib/thumb/v6-m\libc.a(lib_a-locale.o)
                0x2000084c                __global_locale
                0x200009b8                . = ALIGN (0x4)
                0x200009b8                _erelocate = .

.bss            0x200009b8      0x1a8 load address 0x0000ac68
                0x200009b8                . = ALIGN (0x4)
                0x200009b8                _sbss = .
                0x200009b8                _szero = .
 *(.bss .bss.*)
 .bss           0x200009b8       0x1c c:/program files (x86)/atmel/studio/7.0/toolchain/arm/arm-gnu-toolchain/bin/../lib/gcc/arm-none-eabi/6.3.1/thumb/v6-m/crtbegin.o
 .bss           0x200009d4        0xf 25lcxx_drivers/25LCxx_driver.o
 *fill*         0x200009e3        0x1 
 .bss           0x200009e4       0x2e 25lcxx_drivers/25LCxx_driver_basic.o
 *fill*         0x20000a12        0x2 
 .bss           0x20000a14       0x10 driver_init.o
 .bss           0x20000a24        0x4 hal/src/hal_delay.o
 .bss           0x20000a28        0x4 hal/utils/src/utils_syscalls.o
 .bss           0x20000a2c        0x4 hpl/sercom/hpl_sercom.o
 .bss.__malloc_current_mallinfo
                0x20000a30       0x28 c:/program files (x86)/atmel/studio/7.0/toolchain/arm/arm-gnu-toolchain/bin/../lib/gcc/arm-none-eabi/6.3.1/../../../../arm-none-eabi/lib/thumb/v6-m\libc.a(lib_a-mallocr.o)
                0x20000a30                __malloc_current_mallinfo
 .bss.__malloc_max_sbrked_mem
                0x20000a58        0x4 c:/program files (x86)/atmel/studio/7.0/toolchain/arm/arm-gnu-toolchain/bin/../lib/gcc/arm-none-eabi/6.3.1/../../../../arm-none-eabi/lib/thumb/v6-m\libc.a(lib_a-mallocr.o)
                0x20000a58                __malloc_max_sbrked_mem
 .bss.__malloc_max_total_mem
                0x20000a5c        0x4 c:/program files (x86)/atmel/studio/7.0/toolchain/arm/arm-gnu-toolchain/bin/../lib/gcc/arm-none-eabi/6.3.1/../../../../arm-none-eabi/lib/thumb/v6-m\libc.a(lib_a-mallocr.o)
                0x20000a5c                __malloc_max_total_mem
 .bss.__malloc_top_pad
                0x20000a60        0x4 c:/program files (x86)/atmel/studio/7.0/toolchain/arm/arm-gnu-toolchain/bin/../lib/gcc/arm-none-eabi/6.3.1/../../../../arm-none-eabi/lib/thumb/v6-m\libc.a(lib_a-mallocr.o)
                0x20000a60                __malloc_top_pad
 *(COMMON)
 COMMON         0x20000a64       0x68 driver_init.o
                0x20000a64                SPI_0
                0x20000a7c                USART_0
 COMMON         0x20000acc       0x6c main.o
                0x20000acc                dataAddress
                0x20000ace                totalSize
                0x20000ad0                pDataRead
                0x20000ae4                e_25LCxxInfo
                0x20000b28                err
                0x20000b2c                freeSpace
                0x20000b2e                singleByteDataRead
                0x20000b2f                numByteRead
                0x20000b30                usedSpace
                0x20000b34                byteGet
 COMMON         0x20000b38       0x21 c:/program files (x86)/atmel/studio/7.0/toolchain/arm/arm-gnu-toolchain/bin/../lib/gcc/arm-none-eabi/6.3.1/../../../../arm-none-eabi/lib/thumb/v6-m\libc.a(lib_a-lock.o)
                0x20000b38                __lock___atexit_recursive_mutex
                0x20000b3c                __lock___arc4random_mutex
                0x20000b40                __lock___env_recursive_mutex
                0x20000b44                __lock___sinit_recursive_mutex
                0x20000b48                __lock___malloc_recursive_mutex
                0x20000b4c                __lock___at_quick_exit_mutex
                0x20000b50                __lock___dd_hash_mutex
                0x20000b54                __lock___tz_mutex
                0x20000b58                __lock___sfp_recursive_mutex
 *fill*         0x20000b59        0x3 
 COMMON         0x20000b5c        0x4 c:/program files (x86)/atmel/studio/7.0/toolchain/arm/arm-gnu-toolchain/bin/../lib/gcc/arm-none-eabi/6.3.1/../../../../arm-none-eabi/lib/thumb/v6-m\libc.a(lib_a-reent.o)
                0x20000b5c                errno
                0x20000b60                . = ALIGN (0x4)
                0x20000b60                _ebss = .
                0x20000b60                _ezero = .

.stack          0x20000b60     0x2000 load address 0x0000ae10
                0x20000b60                . = ALIGN (0x8)
                0x20000b60                _sstack = .
                0x20002b60                . = (. + STACK_SIZE)
 *fill*         0x20000b60     0x2000 
                0x20002b60                . = ALIGN (0x8)
                0x20002b60                _estack = .
                0x20002b60                . = ALIGN (0x4)
                0x20002b60                _end = .
OUTPUT(25lcxx_eeprom.elf elf32-littlearm)

.ARM.attributes
                0x00000000       0x28
 .ARM.attributes
                0x00000000       0x1e c:/program files (x86)/atmel/studio/7.0/toolchain/arm/arm-gnu-toolchain/bin/../lib/gcc/arm-none-eabi/6.3.1/thumb/v6-m/crti.o
 .ARM.attributes
                0x0000001e       0x2c c:/program files (x86)/atmel/studio/7.0/toolchain/arm/arm-gnu-toolchain/bin/../lib/gcc/arm-none-eabi/6.3.1/thumb/v6-m/crtbegin.o
 .ARM.attributes
                0x0000004a       0x32 25lcxx_drivers/25LCxx_driver.o
 .ARM.attributes
                0x0000007c       0x32 25lcxx_drivers/25LCxx_driver_basic.o
 .ARM.attributes
                0x000000ae       0x32 25lcxx_drivers/25LCxx_driver_interface.o
 .ARM.attributes
                0x000000e0       0x32 atmel_start.o
 .ARM.attributes
                0x00000112       0x32 Device_Startup/startup_samd21.o
 .ARM.attributes
                0x00000144       0x32 driver_init.o
 .ARM.attributes
                0x00000176       0x32 hal/src/hal_atomic.o
 .ARM.attributes
                0x000001a8       0x32 hal/src/hal_delay.o
 .ARM.attributes
                0x000001da       0x32 hal/src/hal_io.o
 .ARM.attributes
                0x0000020c       0x32 hal/src/hal_spi_m_sync.o
 .ARM.attributes
                0x0000023e       0x32 hal/src/hal_usart_async.o
 .ARM.attributes
                0x00000270       0x32 hal/utils/src/utils_assert.o
 .ARM.attributes
                0x000002a2       0x32 hal/utils/src/utils_ringbuffer.o
 .ARM.attributes
                0x000002d4       0x32 hal/utils/src/utils_syscalls.o
 .ARM.attributes
                0x00000306       0x32 hpl/core/hpl_core_m0plus_base.o
 .ARM.attributes
                0x00000338       0x32 hpl/core/hpl_init.o
 .ARM.attributes
                0x0000036a       0x32 hpl/gclk/hpl_gclk.o
 .ARM.attributes
                0x0000039c       0x32 hpl/pm/hpl_pm.o
 .ARM.attributes
                0x000003ce       0x32 hpl/sercom/hpl_sercom.o
 .ARM.attributes
                0x00000400       0x32 hpl/sysctrl/hpl_sysctrl.o
 .ARM.attributes
                0x00000432       0x32 main.o
 .ARM.attributes
                0x00000464       0x2c c:/program files (x86)/atmel/studio/7.0/toolchain/arm/arm-gnu-toolchain/bin/../lib/gcc/arm-none-eabi/6.3.1/../../../../arm-none-eabi/lib/thumb/v6-m\libm.a(lib_a-s_ceil.o)
 .ARM.attributes
                0x00000490       0x1e c:/program files (x86)/atmel/studio/7.0/toolchain/arm/arm-gnu-toolchain/bin/../lib/gcc/arm-none-eabi/6.3.1/thumb/v6-m\libgcc.a(_udivsi3.o)
 .ARM.attributes
                0x000004ae       0x1e c:/program files (x86)/atmel/studio/7.0/toolchain/arm/arm-gnu-toolchain/bin/../lib/gcc/arm-none-eabi/6.3.1/thumb/v6-m\libgcc.a(_divsi3.o)
 .ARM.attributes
                0x000004cc       0x1e c:/program files (x86)/atmel/studio/7.0/toolchain/arm/arm-gnu-toolchain/bin/../lib/gcc/arm-none-eabi/6.3.1/thumb/v6-m\libgcc.a(_dvmd_tls.o)
 .ARM.attributes
                0x000004ea       0x1e c:/program files (x86)/atmel/studio/7.0/toolchain/arm/arm-gnu-toolchain/bin/../lib/gcc/arm-none-eabi/6.3.1/thumb/v6-m\libgcc.a(_arm_cmpdf2.o)
 .ARM.attributes
                0x00000508       0x1e c:/program files (x86)/atmel/studio/7.0/toolchain/arm/arm-gnu-toolchain/bin/../lib/gcc/arm-none-eabi/6.3.1/thumb/v6-m\libgcc.a(_aeabi_uldivmod.o)
 .ARM.attributes
                0x00000526       0x2c c:/program files (x86)/atmel/studio/7.0/toolchain/arm/arm-gnu-toolchain/bin/../lib/gcc/arm-none-eabi/6.3.1/thumb/v6-m\libgcc.a(_fixunssfsi.o)
 .ARM.attributes
                0x00000552       0x2c c:/program files (x86)/atmel/studio/7.0/toolchain/arm/arm-gnu-toolchain/bin/../lib/gcc/arm-none-eabi/6.3.1/thumb/v6-m\libgcc.a(_fixunsdfsi.o)
 .ARM.attributes
                0x0000057e       0x2c c:/program files (x86)/atmel/studio/7.0/toolchain/arm/arm-gnu-toolchain/bin/../lib/gcc/arm-none-eabi/6.3.1/thumb/v6-m\libgcc.a(_udivmoddi4.o)
 .ARM.attributes
                0x000005aa       0x2c c:/program files (x86)/atmel/studio/7.0/toolchain/arm/arm-gnu-toolchain/bin/../lib/gcc/arm-none-eabi/6.3.1/thumb/v6-m\libgcc.a(divsf3.o)
 .ARM.attributes
                0x000005d6       0x2c c:/program files (x86)/atmel/studio/7.0/toolchain/arm/arm-gnu-toolchain/bin/../lib/gcc/arm-none-eabi/6.3.1/thumb/v6-m\libgcc.a(subsf3.o)
 .ARM.attributes
                0x00000602       0x2c c:/program files (x86)/atmel/studio/7.0/toolchain/arm/arm-gnu-toolchain/bin/../lib/gcc/arm-none-eabi/6.3.1/thumb/v6-m\libgcc.a(fixsfsi.o)
 .ARM.attributes
                0x0000062e       0x2c c:/program files (x86)/atmel/studio/7.0/toolchain/arm/arm-gnu-toolchain/bin/../lib/gcc/arm-none-eabi/6.3.1/thumb/v6-m\libgcc.a(floatsisf.o)
 .ARM.attributes
                0x0000065a       0x2c c:/program files (x86)/atmel/studio/7.0/toolchain/arm/arm-gnu-toolchain/bin/../lib/gcc/arm-none-eabi/6.3.1/thumb/v6-m\libgcc.a(floatunsisf.o)
 .ARM.attributes
                0x00000686       0x2c c:/program files (x86)/atmel/studio/7.0/toolchain/arm/arm-gnu-toolchain/bin/../lib/gcc/arm-none-eabi/6.3.1/thumb/v6-m\libgcc.a(adddf3.o)
 .ARM.attributes
                0x000006b2       0x2c c:/program files (x86)/atmel/studio/7.0/toolchain/arm/arm-gnu-toolchain/bin/../lib/gcc/arm-none-eabi/6.3.1/thumb/v6-m\libgcc.a(divdf3.o)
 .ARM.attributes
                0x000006de       0x2c c:/program files (x86)/atmel/studio/7.0/toolchain/arm/arm-gnu-toolchain/bin/../lib/gcc/arm-none-eabi/6.3.1/thumb/v6-m\libgcc.a(eqdf2.o)
 .ARM.attributes
                0x0000070a       0x2c c:/program files (x86)/atmel/studio/7.0/toolchain/arm/arm-gnu-toolchain/bin/../lib/gcc/arm-none-eabi/6.3.1/thumb/v6-m\libgcc.a(gedf2.o)
 .ARM.attributes
                0x00000736       0x2c c:/program files (x86)/atmel/studio/7.0/toolchain/arm/arm-gnu-toolchain/bin/../lib/gcc/arm-none-eabi/6.3.1/thumb/v6-m\libgcc.a(ledf2.o)
 .ARM.attributes
                0x00000762       0x2c c:/program files (x86)/atmel/studio/7.0/toolchain/arm/arm-gnu-toolchain/bin/../lib/gcc/arm-none-eabi/6.3.1/thumb/v6-m\libgcc.a(muldf3.o)
 .ARM.attributes
                0x0000078e       0x2c c:/program files (x86)/atmel/studio/7.0/toolchain/arm/arm-gnu-toolchain/bin/../lib/gcc/arm-none-eabi/6.3.1/thumb/v6-m\libgcc.a(subdf3.o)
 .ARM.attributes
                0x000007ba       0x2c c:/program files (x86)/atmel/studio/7.0/toolchain/arm/arm-gnu-toolchain/bin/../lib/gcc/arm-none-eabi/6.3.1/thumb/v6-m\libgcc.a(fixdfsi.o)
 .ARM.attributes
                0x000007e6       0x2c c:/program files (x86)/atmel/studio/7.0/toolchain/arm/arm-gnu-toolchain/bin/../lib/gcc/arm-none-eabi/6.3.1/thumb/v6-m\libgcc.a(floatsidf.o)
 .ARM.attributes
                0x00000812       0x2c c:/program files (x86)/atmel/studio/7.0/toolchain/arm/arm-gnu-toolchain/bin/../lib/gcc/arm-none-eabi/6.3.1/thumb/v6-m\libgcc.a(floatunsidf.o)
 .ARM.attributes
                0x0000083e       0x2c c:/program files (x86)/atmel/studio/7.0/toolchain/arm/arm-gnu-toolchain/bin/../lib/gcc/arm-none-eabi/6.3.1/thumb/v6-m\libgcc.a(extendsfdf2.o)
 .ARM.attributes
                0x0000086a       0x1e c:/program files (x86)/atmel/studio/7.0/toolchain/arm/arm-gnu-toolchain/bin/../lib/gcc/arm-none-eabi/6.3.1/thumb/v6-m\libgcc.a(_arm_cmpsf2.o)
 .ARM.attributes
                0x00000888       0x1e c:/program files (x86)/atmel/studio/7.0/toolchain/arm/arm-gnu-toolchain/bin/../lib/gcc/arm-none-eabi/6.3.1/thumb/v6-m\libgcc.a(_clzsi2.o)
 .ARM.attributes
                0x000008a6       0x1e c:/program files (x86)/atmel/studio/7.0/toolchain/arm/arm-gnu-toolchain/bin/../lib/gcc/arm-none-eabi/6.3.1/thumb/v6-m\libgcc.a(_clzdi2.o)
 .ARM.attributes
                0x000008c4       0x2c c:/program files (x86)/atmel/studio/7.0/toolchain/arm/arm-gnu-toolchain/bin/../lib/gcc/arm-none-eabi/6.3.1/thumb/v6-m\libgcc.a(eqsf2.o)
 .ARM.attributes
                0x000008f0       0x2c c:/program files (x86)/atmel/studio/7.0/toolchain/arm/arm-gnu-toolchain/bin/../lib/gcc/arm-none-eabi/6.3.1/thumb/v6-m\libgcc.a(gesf2.o)
 .ARM.attributes
                0x0000091c       0x2c c:/program files (x86)/atmel/studio/7.0/toolchain/arm/arm-gnu-toolchain/bin/../lib/gcc/arm-none-eabi/6.3.1/thumb/v6-m\libgcc.a(lesf2.o)
 .ARM.attributes
                0x00000948       0x2c c:/program files (x86)/atmel/studio/7.0/toolchain/arm/arm-gnu-toolchain/bin/../lib/gcc/arm-none-eabi/6.3.1/../../../../arm-none-eabi/lib/thumb/v6-m\libc.a(lib_a-impure.o)
 .ARM.attributes
                0x00000974       0x2c c:/program files (x86)/atmel/studio/7.0/toolchain/arm/arm-gnu-toolchain/bin/../lib/gcc/arm-none-eabi/6.3.1/../../../../arm-none-eabi/lib/thumb/v6-m\libc.a(lib_a-init.o)
 .ARM.attributes
                0x000009a0       0x2c c:/program files (x86)/atmel/studio/7.0/toolchain/arm/arm-gnu-toolchain/bin/../lib/gcc/arm-none-eabi/6.3.1/../../../../arm-none-eabi/lib/thumb/v6-m\libc.a(lib_a-memcpy-stub.o)
 .ARM.attributes
                0x000009cc       0x2c c:/program files (x86)/atmel/studio/7.0/toolchain/arm/arm-gnu-toolchain/bin/../lib/gcc/arm-none-eabi/6.3.1/../../../../arm-none-eabi/lib/thumb/v6-m\libc.a(lib_a-memset.o)
 .ARM.attributes
                0x000009f8       0x2c c:/program files (x86)/atmel/studio/7.0/toolchain/arm/arm-gnu-toolchain/bin/../lib/gcc/arm-none-eabi/6.3.1/../../../../arm-none-eabi/lib/thumb/v6-m\libc.a(lib_a-strlen-stub.o)
 .ARM.attributes
                0x00000a24       0x2c c:/program files (x86)/atmel/studio/7.0/toolchain/arm/arm-gnu-toolchain/bin/../lib/gcc/arm-none-eabi/6.3.1/../../../../arm-none-eabi/lib/thumb/v6-m\libc.a(lib_a-strncpy.o)
 .ARM.attributes
                0x00000a50       0x2c c:/program files (x86)/atmel/studio/7.0/toolchain/arm/arm-gnu-toolchain/bin/../lib/gcc/arm-none-eabi/6.3.1/../../../../arm-none-eabi/lib/thumb/v6-m\libc.a(lib_a-vsnprintf.o)
 .ARM.attributes
                0x00000a7c       0x2c c:/program files (x86)/atmel/studio/7.0/toolchain/arm/arm-gnu-toolchain/bin/../lib/gcc/arm-none-eabi/6.3.1/../../../../arm-none-eabi/lib/thumb/v6-m\libc.a(lib_a-__call_atexit.o)
 .ARM.attributes
                0x00000aa8       0x2c c:/program files (x86)/atmel/studio/7.0/toolchain/arm/arm-gnu-toolchain/bin/../lib/gcc/arm-none-eabi/6.3.1/../../../../arm-none-eabi/lib/thumb/v6-m\libc.a(lib_a-atexit.o)
 .ARM.attributes
                0x00000ad4       0x2c c:/program files (x86)/atmel/studio/7.0/toolchain/arm/arm-gnu-toolchain/bin/../lib/gcc/arm-none-eabi/6.3.1/../../../../arm-none-eabi/lib/thumb/v6-m\libc.a(lib_a-dtoa.o)
 .ARM.attributes
                0x00000b00       0x2c c:/program files (x86)/atmel/studio/7.0/toolchain/arm/arm-gnu-toolchain/bin/../lib/gcc/arm-none-eabi/6.3.1/../../../../arm-none-eabi/lib/thumb/v6-m\libc.a(lib_a-fini.o)
 .ARM.attributes
                0x00000b2c       0x2c c:/program files (x86)/atmel/studio/7.0/toolchain/arm/arm-gnu-toolchain/bin/../lib/gcc/arm-none-eabi/6.3.1/../../../../arm-none-eabi/lib/thumb/v6-m\libc.a(lib_a-freer.o)
 .ARM.attributes
                0x00000b58       0x2c c:/program files (x86)/atmel/studio/7.0/toolchain/arm/arm-gnu-toolchain/bin/../lib/gcc/arm-none-eabi/6.3.1/../../../../arm-none-eabi/lib/thumb/v6-m\libc.a(lib_a-localeconv.o)
 .ARM.attributes
                0x00000b84       0x2c c:/program files (x86)/atmel/studio/7.0/toolchain/arm/arm-gnu-toolchain/bin/../lib/gcc/arm-none-eabi/6.3.1/../../../../arm-none-eabi/lib/thumb/v6-m\libc.a(lib_a-lock.o)
 .ARM.attributes
                0x00000bb0       0x2c c:/program files (x86)/atmel/studio/7.0/toolchain/arm/arm-gnu-toolchain/bin/../lib/gcc/arm-none-eabi/6.3.1/../../../../arm-none-eabi/lib/thumb/v6-m\libc.a(lib_a-mallocr.o)
 .ARM.attributes
                0x00000bdc       0x2c c:/program files (x86)/atmel/studio/7.0/toolchain/arm/arm-gnu-toolchain/bin/../lib/gcc/arm-none-eabi/6.3.1/../../../../arm-none-eabi/lib/thumb/v6-m\libc.a(lib_a-memchr-stub.o)
 .ARM.attributes
                0x00000c08       0x2c c:/program files (x86)/atmel/studio/7.0/toolchain/arm/arm-gnu-toolchain/bin/../lib/gcc/arm-none-eabi/6.3.1/../../../../arm-none-eabi/lib/thumb/v6-m\libc.a(lib_a-mlock.o)
 .ARM.attributes
                0x00000c34       0x2c c:/program files (x86)/atmel/studio/7.0/toolchain/arm/arm-gnu-toolchain/bin/../lib/gcc/arm-none-eabi/6.3.1/../../../../arm-none-eabi/lib/thumb/v6-m\libc.a(lib_a-mprec.o)
 .ARM.attributes
                0x00000c60       0x2c c:/program files (x86)/atmel/studio/7.0/toolchain/arm/arm-gnu-toolchain/bin/../lib/gcc/arm-none-eabi/6.3.1/../../../../arm-none-eabi/lib/thumb/v6-m\libc.a(lib_a-sbrkr.o)
 .ARM.attributes
                0x00000c8c       0x2c c:/program files (x86)/atmel/studio/7.0/toolchain/arm/arm-gnu-toolchain/bin/../lib/gcc/arm-none-eabi/6.3.1/../../../../arm-none-eabi/lib/thumb/v6-m\libc.a(lib_a-svfprintf.o)
 .ARM.attributes
                0x00000cb8       0x2c c:/program files (x86)/atmel/studio/7.0/toolchain/arm/arm-gnu-toolchain/bin/../lib/gcc/arm-none-eabi/6.3.1/../../../../arm-none-eabi/lib/thumb/v6-m\libc.a(lib_a-__atexit.o)
 .ARM.attributes
                0x00000ce4       0x2c c:/program files (x86)/atmel/studio/7.0/toolchain/arm/arm-gnu-toolchain/bin/../lib/gcc/arm-none-eabi/6.3.1/../../../../arm-none-eabi/lib/thumb/v6-m\libc.a(lib_a-callocr.o)
 .ARM.attributes
                0x00000d10       0x2c c:/program files (x86)/atmel/studio/7.0/toolchain/arm/arm-gnu-toolchain/bin/../lib/gcc/arm-none-eabi/6.3.1/../../../../arm-none-eabi/lib/thumb/v6-m\libc.a(lib_a-locale.o)
 .ARM.attributes
                0x00000d3c       0x2c c:/program files (x86)/atmel/studio/7.0/toolchain/arm/arm-gnu-toolchain/bin/../lib/gcc/arm-none-eabi/6.3.1/../../../../arm-none-eabi/lib/thumb/v6-m\libc.a(lib_a-mbtowc_r.o)
 .ARM.attributes
                0x00000d68       0x2c c:/program files (x86)/atmel/studio/7.0/toolchain/arm/arm-gnu-toolchain/bin/../lib/gcc/arm-none-eabi/6.3.1/../../../../arm-none-eabi/lib/thumb/v6-m\libc.a(lib_a-memmove.o)
 .ARM.attributes
                0x00000d94       0x2c c:/program files (x86)/atmel/studio/7.0/toolchain/arm/arm-gnu-toolchain/bin/../lib/gcc/arm-none-eabi/6.3.1/../../../../arm-none-eabi/lib/thumb/v6-m\libc.a(lib_a-reallocr.o)
 .ARM.attributes
                0x00000dc0       0x2c c:/program files (x86)/atmel/studio/7.0/toolchain/arm/arm-gnu-toolchain/bin/../lib/gcc/arm-none-eabi/6.3.1/../../../../arm-none-eabi/lib/thumb/v6-m\libc.a(lib_a-reent.o)
 .ARM.attributes
                0x00000dec       0x2c c:/program files (x86)/atmel/studio/7.0/toolchain/arm/arm-gnu-toolchain/bin/../lib/gcc/arm-none-eabi/6.3.1/../../../../arm-none-eabi/lib/thumb/v6-m\libc.a(lib_a-svfiprintf.o)
 .ARM.attributes
                0x00000e18       0x2c c:/program files (x86)/atmel/studio/7.0/toolchain/arm/arm-gnu-toolchain/bin/../lib/gcc/arm-none-eabi/6.3.1/../../../../arm-none-eabi/lib/thumb/v6-m\libc.a(lib_a-wctomb_r.o)
 .ARM.attributes
                0x00000e44       0x2c c:/program files (x86)/atmel/studio/7.0/toolchain/arm/arm-gnu-toolchain/bin/../lib/gcc/arm-none-eabi/6.3.1/../../../../arm-none-eabi/lib/thumb/v6-m\libc.a(lib_a-ctype_.o)
 .ARM.attributes
                0x00000e70       0x2c c:/program files (x86)/atmel/studio/7.0/toolchain/arm/arm-gnu-toolchain/bin/../lib/gcc/arm-none-eabi/6.3.1/thumb/v6-m\libgcc.a(unorddf2.o)
 .ARM.attributes
                0x00000e9c       0x1e c:/program files (x86)/atmel/studio/7.0/toolchain/arm/arm-gnu-toolchain/bin/../lib/gcc/arm-none-eabi/6.3.1/thumb/v6-m/crtn.o

.comment        0x00000000       0x59
 .comment       0x00000000       0x59 25lcxx_drivers/25LCxx_driver.o
                                 0x5a (size before relaxing)
 .comment       0x00000059       0x5a 25lcxx_drivers/25LCxx_driver_basic.o
 .comment       0x00000059       0x5a 25lcxx_drivers/25LCxx_driver_interface.o
 .comment       0x00000059       0x5a atmel_start.o
 .comment       0x00000059       0x5a Device_Startup/startup_samd21.o
 .comment       0x00000059       0x5a driver_init.o
 .comment       0x00000059       0x5a hal/src/hal_atomic.o
 .comment       0x00000059       0x5a hal/src/hal_delay.o
 .comment       0x00000059       0x5a hal/src/hal_io.o
 .comment       0x00000059       0x5a hal/src/hal_spi_m_sync.o
 .comment       0x00000059       0x5a hal/src/hal_usart_async.o
 .comment       0x00000059       0x5a hal/utils/src/utils_assert.o
 .comment       0x00000059       0x5a hal/utils/src/utils_ringbuffer.o
 .comment       0x00000059       0x5a hal/utils/src/utils_syscalls.o
 .comment       0x00000059       0x5a hpl/core/hpl_core_m0plus_base.o
 .comment       0x00000059       0x5a hpl/core/hpl_init.o
 .comment       0x00000059       0x5a hpl/gclk/hpl_gclk.o
 .comment       0x00000059       0x5a hpl/pm/hpl_pm.o
 .comment       0x00000059       0x5a hpl/sercom/hpl_sercom.o
 .comment       0x00000059       0x5a hpl/sysctrl/hpl_sysctrl.o
 .comment       0x00000059       0x5a main.o

.debug_info     0x00000000    0x25109
 .debug_info    0x00000000     0x2832 25lcxx_drivers/25LCxx_driver.o
 .debug_info    0x00002832     0x1741 25lcxx_drivers/25LCxx_driver_basic.o
 .debug_info    0x00003f73      0xec6 25lcxx_drivers/25LCxx_driver_interface.o
 .debug_info    0x00004e39      0x467 atmel_start.o
 .debug_info    0x000052a0     0x3a2c Device_Startup/startup_samd21.o
 .debug_info    0x00008ccc     0x8506 driver_init.o
 .debug_info    0x000111d2      0x1d1 hal/src/hal_atomic.o
 .debug_info    0x000113a3      0x1dc hal/src/hal_delay.o
 .debug_info    0x0001157f      0x2b2 hal/src/hal_io.o
 .debug_info    0x00011831      0x9c9 hal/src/hal_spi_m_sync.o
 .debug_info    0x000121fa     0x129e hal/src/hal_usart_async.o
 .debug_info    0x00013498      0x107 hal/utils/src/utils_assert.o
 .debug_info    0x0001359f      0x2f1 hal/utils/src/utils_ringbuffer.o
 .debug_info    0x00013890      0xdca hal/utils/src/utils_syscalls.o
 .debug_info    0x0001465a      0x865 hpl/core/hpl_core_m0plus_base.o
 .debug_info    0x00014ebf      0x677 hpl/core/hpl_init.o
 .debug_info    0x00015536      0x4e1 hpl/gclk/hpl_gclk.o
 .debug_info    0x00015a17      0xc6d hpl/pm/hpl_pm.o
 .debug_info    0x00016684     0xb63a hpl/sercom/hpl_sercom.o
 .debug_info    0x00021cbe     0x1454 hpl/sysctrl/hpl_sysctrl.o
 .debug_info    0x00023112     0x1ff7 main.o

.debug_abbrev   0x00000000     0x2fe5
 .debug_abbrev  0x00000000      0x3cf 25lcxx_drivers/25LCxx_driver.o
 .debug_abbrev  0x000003cf      0x2f1 25lcxx_drivers/25LCxx_driver_basic.o
 .debug_abbrev  0x000006c0      0x2e7 25lcxx_drivers/25LCxx_driver_interface.o
 .debug_abbrev  0x000009a7       0xec atmel_start.o
 .debug_abbrev  0x00000a93      0x227 Device_Startup/startup_samd21.o
 .debug_abbrev  0x00000cba      0x388 driver_init.o
 .debug_abbrev  0x00001042      0x144 hal/src/hal_atomic.o
 .debug_abbrev  0x00001186       0xe1 hal/src/hal_delay.o
 .debug_abbrev  0x00001267      0x115 hal/src/hal_io.o
 .debug_abbrev  0x0000137c      0x1b1 hal/src/hal_spi_m_sync.o
 .debug_abbrev  0x0000152d      0x29f hal/src/hal_usart_async.o
 .debug_abbrev  0x000017cc       0x86 hal/utils/src/utils_assert.o
 .debug_abbrev  0x00001852       0xf4 hal/utils/src/utils_ringbuffer.o
 .debug_abbrev  0x00001946      0x269 hal/utils/src/utils_syscalls.o
 .debug_abbrev  0x00001baf      0x2c6 hpl/core/hpl_core_m0plus_base.o
 .debug_abbrev  0x00001e75      0x1cc hpl/core/hpl_init.o
 .debug_abbrev  0x00002041      0x1c3 hpl/gclk/hpl_gclk.o
 .debug_abbrev  0x00002204      0x211 hpl/pm/hpl_pm.o
 .debug_abbrev  0x00002415      0x5bf hpl/sercom/hpl_sercom.o
 .debug_abbrev  0x000029d4      0x1fb hpl/sysctrl/hpl_sysctrl.o
 .debug_abbrev  0x00002bcf      0x416 main.o

.debug_loc      0x00000000     0xde63
 .debug_loc     0x00000000     0x216c 25lcxx_drivers/25LCxx_driver.o
 .debug_loc     0x0000216c      0x8a0 25lcxx_drivers/25LCxx_driver_basic.o
 .debug_loc     0x00002a0c      0x1e2 25lcxx_drivers/25LCxx_driver_interface.o
 .debug_loc     0x00002bee       0x20 atmel_start.o
 .debug_loc     0x00002c0e       0x78 Device_Startup/startup_samd21.o
 .debug_loc     0x00002c86      0xb3c driver_init.o
 .debug_loc     0x000037c2       0x13 hal/src/hal_atomic.o
 .debug_loc     0x000037d5       0xc3 hal/src/hal_delay.o
 .debug_loc     0x00003898      0x1b6 hal/src/hal_io.o
 .debug_loc     0x00003a4e      0x728 hal/src/hal_spi_m_sync.o
 .debug_loc     0x00004176      0xf92 hal/src/hal_usart_async.o
 .debug_loc     0x00005108      0x2d1 hal/utils/src/utils_ringbuffer.o
 .debug_loc     0x000053d9      0x13b hal/utils/src/utils_syscalls.o
 .debug_loc     0x00005514      0x2a1 hpl/core/hpl_core_m0plus_base.o
 .debug_loc     0x000057b5       0x4c hpl/core/hpl_init.o
 .debug_loc     0x00005801       0xa3 hpl/gclk/hpl_gclk.o
 .debug_loc     0x000058a4      0x11b hpl/pm/hpl_pm.o
 .debug_loc     0x000059bf     0x8011 hpl/sercom/hpl_sercom.o
 .debug_loc     0x0000d9d0      0x153 hpl/sysctrl/hpl_sysctrl.o
 .debug_loc     0x0000db23      0x340 main.o

.debug_aranges  0x00000000      0xbe8
 .debug_aranges
                0x00000000      0x110 25lcxx_drivers/25LCxx_driver.o
 .debug_aranges
                0x00000110       0xa8 25lcxx_drivers/25LCxx_driver_basic.o
 .debug_aranges
                0x000001b8       0x58 25lcxx_drivers/25LCxx_driver_interface.o
 .debug_aranges
                0x00000210       0x20 atmel_start.o
 .debug_aranges
                0x00000230       0x28 Device_Startup/startup_samd21.o
 .debug_aranges
                0x00000258       0x50 driver_init.o
 .debug_aranges
                0x000002a8       0x30 hal/src/hal_atomic.o
 .debug_aranges
                0x000002d8       0x38 hal/src/hal_delay.o
 .debug_aranges
                0x00000310       0x30 hal/src/hal_io.o
 .debug_aranges
                0x00000340       0x88 hal/src/hal_spi_m_sync.o
 .debug_aranges
                0x000003c8       0xe0 hal/src/hal_usart_async.o
 .debug_aranges
                0x000004a8       0x20 hal/utils/src/utils_assert.o
 .debug_aranges
                0x000004c8       0x40 hal/utils/src/utils_ringbuffer.o
 .debug_aranges
                0x00000508       0x60 hal/utils/src/utils_syscalls.o
 .debug_aranges
                0x00000568       0x80 hpl/core/hpl_core_m0plus_base.o
 .debug_aranges
                0x000005e8       0x20 hpl/core/hpl_init.o
 .debug_aranges
                0x00000608       0x28 hpl/gclk/hpl_gclk.o
 .debug_aranges
                0x00000630       0x30 hpl/pm/hpl_pm.o
 .debug_aranges
                0x00000660      0x520 hpl/sercom/hpl_sercom.o
 .debug_aranges
                0x00000b80       0x28 hpl/sysctrl/hpl_sysctrl.o
 .debug_aranges
                0x00000ba8       0x40 main.o

.debug_ranges   0x00000000      0xca0
 .debug_ranges  0x00000000      0x120 25lcxx_drivers/25LCxx_driver.o
 .debug_ranges  0x00000120       0x98 25lcxx_drivers/25LCxx_driver_basic.o
 .debug_ranges  0x000001b8       0x48 25lcxx_drivers/25LCxx_driver_interface.o
 .debug_ranges  0x00000200       0x10 atmel_start.o
 .debug_ranges  0x00000210       0x18 Device_Startup/startup_samd21.o
 .debug_ranges  0x00000228       0x40 driver_init.o
 .debug_ranges  0x00000268       0x20 hal/src/hal_atomic.o
 .debug_ranges  0x00000288       0x28 hal/src/hal_delay.o
 .debug_ranges  0x000002b0       0x20 hal/src/hal_io.o
 .debug_ranges  0x000002d0       0x78 hal/src/hal_spi_m_sync.o
 .debug_ranges  0x00000348       0xd0 hal/src/hal_usart_async.o
 .debug_ranges  0x00000418       0x10 hal/utils/src/utils_assert.o
 .debug_ranges  0x00000428       0x30 hal/utils/src/utils_ringbuffer.o
 .debug_ranges  0x00000458       0x50 hal/utils/src/utils_syscalls.o
 .debug_ranges  0x000004a8       0x70 hpl/core/hpl_core_m0plus_base.o
 .debug_ranges  0x00000518       0x10 hpl/core/hpl_init.o
 .debug_ranges  0x00000528       0x18 hpl/gclk/hpl_gclk.o
 .debug_ranges  0x00000540       0x20 hpl/pm/hpl_pm.o
 .debug_ranges  0x00000560      0x6e0 hpl/sercom/hpl_sercom.o
 .debug_ranges  0x00000c40       0x18 hpl/sysctrl/hpl_sysctrl.o
 .debug_ranges  0x00000c58       0x48 main.o

.debug_macro    0x00000000    0x19213
 .debug_macro   0x00000000      0x270 25lcxx_drivers/25LCxx_driver.o
 .debug_macro   0x00000270      0x89e 25lcxx_drivers/25LCxx_driver.o
 .debug_macro   0x00000b0e       0x22 25lcxx_drivers/25LCxx_driver.o
 .debug_macro   0x00000b30       0x52 25lcxx_drivers/25LCxx_driver.o
 .debug_macro   0x00000b82       0x8d 25lcxx_drivers/25LCxx_driver.o
 .debug_macro   0x00000c0f       0x35 25lcxx_drivers/25LCxx_driver.o
 .debug_macro   0x00000c44       0x9c 25lcxx_drivers/25LCxx_driver.o
 .debug_macro   0x00000ce0       0x16 25lcxx_drivers/25LCxx_driver.o
 .debug_macro   0x00000cf6       0x57 25lcxx_drivers/25LCxx_driver.o
 .debug_macro   0x00000d4d       0x97 25lcxx_drivers/25LCxx_driver.o
 .debug_macro   0x00000de4      0x353 25lcxx_drivers/25LCxx_driver.o
 .debug_macro   0x00001137       0xf6 25lcxx_drivers/25LCxx_driver.o
 .debug_macro   0x0000122d       0x10 25lcxx_drivers/25LCxx_driver.o
 .debug_macro   0x0000123d       0x58 25lcxx_drivers/25LCxx_driver.o
 .debug_macro   0x00001295       0x1f 25lcxx_drivers/25LCxx_driver.o
 .debug_macro   0x000012b4       0x43 25lcxx_drivers/25LCxx_driver.o
 .debug_macro   0x000012f7       0x20 25lcxx_drivers/25LCxx_driver.o
 .debug_macro   0x00001317      0x187 25lcxx_drivers/25LCxx_driver.o
 .debug_macro   0x0000149e       0x10 25lcxx_drivers/25LCxx_driver.o
 .debug_macro   0x000014ae       0x6a 25lcxx_drivers/25LCxx_driver.o
 .debug_macro   0x00001518       0x1c 25lcxx_drivers/25LCxx_driver.o
 .debug_macro   0x00001534       0x52 25lcxx_drivers/25LCxx_driver.o
 .debug_macro   0x00001586       0x40 25lcxx_drivers/25LCxx_driver.o
 .debug_macro   0x000015c6       0x10 25lcxx_drivers/25LCxx_driver.o
 .debug_macro   0x000015d6       0x40 25lcxx_drivers/25LCxx_driver.o
 .debug_macro   0x00001616       0xd7 25lcxx_drivers/25LCxx_driver.o
 .debug_macro   0x000016ed       0x16 25lcxx_drivers/25LCxx_driver.o
 .debug_macro   0x00001703      0x18b 25lcxx_drivers/25LCxx_driver.o
 .debug_macro   0x0000188e       0x16 25lcxx_drivers/25LCxx_driver.o
 .debug_macro   0x000018a4       0x35 25lcxx_drivers/25LCxx_driver.o
 .debug_macro   0x000018d9       0x16 25lcxx_drivers/25LCxx_driver.o
 .debug_macro   0x000018ef       0x29 25lcxx_drivers/25LCxx_driver.o
 .debug_macro   0x00001918       0x16 25lcxx_drivers/25LCxx_driver.o
 .debug_macro   0x0000192e       0xef 25lcxx_drivers/25LCxx_driver.o
 .debug_macro   0x00001a1d      0x1df 25lcxx_drivers/25LCxx_driver.o
 .debug_macro   0x00001bfc       0x22 25lcxx_drivers/25LCxx_driver.o
 .debug_macro   0x00001c1e       0x4c 25lcxx_drivers/25LCxx_driver.o
 .debug_macro   0x00001c6a      0x1e1 25lcxx_drivers/25LCxx_driver.o
 .debug_macro   0x00001e4b       0xbb 25lcxx_drivers/25LCxx_driver.o
 .debug_macro   0x00001f06      0x248 25lcxx_drivers/25LCxx_driver_basic.o
 .debug_macro   0x0000214e      0x23e 25lcxx_drivers/25LCxx_driver_interface.o
 .debug_macro   0x0000238c      0x53f atmel_start.o
 .debug_macro   0x000028cb      0x16d atmel_start.o
 .debug_macro   0x00002a38       0x87 atmel_start.o
 .debug_macro   0x00002abf       0x51 atmel_start.o
 .debug_macro   0x00002b10       0x3f atmel_start.o
 .debug_macro   0x00002b4f       0x1c atmel_start.o
 .debug_macro   0x00002b6b       0x22 atmel_start.o
 .debug_macro   0x00002b8d       0xb5 atmel_start.o
 .debug_macro   0x00002c42      0x3ad atmel_start.o
 .debug_macro   0x00002fef      0x67e atmel_start.o
 .debug_macro   0x0000366d      0x8b1 atmel_start.o
 .debug_macro   0x00003f1e      0x22e atmel_start.o
 .debug_macro   0x0000414c      0xd5c atmel_start.o
 .debug_macro   0x00004ea8      0x4dc atmel_start.o
 .debug_macro   0x00005384      0x9f6 atmel_start.o
 .debug_macro   0x00005d7a      0x82b atmel_start.o
 .debug_macro   0x000065a5      0x45f atmel_start.o
 .debug_macro   0x00006a04       0x5e atmel_start.o
 .debug_macro   0x00006a62      0x8f9 atmel_start.o
 .debug_macro   0x0000735b      0x21c atmel_start.o
 .debug_macro   0x00007577      0x735 atmel_start.o
 .debug_macro   0x00007cac       0x5e atmel_start.o
 .debug_macro   0x00007d0a      0x632 atmel_start.o
 .debug_macro   0x0000833c      0x3ac atmel_start.o
 .debug_macro   0x000086e8      0xc76 atmel_start.o
 .debug_macro   0x0000935e     0x1092 atmel_start.o
 .debug_macro   0x0000a3f0      0xc4a atmel_start.o
 .debug_macro   0x0000b03a      0x6ba atmel_start.o
 .debug_macro   0x0000b6f4     0x1b3d atmel_start.o
 .debug_macro   0x0000d231     0x143c atmel_start.o
 .debug_macro   0x0000e66d      0x340 atmel_start.o
 .debug_macro   0x0000e9ad       0x7c atmel_start.o
 .debug_macro   0x0000ea29       0xa0 atmel_start.o
 .debug_macro   0x0000eac9       0x4c atmel_start.o
 .debug_macro   0x0000eb15       0xca atmel_start.o
 .debug_macro   0x0000ebdf       0x94 atmel_start.o
 .debug_macro   0x0000ec73       0x58 atmel_start.o
 .debug_macro   0x0000eccb      0x341 atmel_start.o
 .debug_macro   0x0000f00c       0x82 atmel_start.o
 .debug_macro   0x0000f08e      0x189 atmel_start.o
 .debug_macro   0x0000f217       0xb8 atmel_start.o
 .debug_macro   0x0000f2cf       0xa0 atmel_start.o
 .debug_macro   0x0000f36f       0xb2 atmel_start.o
 .debug_macro   0x0000f421       0x1c atmel_start.o
 .debug_macro   0x0000f43d       0x1c atmel_start.o
 .debug_macro   0x0000f459       0x1c atmel_start.o
 .debug_macro   0x0000f475       0x7c atmel_start.o
 .debug_macro   0x0000f4f1      0x15a atmel_start.o
 .debug_macro   0x0000f64b       0x10 atmel_start.o
 .debug_macro   0x0000f65b       0xdc atmel_start.o
 .debug_macro   0x0000f737      0x124 atmel_start.o
 .debug_macro   0x0000f85b      0x124 atmel_start.o
 .debug_macro   0x0000f97f      0x124 atmel_start.o
 .debug_macro   0x0000faa3      0x124 atmel_start.o
 .debug_macro   0x0000fbc7      0x124 atmel_start.o
 .debug_macro   0x0000fceb      0x124 atmel_start.o
 .debug_macro   0x0000fe0f      0x124 atmel_start.o
 .debug_macro   0x0000ff33       0xe2 atmel_start.o
 .debug_macro   0x00010015       0xe2 atmel_start.o
 .debug_macro   0x000100f7       0xe2 atmel_start.o
 .debug_macro   0x000101d9      0x12a atmel_start.o
 .debug_macro   0x00010303      0x100 atmel_start.o
 .debug_macro   0x00010403       0xf4 atmel_start.o
 .debug_macro   0x000104f7      0x40f atmel_start.o
 .debug_macro   0x00010906       0x40 atmel_start.o
 .debug_macro   0x00010946      0x376 atmel_start.o
 .debug_macro   0x00010cbc     0x17df atmel_start.o
 .debug_macro   0x0001249b       0x6d atmel_start.o
 .debug_macro   0x00012508       0x10 atmel_start.o
 .debug_macro   0x00012518       0x10 atmel_start.o
 .debug_macro   0x00012528       0x16 atmel_start.o
 .debug_macro   0x0001253e       0x16 atmel_start.o
 .debug_macro   0x00012554       0x16 atmel_start.o
 .debug_macro   0x0001256a       0x16 atmel_start.o
 .debug_macro   0x00012580       0x16 atmel_start.o
 .debug_macro   0x00012596       0x16 atmel_start.o
 .debug_macro   0x000125ac       0x16 atmel_start.o
 .debug_macro   0x000125c2       0x16 atmel_start.o
 .debug_macro   0x000125d8       0x16 atmel_start.o
 .debug_macro   0x000125ee       0x16 atmel_start.o
 .debug_macro   0x00012604       0x16 atmel_start.o
 .debug_macro   0x0001261a       0x16 atmel_start.o
 .debug_macro   0x00012630       0x16 atmel_start.o
 .debug_macro   0x00012646       0x16 atmel_start.o
 .debug_macro   0x0001265c      0x4c3 atmel_start.o
 .debug_macro   0x00012b1f       0x94 atmel_start.o
 .debug_macro   0x00012bb3       0x16 atmel_start.o
 .debug_macro   0x00012bc9       0x6a atmel_start.o
 .debug_macro   0x00012c33      0x28c atmel_start.o
 .debug_macro   0x00012ebf      0x4d8 atmel_start.o
 .debug_macro   0x00013397       0x16 atmel_start.o
 .debug_macro   0x000133ad       0xca atmel_start.o
 .debug_macro   0x00013477       0x1c atmel_start.o
 .debug_macro   0x00013493       0x16 atmel_start.o
 .debug_macro   0x000134a9       0x5e atmel_start.o
 .debug_macro   0x00013507       0xc9 atmel_start.o
 .debug_macro   0x000135d0      0x2fc Device_Startup/startup_samd21.o
 .debug_macro   0x000138cc       0x39 Device_Startup/startup_samd21.o
 .debug_macro   0x00013905      0x55a driver_init.o
 .debug_macro   0x00013e5f       0x42 driver_init.o
 .debug_macro   0x00013ea1      0x42a hal/src/hal_atomic.o
 .debug_macro   0x000142cb      0x45c hal/src/hal_delay.o
 .debug_macro   0x00014727      0x43d hal/src/hal_io.o
 .debug_macro   0x00014b64      0x480 hal/src/hal_spi_m_sync.o
 .debug_macro   0x00014fe4      0x486 hal/src/hal_usart_async.o
 .debug_macro   0x0001546a      0x433 hal/utils/src/utils_assert.o
 .debug_macro   0x0001589d       0x10 hal/utils/src/utils_assert.o
 .debug_macro   0x000158ad      0x437 hal/utils/src/utils_ringbuffer.o
 .debug_macro   0x00015ce4      0x1d6 hal/utils/src/utils_syscalls.o
 .debug_macro   0x00015eba       0x16 hal/utils/src/utils_syscalls.o
 .debug_macro   0x00015ed0       0x10 hal/utils/src/utils_syscalls.o
 .debug_macro   0x00015ee0       0x10 hal/utils/src/utils_syscalls.o
 .debug_macro   0x00015ef0       0x35 hal/utils/src/utils_syscalls.o
 .debug_macro   0x00015f25      0x122 hal/utils/src/utils_syscalls.o
 .debug_macro   0x00016047      0x481 hpl/core/hpl_core_m0plus_base.o
 .debug_macro   0x000164c8      0x4a4 hpl/core/hpl_init.o
 .debug_macro   0x0001696c       0x2e hpl/core/hpl_init.o
 .debug_macro   0x0001699a      0x6ec hpl/core/hpl_init.o
 .debug_macro   0x00017086      0x446 hpl/gclk/hpl_gclk.o
 .debug_macro   0x000174cc      0x1f3 hpl/gclk/hpl_gclk.o
 .debug_macro   0x000176bf      0x469 hpl/pm/hpl_pm.o
 .debug_macro   0x00017b28      0x66b hpl/sercom/hpl_sercom.o
 .debug_macro   0x00018193       0x70 hpl/sercom/hpl_sercom.o
 .debug_macro   0x00018203      0x158 hpl/sercom/hpl_sercom.o
 .debug_macro   0x0001835b       0x10 hpl/sercom/hpl_sercom.o
 .debug_macro   0x0001836b       0x1c hpl/sercom/hpl_sercom.o
 .debug_macro   0x00018387       0x22 hpl/sercom/hpl_sercom.o
 .debug_macro   0x000183a9       0x10 hpl/sercom/hpl_sercom.o
 .debug_macro   0x000183b9      0x440 hpl/sysctrl/hpl_sysctrl.o
 .debug_macro   0x000187f9      0x2da hpl/sysctrl/hpl_sysctrl.o
 .debug_macro   0x00018ad3      0x740 main.o

.debug_line     0x00000000     0xe616
 .debug_line    0x00000000      0x96b 25lcxx_drivers/25LCxx_driver.o
 .debug_line    0x0000096b      0x5fd 25lcxx_drivers/25LCxx_driver_basic.o
 .debug_line    0x00000f68      0x490 25lcxx_drivers/25LCxx_driver_interface.o
 .debug_line    0x000013f8      0xabc atmel_start.o
 .debug_line    0x00001eb4      0x6fa Device_Startup/startup_samd21.o
 .debug_line    0x000025ae      0xc3a driver_init.o
 .debug_line    0x000031e8      0x974 hal/src/hal_atomic.o
 .debug_line    0x00003b5c      0x99f hal/src/hal_delay.o
 .debug_line    0x000044fb      0x98c hal/src/hal_io.o
 .debug_line    0x00004e87      0xaf2 hal/src/hal_spi_m_sync.o
 .debug_line    0x00005979      0xc4c hal/src/hal_usart_async.o
 .debug_line    0x000065c5      0x93e hal/utils/src/utils_assert.o
 .debug_line    0x00006f03      0x9dd hal/utils/src/utils_ringbuffer.o
 .debug_line    0x000078e0      0x40b hal/utils/src/utils_syscalls.o
 .debug_line    0x00007ceb      0xb12 hpl/core/hpl_core_m0plus_base.o
 .debug_line    0x000087fd      0xa1e hpl/core/hpl_init.o
 .debug_line    0x0000921b      0x998 hpl/gclk/hpl_gclk.o
 .debug_line    0x00009bb3      0x9e4 hpl/pm/hpl_pm.o
 .debug_line    0x0000a597     0x2999 hpl/sercom/hpl_sercom.o
 .debug_line    0x0000cf30      0x9c9 hpl/sysctrl/hpl_sysctrl.o
 .debug_line    0x0000d8f9      0xd1d main.o

.debug_str      0x00000000    0x871b4
 .debug_str     0x00000000     0x8adb 25lcxx_drivers/25LCxx_driver.o
                               0x8e53 (size before relaxing)
 .debug_str     0x00008adb      0x361 25lcxx_drivers/25LCxx_driver_basic.o
                               0x8d5a (size before relaxing)
 .debug_str     0x00008e3c      0x149 25lcxx_drivers/25LCxx_driver_interface.o
                               0x8775 (size before relaxing)
 .debug_str     0x00008f85    0x72dab atmel_start.o
                              0x767a1 (size before relaxing)
 .debug_str     0x0007bd30     0x10b0 Device_Startup/startup_samd21.o
                              0x6e20a (size before relaxing)
 .debug_str     0x0007cde0     0x12a0 driver_init.o
                              0x78864 (size before relaxing)
 .debug_str     0x0007e080       0x9c hal/src/hal_atomic.o
                              0x75cca (size before relaxing)
 .debug_str     0x0007e11c       0x92 hal/src/hal_delay.o
                              0x75d34 (size before relaxing)
 .debug_str     0x0007e1ae       0x33 hal/src/hal_io.o
                              0x75d77 (size before relaxing)
 .debug_str     0x0007e1e1      0x2ef hal/src/hal_spi_m_sync.o
                              0x76664 (size before relaxing)
 .debug_str     0x0007e4d0      0x69d hal/src/hal_usart_async.o
                              0x76be1 (size before relaxing)
 .debug_str     0x0007eb6d       0x2a hal/utils/src/utils_assert.o
                              0x75cda (size before relaxing)
 .debug_str     0x0007eb97       0x24 hal/utils/src/utils_ringbuffer.o
                              0x75d80 (size before relaxing)
 .debug_str     0x0007ebbb      0x692 hal/utils/src/utils_syscalls.o
                               0x731c (size before relaxing)
 .debug_str     0x0007f24d      0x2f7 hpl/core/hpl_core_m0plus_base.o
                              0x76781 (size before relaxing)
 .debug_str     0x0007f544     0x17d7 hpl/core/hpl_init.o
                              0x778d0 (size before relaxing)
 .debug_str     0x00080d1b      0x84a hpl/gclk/hpl_gclk.o
                              0x765f2 (size before relaxing)
 .debug_str     0x00081565      0x194 hpl/pm/hpl_pm.o
                              0x7642f (size before relaxing)
 .debug_str     0x000816f9     0x47f5 hpl/sercom/hpl_sercom.o
                              0x7bd25 (size before relaxing)
 .debug_str     0x00085eee     0x11da hpl/sysctrl/hpl_sysctrl.o
                              0x76fa9 (size before relaxing)
 .debug_str     0x000870c8       0xec main.o
                              0x7bce7 (size before relaxing)

.debug_frame    0x00000000     0x2da0
 .debug_frame   0x00000000      0x3b8 25lcxx_drivers/25LCxx_driver.o
 .debug_frame   0x000003b8      0x1ec 25lcxx_drivers/25LCxx_driver_basic.o